Archive member included to satisfy reference by file (symbol)

C:/tools/MCUXpressoIDE_24.12.148/ide/plugins/com.nxp.mcuxpresso.tools.win32_24.12.0.202407110909/tools/bin/../lib/gcc/arm-none-eabi/13.2.1/thumb/v6-m/nofp\libgcc.a(_udivsi3.o)
                              ./src/freertos/src/port.o (__aeabi_uidiv)
C:/tools/MCUXpressoIDE_24.12.148/ide/plugins/com.nxp.mcuxpresso.tools.win32_24.12.0.202407110909/tools/bin/../lib/gcc/arm-none-eabi/13.2.1/thumb/v6-m/nofp\libgcc.a(_dvmd_tls.o)
                              C:/tools/MCUXpressoIDE_24.12.148/ide/plugins/com.nxp.mcuxpresso.tools.win32_24.12.0.202407110909/tools/bin/../lib/gcc/arm-none-eabi/13.2.1/thumb/v6-m/nofp\libgcc.a(_udivsi3.o) (__aeabi_idiv0)
C:/tools/MCUXpressoIDE_24.12.148/ide/plugins/com.nxp.mcuxpresso.tools.win32_24.12.0.202407110909/tools/bin/../lib/gcc/arm-none-eabi/13.2.1/thumb/v6-m/nofp\libc.a(libc_a-sprintf.o)
                              ./src/freertos/src/tasks.o (sprintf)
C:/tools/MCUXpressoIDE_24.12.148/ide/plugins/com.nxp.mcuxpresso.tools.win32_24.12.0.202407110909/tools/bin/../lib/gcc/arm-none-eabi/13.2.1/thumb/v6-m/nofp\libc.a(libc_a-memcmp.o)
                              ./src/freertos/src/tasks.o (memcmp)
C:/tools/MCUXpressoIDE_24.12.148/ide/plugins/com.nxp.mcuxpresso.tools.win32_24.12.0.202407110909/tools/bin/../lib/gcc/arm-none-eabi/13.2.1/thumb/v6-m/nofp\libc.a(libc_a-memset.o)
                              ./src/freertos/src/tasks.o (memset)
C:/tools/MCUXpressoIDE_24.12.148/ide/plugins/com.nxp.mcuxpresso.tools.win32_24.12.0.202407110909/tools/bin/../lib/gcc/arm-none-eabi/13.2.1/thumb/v6-m/nofp\libc.a(libc_a-strcat.o)
                              ./src/freertos/src/tasks.o (strcat)
C:/tools/MCUXpressoIDE_24.12.148/ide/plugins/com.nxp.mcuxpresso.tools.win32_24.12.0.202407110909/tools/bin/../lib/gcc/arm-none-eabi/13.2.1/thumb/v6-m/nofp\libc.a(libc_a-strncpy.o)
                              ./src/freertos/src/tasks.o (strncpy)
C:/tools/MCUXpressoIDE_24.12.148/ide/plugins/com.nxp.mcuxpresso.tools.win32_24.12.0.202407110909/tools/bin/../lib/gcc/arm-none-eabi/13.2.1/thumb/v6-m/nofp\libc.a(libc_a-impure.o)
                              C:/tools/MCUXpressoIDE_24.12.148/ide/plugins/com.nxp.mcuxpresso.tools.win32_24.12.0.202407110909/tools/bin/../lib/gcc/arm-none-eabi/13.2.1/thumb/v6-m/nofp\libc.a(libc_a-sprintf.o) (_impure_ptr)
C:/tools/MCUXpressoIDE_24.12.148/ide/plugins/com.nxp.mcuxpresso.tools.win32_24.12.0.202407110909/tools/bin/../lib/gcc/arm-none-eabi/13.2.1/thumb/v6-m/nofp\libc.a(libc_a-strcpy.o)
                              C:/tools/MCUXpressoIDE_24.12.148/ide/plugins/com.nxp.mcuxpresso.tools.win32_24.12.0.202407110909/tools/bin/../lib/gcc/arm-none-eabi/13.2.1/thumb/v6-m/nofp\libc.a(libc_a-strcat.o) (strcpy)
C:/tools/MCUXpressoIDE_24.12.148/ide/plugins/com.nxp.mcuxpresso.tools.win32_24.12.0.202407110909/tools/bin/../lib/gcc/arm-none-eabi/13.2.1/thumb/v6-m/nofp\libc.a(libc_a-memcpy-stub.o)
                              ./src/freertos/src/queue.o (memcpy)
C:/tools/MCUXpressoIDE_24.12.148/ide/plugins/com.nxp.mcuxpresso.tools.win32_24.12.0.202407110909/tools/bin/../lib/gcc/arm-none-eabi/13.2.1/thumb/v6-m/nofp\libc.a(libc_a-svfprintf.o)
                              C:/tools/MCUXpressoIDE_24.12.148/ide/plugins/com.nxp.mcuxpresso.tools.win32_24.12.0.202407110909/tools/bin/../lib/gcc/arm-none-eabi/13.2.1/thumb/v6-m/nofp\libc.a(libc_a-sprintf.o) (_svfprintf_r)
C:/tools/MCUXpressoIDE_24.12.148/ide/plugins/com.nxp.mcuxpresso.tools.win32_24.12.0.202407110909/tools/bin/../lib/gcc/arm-none-eabi/13.2.1/thumb/v6-m/nofp\libc.a(libc_a-findfp.o)
                              C:/tools/MCUXpressoIDE_24.12.148/ide/plugins/com.nxp.mcuxpresso.tools.win32_24.12.0.202407110909/tools/bin/../lib/gcc/arm-none-eabi/13.2.1/thumb/v6-m/nofp\libc.a(libc_a-impure.o) (__sf)
C:/tools/MCUXpressoIDE_24.12.148/ide/plugins/com.nxp.mcuxpresso.tools.win32_24.12.0.202407110909/tools/bin/../lib/gcc/arm-none-eabi/13.2.1/thumb/v6-m/nofp\libc.a(libc_a-fwalk.o)
                              C:/tools/MCUXpressoIDE_24.12.148/ide/plugins/com.nxp.mcuxpresso.tools.win32_24.12.0.202407110909/tools/bin/../lib/gcc/arm-none-eabi/13.2.1/thumb/v6-m/nofp\libc.a(libc_a-findfp.o) (_fwalk_sglue)
C:/tools/MCUXpressoIDE_24.12.148/ide/plugins/com.nxp.mcuxpresso.tools.win32_24.12.0.202407110909/tools/bin/../lib/gcc/arm-none-eabi/13.2.1/thumb/v6-m/nofp\libc.a(libc_a-stdio.o)
                              C:/tools/MCUXpressoIDE_24.12.148/ide/plugins/com.nxp.mcuxpresso.tools.win32_24.12.0.202407110909/tools/bin/../lib/gcc/arm-none-eabi/13.2.1/thumb/v6-m/nofp\libc.a(libc_a-findfp.o) (__sread)
C:/tools/MCUXpressoIDE_24.12.148/ide/plugins/com.nxp.mcuxpresso.tools.win32_24.12.0.202407110909/tools/bin/../lib/gcc/arm-none-eabi/13.2.1/thumb/v6-m/nofp\libc.a(libc_a-locale.o)
                              C:/tools/MCUXpressoIDE_24.12.148/ide/plugins/com.nxp.mcuxpresso.tools.win32_24.12.0.202407110909/tools/bin/../lib/gcc/arm-none-eabi/13.2.1/thumb/v6-m/nofp\libc.a(libc_a-svfprintf.o) (__global_locale)
[...]
Memory Configuration

Name             Origin             Length             Attributes
MFlash32         0x00000000         0x00008000         xr
RamLoc6          0x10000000         0x00001800         xrw
RamUsb2          0x20004000         0x00000800         xrw
*default*        0x00000000         0xffffffff

Linker script and memory map

LOAD ./src/freertos/src/FreeRTOSCommonHooks.o
LOAD ./src/freertos/src/croutine.o
LOAD ./src/freertos/src/heap_1.o
LOAD ./src/freertos/src/list.o
LOAD ./src/freertos/src/port.o
LOAD ./src/freertos/src/queue.o
LOAD ./src/freertos/src/tasks.o
LOAD ./src/freertos/src/timers.o
LOAD ./src/board/src/board.o
LOAD ./src/board/src/board_sysinit.o
LOAD ./src/chip_11xx.o
LOAD ./src/clock_11xx.o
LOAD ./src/cr_startup_lpc11xx.o
LOAD ./src/freertos_blinky.o
LOAD ./src/glcd.o
LOAD ./src/gpio_11xx_1.o
LOAD ./src/i2c_11xx.o
LOAD ./src/iocon_11xx.o
LOAD ./src/premain.o
LOAD ./src/privgpio.o
LOAD ./src/sysctl_11xx.o
LOAD ./src/sysinit.o
LOAD ../CMSISv2p00/Debug/libCMSISv2p00_LPC11Uxx.a
LOAD ../lpc_chip_11uxx_lib/libs/libusbd_11uxx_lib.a
START GROUP
LOAD C:/tools/MCUXpressoIDE_24.12.148/ide/plugins/com.nxp.mcuxpresso.tools.win32_24.12.0.202407110909/tools/bin/../lib/gcc/arm-none-eabi/13.2.1/thumb/v6-m/nofp\libgcc.a
LOAD C:/tools/MCUXpressoIDE_24.12.148/ide/plugins/com.nxp.mcuxpresso.tools.win32_24.12.0.202407110909/tools/bin/../lib/gcc/arm-none-eabi/13.2.1/thumb/v6-m/nofp\libc.a
LOAD C:/tools/MCUXpressoIDE_24.12.148/ide/plugins/com.nxp.mcuxpresso.tools.win32_24.12.0.202407110909/tools/bin/../lib/gcc/arm-none-eabi/13.2.1/thumb/v6-m/nofp\libm.a
LOAD C:/tools/MCUXpressoIDE_24.12.148/ide/plugins/com.nxp.mcuxpresso.tools.win32_24.12.0.202407110909/tools/bin/../lib/gcc/arm-none-eabi/13.2.1/../../../../arm-none-eabi/lib/thumb/v6-m/nofp\libcr_newlib_none.a
END GROUP
                0x00000000                        __base_MFlash32 = 0x0
                0x00000000                        __base_Flash = 0x0
                0x00008000                        __top_MFlash32 = 0x8000
                0x00008000                        __top_Flash = 0x8000
                0x10000000                        __base_RamLoc6 = 0x10000000
                0x10000000                        __base_RAM = 0x10000000
                0x10001800                        __top_RamLoc6 = 0x10001800
                0x10001800                        __top_RAM = 0x10001800
                0x20004000                        __base_RamUsb2 = 0x20004000
                0x20004000                        __base_RAM2 = 0x20004000
                0x20004800                        __top_RamUsb2 = 0x20004800
                0x20004800                        __top_RAM2 = 0x20004800

.text           0x00000000     0x1994
 FILL mask 0xff
                0x00000000                        __vectors_start__ = ABSOLUTE (.)
 *(.isr_vector)
 .isr_vector    0x00000000       0xc0 ./src/cr_startup_lpc11xx.o
                0x00000000                g_pfnVectors
                0x000000c0                        . = ALIGN (0x4)
                0x000000c0                        __section_table_start = .
                0x000000c0                        __data_section_table = .
                0x000000c0        0x4 LONG 0x1994 LOADADDR (.data)
                0x000000c4        0x4 LONG 0x10000000 ADDR (.data)
                0x000000c8        0x4 LONG 0x8 SIZEOF (.data)
                0x000000cc        0x4 LONG 0x1994 LOADADDR (.data_RAM2)
                0x000000d0        0x4 LONG 0x20004000 ADDR (.data_RAM2)
                0x000000d4        0x4 LONG 0x0 SIZEOF (.data_RAM2)
                0x000000d8                        __data_section_table_end = .
                0x000000d8                        __bss_section_table = .
                0x000000d8        0x4 LONG 0x10000008 ADDR (.bss)
                0x000000dc        0x4 LONG 0x748 SIZEOF (.bss)
                0x000000e0        0x4 LONG 0x20004000 ADDR (.bss_RAM2)
                0x000000e4        0x4 LONG 0x0 SIZEOF (.bss_RAM2)
                0x000000e8                        __bss_section_table_end = .
                0x000000e8                        __section_table_end = .
 *(.after_vectors*)
 .after_vectors
                0x000000e8      0x128 ./src/cr_startup_lpc11xx.o
                0x000000e8                data_init
                0x0000012a                bss_init
                0x00000160                ResetISR
                0x000001e0                NMI_Handler
                0x000001e8                HardFault_Handler
                0x00000208                FLEX_INT7_IRQHandler
                0x00000208                TIMER32_0_IRQHandler
                0x00000208                UART_IRQHandler
                0x00000208                FLEX_INT1_IRQHandler
                0x00000208                IntDefaultHandler
                0x00000208                SSP0_IRQHandler
                0x00000208                USBWakeup_IRQHandler
                0x00000208                TIMER32_1_IRQHandler
                0x00000208                FLEX_INT0_IRQHandler
                0x00000208                FLEX_INT2_IRQHandler
                0x00000208                TIMER16_1_IRQHandler
                0x00000208                USB_FIQHandler
                0x00000208                FLEX_INT5_IRQHandler
                0x00000208                ADC_IRQHandler
                0x00000208                SSP1_IRQHandler
                0x00000208                FLEX_INT3_IRQHandler
                0x00000208                USB_IRQHandler
                0x00000208                BOD_IRQHandler
                0x00000208                I2C_IRQHandler
                0x00000208                WDT_IRQHandler
                0x00000208                GINT0_IRQHandler
                0x00000208                FLEX_INT4_IRQHandler
                0x00000208                TIMER16_0_IRQHandler
                0x00000208                FLEX_INT6_IRQHandler
                0x00000208                FMC_IRQHandler
                0x00000208                GINT1_IRQHandler
 *(.text*)
 .text.vApplicationMallocFailedHook
                0x00000210        0xa ./src/freertos/src/FreeRTOSCommonHooks.o
                0x00000210                vApplicationMallocFailedHook
 .text.vApplicationIdleHook
                0x0000021a        0xe ./src/freertos/src/FreeRTOSCommonHooks.o
                0x0000021a                vApplicationIdleHook
 .text.vApplicationStackOverflowHook
                0x00000228       0x10 ./src/freertos/src/FreeRTOSCommonHooks.o
                0x00000228                vApplicationStackOverflowHook
 .text.pvPortMalloc
                0x00000238       0x94 ./src/freertos/src/heap_1.o
                0x00000238                pvPortMalloc
 .text.vPortFree
                0x000002cc       0x1c ./src/freertos/src/heap_1.o
                0x000002cc                vPortFree
 .text.vListInitialise
                0x000002e8       0x3c ./src/freertos/src/list.o
                0x000002e8                vListInitialise
 .text.vListInitialiseItem
                0x00000324       0x16 ./src/freertos/src/list.o
                0x00000324                vListInitialiseItem
 .text.vListInsertEnd
                0x0000033a       0x4c ./src/freertos/src/list.o
                0x0000033a                vListInsertEnd
 .text.vListInsert
                0x00000386       0x6c ./src/freertos/src/list.o
                0x00000386                vListInsert
 .text.uxListRemove
                0x000003f2       0x50 ./src/freertos/src/list.o
                0x000003f2                uxListRemove
 .text.pxPortInitialiseStack
                0x00000442       0x42 ./src/freertos/src/port.o
                0x00000442                pxPortInitialiseStack
 .text.SVC_Handler
                0x00000484       0x2c ./src/freertos/src/port.o
                0x00000484                SVC_Handler
 .text.vPortStartFirstTask
                0x000004b0       0x10 ./src/freertos/src/port.o
 .text.xPortStartScheduler
                0x000004c0       0x40 ./src/freertos/src/port.o
                0x000004c0                xPortStartScheduler
 .text.vPortYield
                0x00000500       0x20 ./src/freertos/src/port.o
                0x00000500                vPortYield
 .text.vPortEnterCritical
                0x00000520       0x24 ./src/freertos/src/port.o
                0x00000520                vPortEnterCritical
 .text.vPortExitCritical
                0x00000544       0x24 ./src/freertos/src/port.o
                0x00000544                vPortExitCritical
 .text.PendSV_Handler
                0x00000568       0x48 ./src/freertos/src/port.o
                0x00000568                PendSV_Handler
 .text.SysTick_Handler
                0x000005b0       0x28 ./src/freertos/src/port.o
                0x000005b0                SysTick_Handler
 .text.prvSetupTimerInterrupt
                0x000005d8       0x34 ./src/freertos/src/port.o
 .text.xTaskGenericCreate
                0x0000060c      0x1a4 ./src/freertos/src/tasks.o
                0x0000060c                xTaskGenericCreate
 .text.vTaskDelay
                0x000007b0       0x58 ./src/freertos/src/tasks.o
                0x000007b0                vTaskDelay
 .text.vTaskStartScheduler
                0x00000808       0x64 ./src/freertos/src/tasks.o
                0x00000808                vTaskStartScheduler
 .text.vTaskSuspendAll
                0x0000086c       0x18 ./src/freertos/src/tasks.o
                0x0000086c                vTaskSuspendAll
 .text.xTaskResumeAll
                0x00000884      0x104 ./src/freertos/src/tasks.o
                0x00000884                xTaskResumeAll
 .text.vTaskIncrementTick
                0x00000988      0x140 ./src/freertos/src/tasks.o
                0x00000988                vTaskIncrementTick
 .text.vTaskSwitchContext
                0x00000ac8       0xe8 ./src/freertos/src/tasks.o
                0x00000ac8                vTaskSwitchContext
 .text.prvIdleTask
                0x00000bb0       0x24 ./src/freertos/src/tasks.o
 .text.prvInitialiseTCBVariables
                0x00000bd4       0x6c ./src/freertos/src/tasks.o
 .text.prvInitialiseTaskLists
                0x00000c40       0x88 ./src/freertos/src/tasks.o
 .text.prvCheckTasksWaitingTermination
                0x00000cc8       0x78 ./src/freertos/src/tasks.o
 .text.prvAddCurrentTaskToDelayedList
                0x00000d40       0x6c ./src/freertos/src/tasks.o
 .text.prvAllocateTCBAndStack
                0x00000dac       0x6c ./src/freertos/src/tasks.o
 .text.prvDeleteTCB
                0x00000e18       0x22 ./src/freertos/src/tasks.o
 .text.Board_Init
                0x00000e3a       0x14 ./src/board/src/board.o
                0x00000e3a                Board_Init
 *fill*         0x00000e4e        0x2 ff
 .text.Chip_FMC_SetFLASHAccess
                0x00000e50       0x30 ./src/board/src/board_sysinit.o
 .text.Chip_Clock_SetupSystemPLL
                0x00000e80       0x38 ./src/board/src/board_sysinit.o
 .text.Chip_Clock_IsSystemPLLLocked
                0x00000eb8       0x1c ./src/board/src/board_sysinit.o
 .text.Chip_Clock_SetupUSBPLL
                0x00000ed4       0x38 ./src/board/src/board_sysinit.o
 .text.Chip_Clock_IsUSBPLLLocked
                0x00000f0c       0x1c ./src/board/src/board_sysinit.o
 .text.Chip_Clock_SetSysClockDiv
                0x00000f28       0x1c ./src/board/src/board_sysinit.o
 .text.Chip_Clock_EnablePeriphClock
                0x00000f44       0x30 ./src/board/src/board_sysinit.o
 .text.SystemSetupClocking
                0x00000f74       0x94 ./src/board/src/board_sysinit.o
 .text.SystemSetupMuxing
                0x00001008       0x5c ./src/board/src/board_sysinit.o
 .text.Board_SystemInit
                0x00001064       0x12 ./src/board/src/board_sysinit.o
                0x00001064                Board_SystemInit
 *fill*         0x00001076        0x2 ff
 .text.SystemCoreClockUpdate
                0x00001078       0x18 ./src/chip_11xx.o
                0x00001078                SystemCoreClockUpdate
 .text.Chip_Clock_SetSystemPLLSource
                0x00001090       0x2c ./src/clock_11xx.o
                0x00001090                Chip_Clock_SetSystemPLLSource
 .text.Chip_Clock_SetUSBPLLSource
                0x000010bc       0x2c ./src/clock_11xx.o
                0x000010bc                Chip_Clock_SetUSBPLLSource
 .text.Chip_Clock_SetMainClockSource
                0x000010e8       0x2c ./src/clock_11xx.o
                0x000010e8                Chip_Clock_SetMainClockSource
 .text.prvSetupHardware
                0x00001114       0x12 ./src/freertos_blinky.o
 .text.vTask0   0x00001126       0x2c ./src/freertos_blinky.o
 .text.vLEDTask1
                0x00001152       0x4a ./src/freertos_blinky.o
 .text.vLEDTask2
                0x0000119c       0x4a ./src/freertos_blinky.o
 *fill*         0x000011e6        0x2 ff
 .text.main     0x000011e8       0x88 ./src/freertos_blinky.o
                0x000011e8                main
 .text.Chip_Clock_EnablePeriphClock
                0x00001270       0x30 ./src/gpio_11xx_1.o
 .text.Chip_GPIO_Init
                0x000012a0       0x16 ./src/gpio_11xx_1.o
                0x000012a0                Chip_GPIO_Init
 .text.Chip_IOCON_PinMuxSet
                0x000012b6       0x4c ./src/iocon_11xx.o
                0x000012b6                Chip_IOCON_PinMuxSet
 *fill*         0x00001302        0x2 ff
 .text.NVIC_SetPriority
                0x00001304       0xdc ./src/premain.o
 .text.SysTick_Config
                0x000013e0       0x48 ./src/premain.o
 .text.Bb_LPC11U24_GPIOInit
                0x00001428       0xc8 ./src/premain.o
                0x00001428                Bb_LPC11U24_GPIOInit
 .text.premain  0x000014f0       0x5c ./src/premain.o
                0x000014f0                premain
 .text.privGPIOSetBitValue
                0x0000154c       0x50 ./src/privgpio.o
                0x0000154c                privGPIOSetBitValue
 .text.GPIOSetDir
                0x0000159c       0x7e ./src/privgpio.o
                0x0000159c                GPIOSetDir
 *fill*         0x0000161a        0x2 ff
 .text.Chip_SYSCTL_PowerDown
                0x0000161c       0x44 ./src/sysctl_11xx.o
                0x0000161c                Chip_SYSCTL_PowerDown
 .text.Chip_SYSCTL_PowerUp
                0x00001660       0x44 ./src/sysctl_11xx.o
                0x00001660                Chip_SYSCTL_PowerUp
 .text.SystemInit
                0x000016a4        0xe ./src/sysinit.o
                0x000016a4                SystemInit
 *fill*         0x000016b2        0x2 ff
 .text          0x000016b4      0x114 C:/tools/MCUXpressoIDE_24.12.148/ide/plugins/com.nxp.mcuxpresso.tools.win32_24.12.0.202407110909/tools/bin/../lib/gcc/arm-none-eabi/13.2.1/thumb/v6-m/nofp\libgcc.a(_udivsi3.o)
                0x000016b4                __aeabi_uidiv
                0x000016b4                __udivsi3
                0x000017c0                __aeabi_uidivmod
 .text          0x000017c8        0x4 C:/tools/MCUXpressoIDE_24.12.148/ide/plugins/com.nxp.mcuxpresso.tools.win32_24.12.0.202407110909/tools/bin/../lib/gcc/arm-none-eabi/13.2.1/thumb/v6-m/nofp\libgcc.a(_dvmd_tls.o)
                0x000017c8                __aeabi_idiv0
                0x000017c8                __aeabi_ldiv0
 .text.memcmp   0x000017cc       0x48 C:/tools/MCUXpressoIDE_24.12.148/ide/plugins/com.nxp.mcuxpresso.tools.win32_24.12.0.202407110909/tools/bin/../lib/gcc/arm-none-eabi/13.2.1/thumb/v6-m/nofp\libc.a(libc_a-memcmp.o)
                0x000017cc                memcmp
 .text.memset   0x00001814       0xa8 C:/tools/MCUXpressoIDE_24.12.148/ide/plugins/com.nxp.mcuxpresso.tools.win32_24.12.0.202407110909/tools/bin/../lib/gcc/arm-none-eabi/13.2.1/thumb/v6-m/nofp\libc.a(libc_a-memset.o)
                0x00001814                memset
 .text.strncpy  0x000018bc       0x60 C:/tools/MCUXpressoIDE_24.12.148/ide/plugins/com.nxp.mcuxpresso.tools.win32_24.12.0.202407110909/tools/bin/../lib/gcc/arm-none-eabi/13.2.1/thumb/v6-m/nofp\libc.a(libc_a-strncpy.o)
                0x000018bc                strncpy
 */tasks.o(.rodata*)
 .rodata.vTaskStartScheduler.str1.4
                0x0000191c       0x3f ./src/freertos/src/tasks.o
                                  0x5 (size before relaxing)
 .rodata.vTaskList.str1.4
                0x0000195b        0x3 ./src/freertos/src/tasks.o
 .rodata.prvListTaskWithinSingleList.str1.4
                0x0000195b       0x12 ./src/freertos/src/tasks.o
 *fill*         0x0000195b        0x1 ff
 .rodata.ucExpectedStackBytes.1
                0x0000195c       0x14 ./src/freertos/src/tasks.o
 *(.rodata .rodata.* .constdata .constdata.*)
 .rodata.pinmuxing
                0x00001970       0x24 ./src/board/src/board_sysinit.o
 .rodata.main.str1.4
                0x00001994       0x1f ./src/freertos_blinky.o
                0x000019b4                        . = ALIGN (0x4)

.glue_7         0x00001994        0x0
 .glue_7        0x00001994        0x0 linker stubs

.glue_7t        0x00001994        0x0
 .glue_7t       0x00001994        0x0 linker stubs

.vfp11_veneer   0x00001994        0x0
 .vfp11_veneer  0x00001994        0x0 linker stubs

.v4_bx          0x00001994        0x0
 .v4_bx         0x00001994        0x0 linker stubs

.iplt           0x00001994        0x0
 .iplt          0x00001994        0x0 ./src/freertos/src/heap_1.o

.rel.dyn        0x00001994        0x0
 .rel.iplt      0x00001994        0x0 ./src/freertos/src/heap_1.o

.ARM.extab
 *(.ARM.extab* .gnu.linkonce.armextab.*)

.ARM.exidx      0x00001994        0x0
                0x00001994                        __exidx_start = .
 *(.ARM.exidx* .gnu.linkonce.armexidx.*)
                0x00001994                        __exidx_end = .
                0x00001994                        _etext = .

.data_RAM2      0x20004000        0x0 load address 0x00001994
 FILL mask 0xff
                [!provide]                        PROVIDE (__start_data_RAM2 = .)
                [!provide]                        PROVIDE (__start_data_RamUsb2 = .)
 *(.ramfunc.$RAM2)
 *(.ramfunc.$RamUsb2)
 *(.data.$RAM2)
 *(.data.$RamUsb2)
 *(.data.$RAM2.*)
 *(.data.$RamUsb2.*)
                0x20004000                        . = ALIGN (0x4)
                [!provide]                        PROVIDE (__end_data_RAM2 = .)
                [!provide]                        PROVIDE (__end_data_RamUsb2 = .)

.uninit_RESERVED
                0x10000000        0x0
                0x10000000                        _start_uninit_RESERVED = .
 *(.bss.$RESERVED*)
                0x10000000                        . = ALIGN (0x4)
                0x10000000                        _end_uninit_RESERVED = .

.data           0x10000000        0x8 load address 0x00001994
 FILL mask 0xff
                0x10000000                        _data = .
                [!provide]                        PROVIDE (__start_data_RAM = .)
                [!provide]                        PROVIDE (__start_data_RamLoc6 = .)
 *(vtable)
 *(.ramfunc*)
 *(CodeQuickAccess)
 *(DataQuickAccess)
 *(RamFunction)
 *(.data*)
 .data.uxCriticalNesting
                0x10000000        0x4 ./src/freertos/src/port.o
 .data.xNextTaskUnblockTime
                0x10000004        0x4 ./src/freertos/src/tasks.o
                0x10000008                        . = ALIGN (0x4)
                0x10000008                        _edata = .
                [!provide]                        PROVIDE (__end_data_RAM = .)
                [!provide]                        PROVIDE (__end_data_RamLoc6 = .)

.igot.plt       0x10000008        0x0 load address 0x0000199c
 .igot.plt      0x10000008        0x0 ./src/freertos/src/heap_1.o

.bss_RAM2       0x20004000        0x0
                [!provide]                        PROVIDE (__start_bss_RAM2 = .)
                [!provide]                        PROVIDE (__start_bss_RamUsb2 = .)
 *(.bss.$RAM2)
 *(.bss.$RamUsb2)
 *(.bss.$RAM2.*)
 *(.bss.$RamUsb2.*)
                0x20004000                        . = ALIGN ((. != 0x0)?0x4:0x1)
                [!provide]                        PROVIDE (__end_bss_RAM2 = .)
                [!provide]                        PROVIDE (__end_bss_RamUsb2 = .)

.bss            0x10000008      0x748
                0x10000008                        _bss = .
                [!provide]                        PROVIDE (__start_bss_RAM = .)
                [!provide]                        PROVIDE (__start_bss_RamLoc6 = .)
 *(.bss*)
 .bss.ucHeap    0x10000008      0x600 ./src/freertos/src/heap_1.o
 .bss.xNextFreeByte
                0x10000608        0x4 ./src/freertos/src/heap_1.o
 .bss.pucAlignedHeap.0
                0x1000060c        0x4 ./src/freertos/src/heap_1.o
 .bss.pxCurrentTCB
                0x10000610        0x4 ./src/freertos/src/tasks.o
                0x10000610                pxCurrentTCB
 .bss.pxReadyTasksLists
                0x10000614       0xa0 ./src/freertos/src/tasks.o
 .bss.xDelayedTaskList1
                0x100006b4       0x14 ./src/freertos/src/tasks.o
 .bss.xDelayedTaskList2
                0x100006c8       0x14 ./src/freertos/src/tasks.o
 .bss.pxDelayedTaskList
                0x100006dc        0x4 ./src/freertos/src/tasks.o
 .bss.pxOverflowDelayedTaskList
                0x100006e0        0x4 ./src/freertos/src/tasks.o
 .bss.xPendingReadyList
                0x100006e4       0x14 ./src/freertos/src/tasks.o
 .bss.xTasksWaitingTermination
                0x100006f8       0x14 ./src/freertos/src/tasks.o
 .bss.uxTasksDeleted
                0x1000070c        0x4 ./src/freertos/src/tasks.o
 .bss.xSuspendedTaskList
                0x10000710       0x14 ./src/freertos/src/tasks.o
 .bss.uxCurrentNumberOfTasks
                0x10000724        0x4 ./src/freertos/src/tasks.o
 .bss.xTickCount
                0x10000728        0x4 ./src/freertos/src/tasks.o
 .bss.uxTopUsedPriority
                0x1000072c        0x4 ./src/freertos/src/tasks.o
 .bss.uxTopReadyPriority
                0x10000730        0x4 ./src/freertos/src/tasks.o
 .bss.xSchedulerRunning
                0x10000734        0x4 ./src/freertos/src/tasks.o
 .bss.uxSchedulerSuspended
                0x10000738        0x4 ./src/freertos/src/tasks.o
 .bss.uxMissedTicks
                0x1000073c        0x4 ./src/freertos/src/tasks.o
 .bss.xMissedYield
                0x10000740        0x4 ./src/freertos/src/tasks.o
 .bss.xNumOfOverflows
                0x10000744        0x4 ./src/freertos/src/tasks.o
 .bss.uxTaskNumber
                0x10000748        0x4 ./src/freertos/src/tasks.o
 .bss.SystemCoreClock
                0x1000074c        0x4 ./src/chip_11xx.o
                0x1000074c                SystemCoreClock
 *(COMMON)
                0x10000750                        . = ALIGN (0x4)
                0x10000750                        _ebss = .
                [!provide]                        PROVIDE (__end_bss_RAM = .)
                [!provide]                        PROVIDE (__end_bss_RamLoc6 = .)
                [!provide]                        PROVIDE (end = .)

.noinit_RAM2    0x20004000        0x0
                [!provide]                        PROVIDE (__start_noinit_RAM2 = .)
                [!provide]                        PROVIDE (__start_noinit_RamUsb2 = .)
 *(.noinit.$RAM2)
 *(.noinit.$RamUsb2)
 *(.noinit.$RAM2.*)
 *(.noinit.$RamUsb2.*)
                0x20004000                        . = ALIGN (0x4)
                [!provide]                        PROVIDE (__end_noinit_RAM2 = .)
                [!provide]                        PROVIDE (__end_noinit_RamUsb2 = .)

.noinit         0x10000750        0x0
                0x10000750                        _noinit = .
                [!provide]                        PROVIDE (__start_noinit_RAM = .)
                [!provide]                        PROVIDE (__start_noinit_RamLoc6 = .)
 *(.noinit*)
                0x10000750                        . = ALIGN (0x4)
                0x10000750                        _end_noinit = .
                [!provide]                        PROVIDE (__end_noinit_RAM = .)
                [!provide]                        PROVIDE (__end_noinit_RamLoc6 = .)
                0x10000750                        PROVIDE (_pvHeapStart = DEFINED (__user_heap_base)?__user_heap_base:.)
                0x10001800                        PROVIDE (_vStackTop = DEFINED (__user_stack_top)?__user_stack_top:(__top_RamLoc6 - 0x0))
                [!provide]                        PROVIDE (__valid_user_code_checksum = (0x0 - (((_vStackTop + (ResetISR + 0x1)) + (DEFINED (NMI_Handler)?NMI_Handler:M0_NMI_Handler + 0x1)) + (DEFINED (HardFault_Handler)?HardFault_Handler:M0_HardFault_Handler + 0x1))))
                0x00000000                        _image_start = LOADADDR (.text)
                0x0000199c                        _image_end = (LOADADDR (.data) + SIZEOF (.data))
                0x0000199c                        _image_size = (_image_end - _image_start)
OUTPUT(tick_FreeRTOS11U24.axf elf32-littlearm)
LOAD linker stubs

.debug_info     0x00000000     0x5ae2
 .debug_info    0x00000000      0x1ab ./src/freertos/src/FreeRTOSCommonHooks.o
 .debug_info    0x000001ab      0x1aa ./src/freertos/src/heap_1.o
 .debug_info    0x00000355      0x2b4 ./src/freertos/src/list.o
 .debug_info    0x00000609      0x209 ./src/freertos/src/port.o
 .debug_info    0x00000812     0x11b9 ./src/freertos/src/tasks.o
 .debug_info    0x000019cb      0x643 ./src/board/src/board.o
 .debug_info    0x0000200e      0xa87 ./src/board/src/board_sysinit.o
 .debug_info    0x00002a95       0xc3 ./src/chip_11xx.o
 .debug_info    0x00002b58      0x95b ./src/clock_11xx.o
 .debug_info    0x000034b3      0x272 ./src/cr_startup_lpc11xx.o
 .debug_info    0x00003725      0x293 ./src/freertos_blinky.o
 .debug_info    0x000039b8      0x9d5 ./src/gpio_11xx_1.o
 .debug_info    0x0000438d      0x166 ./src/iocon_11xx.o
 .debug_info    0x000044f3      0xbe7 ./src/premain.o
 .debug_info    0x000050da      0x3a8 ./src/privgpio.o
 .debug_info    0x00005482      0x5c1 ./src/sysctl_11xx.o
 .debug_info    0x00005a43       0x9f ./src/sysinit.o

.debug_abbrev   0x00000000     0x1807
 .debug_abbrev  0x00000000      0x12b ./src/freertos/src/FreeRTOSCommonHooks.o
 .debug_abbrev  0x0000012b      0x143 ./src/freertos/src/heap_1.o
 .debug_abbrev  0x0000026e       0xeb ./src/freertos/src/list.o
 .debug_abbrev  0x00000359      0x153 ./src/freertos/src/port.o
 .debug_abbrev  0x000004ac      0x2ca ./src/freertos/src/tasks.o
 .debug_abbrev  0x00000776      0x288 ./src/board/src/board.o
 .debug_abbrev  0x000009fe      0x23c ./src/board/src/board_sysinit.o
 .debug_abbrev  0x00000c3a       0x78 ./src/chip_11xx.o
 .debug_abbrev  0x00000cb2      0x1ea ./src/clock_11xx.o
 .debug_abbrev  0x00000e9c      0x144 ./src/cr_startup_lpc11xx.o
 .debug_abbrev  0x00000fe0      0x15c ./src/freertos_blinky.o
 .debug_abbrev  0x0000113c      0x19c ./src/gpio_11xx_1.o
 .debug_abbrev  0x000012d8       0xbc ./src/iocon_11xx.o
 .debug_abbrev  0x00001394      0x1ad ./src/premain.o
 .debug_abbrev  0x00001541      0x187 ./src/privgpio.o
 .debug_abbrev  0x000016c8       0xe5 ./src/sysctl_11xx.o
 .debug_abbrev  0x000017ad       0x5a ./src/sysinit.o

.debug_aranges  0x00000000      0x600
 .debug_aranges
                0x00000000       0x40 ./src/freertos/src/FreeRTOSCommonHooks.o
 .debug_aranges
                0x00000040       0x38 ./src/freertos/src/heap_1.o
 .debug_aranges
                0x00000078       0x40 ./src/freertos/src/list.o
 .debug_aranges
                0x000000b8       0x70 ./src/freertos/src/port.o
 .debug_aranges
                0x00000128      0x150 ./src/freertos/src/tasks.o
 .debug_aranges
                0x00000278       0x68 ./src/board/src/board.o
 .debug_aranges
                0x000002e0       0x68 ./src/board/src/board_sysinit.o
 .debug_aranges
                0x00000348       0x20 ./src/chip_11xx.o
 .debug_aranges
                0x00000368       0xa0 ./src/clock_11xx.o
 .debug_aranges
                0x00000408       0x60 ./src/cr_startup_lpc11xx.o
 .debug_aranges
                0x00000468       0x40 ./src/freertos_blinky.o
 .debug_aranges
                0x000004a8       0x78 ./src/gpio_11xx_1.o
 .debug_aranges
                0x00000520       0x20 ./src/iocon_11xx.o
 .debug_aranges
                0x00000540       0x38 ./src/premain.o
 .debug_aranges
                0x00000578       0x30 ./src/privgpio.o
 .debug_aranges
                0x000005a8       0x38 ./src/sysctl_11xx.o
 .debug_aranges
                0x000005e0       0x20 ./src/sysinit.o

.debug_ranges   0x00000000      0x4f0
 .debug_ranges  0x00000000       0x30 ./src/freertos/src/FreeRTOSCommonHooks.o
 .debug_ranges  0x00000030       0x28 ./src/freertos/src/heap_1.o
 .debug_ranges  0x00000058       0x30 ./src/freertos/src/list.o
 .debug_ranges  0x00000088       0x60 ./src/freertos/src/port.o
 .debug_ranges  0x000000e8      0x140 ./src/freertos/src/tasks.o
 .debug_ranges  0x00000228       0x58 ./src/board/src/board.o
 .debug_ranges  0x00000280       0x58 ./src/board/src/board_sysinit.o
 .debug_ranges  0x000002d8       0x10 ./src/chip_11xx.o
 .debug_ranges  0x000002e8       0x90 ./src/clock_11xx.o
 .debug_ranges  0x00000378       0x50 ./src/cr_startup_lpc11xx.o
 .debug_ranges  0x000003c8       0x30 ./src/freertos_blinky.o
 .debug_ranges  0x000003f8       0x68 ./src/gpio_11xx_1.o
 .debug_ranges  0x00000460       0x10 ./src/iocon_11xx.o
 .debug_ranges  0x00000470       0x28 ./src/premain.o
 .debug_ranges  0x00000498       0x20 ./src/privgpio.o
 .debug_ranges  0x000004b8       0x28 ./src/sysctl_11xx.o
 .debug_ranges  0x000004e0       0x10 ./src/sysinit.o

.debug_macro    0x00000000     0x5b8b
 .debug_macro   0x00000000      0x2eb ./src/freertos/src/FreeRTOSCommonHooks.o
 .debug_macro   0x000002eb      0xac6 ./src/freertos/src/FreeRTOSCommonHooks.o
 .debug_macro   0x00000db1      0x190 ./src/freertos/src/FreeRTOSCommonHooks.o
 .debug_macro   0x00000f41       0x46 ./src/freertos/src/FreeRTOSCommonHooks.o
 .debug_macro   0x00000f87       0x22 ./src/freertos/src/FreeRTOSCommonHooks.o
 .debug_macro   0x00000fa9       0x8e ./src/freertos/src/FreeRTOSCommonHooks.o
 .debug_macro   0x00001037       0x51 ./src/freertos/src/FreeRTOSCommonHooks.o
 .debug_macro   0x00001088      0x103 ./src/freertos/src/FreeRTOSCommonHooks.o
 .debug_macro   0x0000118b       0x6a ./src/freertos/src/FreeRTOSCommonHooks.o
 .debug_macro   0x000011f5      0x1df ./src/freertos/src/FreeRTOSCommonHooks.o
 .debug_macro   0x000013d4       0x22 ./src/freertos/src/FreeRTOSCommonHooks.o
 .debug_macro   0x000013f6       0x5f ./src/freertos/src/FreeRTOSCommonHooks.o
 .debug_macro   0x00001455       0x10 ./src/freertos/src/FreeRTOSCommonHooks.o
 .debug_macro   0x00001465       0x1f ./src/freertos/src/FreeRTOSCommonHooks.o
 .debug_macro   0x00001484       0x3a ./src/freertos/src/FreeRTOSCommonHooks.o
 .debug_macro   0x000014be      0x241 ./src/freertos/src/FreeRTOSCommonHooks.o
 .debug_macro   0x000016ff      0x125 ./src/freertos/src/FreeRTOSCommonHooks.o
 .debug_macro   0x00001824       0x2e ./src/freertos/src/FreeRTOSCommonHooks.o
 .debug_macro   0x00001852       0xf1 ./src/freertos/src/FreeRTOSCommonHooks.o
 .debug_macro   0x00001943       0x10 ./src/freertos/src/FreeRTOSCommonHooks.o
 .debug_macro   0x00001953      0x10c ./src/freertos/src/FreeRTOSCommonHooks.o
 .debug_macro   0x00001a5f       0x4c ./src/freertos/src/FreeRTOSCommonHooks.o
 .debug_macro   0x00001aab       0x16 ./src/freertos/src/FreeRTOSCommonHooks.o
 .debug_macro   0x00001ac1      0x31a ./src/freertos/src/FreeRTOSCommonHooks.o
 .debug_macro   0x00001ddb       0x4f ./src/freertos/src/FreeRTOSCommonHooks.o
 .debug_macro   0x00001e2a       0xb8 ./src/freertos/src/FreeRTOSCommonHooks.o
 .debug_macro   0x00001ee2       0x11 ./src/freertos/src/FreeRTOSCommonHooks.o
 .debug_macro   0x00001ef3       0x7c ./src/freertos/src/FreeRTOSCommonHooks.o
 .debug_macro   0x00001f6f       0x1c ./src/freertos/src/FreeRTOSCommonHooks.o
 .debug_macro   0x00001f8b       0x40 ./src/freertos/src/FreeRTOSCommonHooks.o
 .debug_macro   0x00001fcb      0x21c ./src/freertos/src/FreeRTOSCommonHooks.o
 .debug_macro   0x000021e7       0x58 ./src/freertos/src/FreeRTOSCommonHooks.o
 .debug_macro   0x0000223f       0x7b ./src/freertos/src/FreeRTOSCommonHooks.o
 .debug_macro   0x000022ba       0x24 ./src/freertos/src/FreeRTOSCommonHooks.o
 .debug_macro   0x000022de       0x3c ./src/freertos/src/FreeRTOSCommonHooks.o
 .debug_macro   0x0000231a       0x34 ./src/freertos/src/FreeRTOSCommonHooks.o
 .debug_macro   0x0000234e       0x16 ./src/freertos/src/FreeRTOSCommonHooks.o
 .debug_macro   0x00002364       0x3c ./src/freertos/src/FreeRTOSCommonHooks.o
 .debug_macro   0x000023a0      0x370 ./src/freertos/src/FreeRTOSCommonHooks.o
 .debug_macro   0x00002710       0x10 ./src/freertos/src/FreeRTOSCommonHooks.o
 .debug_macro   0x00002720       0x16 ./src/freertos/src/FreeRTOSCommonHooks.o
 .debug_macro   0x00002736       0x4a ./src/freertos/src/FreeRTOSCommonHooks.o
 .debug_macro   0x00002780       0x34 ./src/freertos/src/FreeRTOSCommonHooks.o
 .debug_macro   0x000027b4       0x10 ./src/freertos/src/FreeRTOSCommonHooks.o
 .debug_macro   0x000027c4       0x58 ./src/freertos/src/FreeRTOSCommonHooks.o
 .debug_macro   0x0000281c      0x1de ./src/freertos/src/FreeRTOSCommonHooks.o
 .debug_macro   0x000029fa       0x16 ./src/freertos/src/FreeRTOSCommonHooks.o
 .debug_macro   0x00002a10       0x16 ./src/freertos/src/FreeRTOSCommonHooks.o
 .debug_macro   0x00002a26      0x170 ./src/freertos/src/FreeRTOSCommonHooks.o
 .debug_macro   0x00002b96       0x20 ./src/freertos/src/FreeRTOSCommonHooks.o
 .debug_macro   0x00002bb6      0x115 ./src/freertos/src/FreeRTOSCommonHooks.o
 .debug_macro   0x00002ccb       0xb1 ./src/freertos/src/FreeRTOSCommonHooks.o
 .debug_macro   0x00002d7c       0x12 ./src/freertos/src/FreeRTOSCommonHooks.o
 .debug_macro   0x00002d8e       0x1f ./src/freertos/src/FreeRTOSCommonHooks.o
 .debug_macro   0x00002dad      0x1f5 ./src/freertos/src/FreeRTOSCommonHooks.o
 .debug_macro   0x00002fa2       0x5e ./src/freertos/src/FreeRTOSCommonHooks.o
 .debug_macro   0x00003000       0x57 ./src/freertos/src/FreeRTOSCommonHooks.o
 .debug_macro   0x00003057      0x315 ./src/freertos/src/heap_1.o
 .debug_macro   0x0000336c       0x75 ./src/freertos/src/heap_1.o
 .debug_macro   0x000033e1       0x94 ./src/freertos/src/heap_1.o
 .debug_macro   0x00003475       0x16 ./src/freertos/src/heap_1.o
 .debug_macro   0x0000348b      0x11c ./src/freertos/src/heap_1.o
 .debug_macro   0x000035a7       0x9b ./src/freertos/src/heap_1.o
 .debug_macro   0x00003642       0x57 ./src/freertos/src/heap_1.o
 .debug_macro   0x00003699       0x16 ./src/freertos/src/heap_1.o
 .debug_macro   0x000036af       0x29 ./src/freertos/src/heap_1.o
 .debug_macro   0x000036d8       0x1c ./src/freertos/src/heap_1.o
 .debug_macro   0x000036f4       0x1c ./src/freertos/src/heap_1.o
 .debug_macro   0x00003710      0x2f4 ./src/freertos/src/list.o
 .debug_macro   0x00003a04      0x329 ./src/freertos/src/port.o
 .debug_macro   0x00003d2d      0x3bc ./src/freertos/src/tasks.o
 .debug_macro   0x000040e9       0x9e ./src/freertos/src/tasks.o
 .debug_macro   0x00004187      0x112 ./src/freertos/src/tasks.o
 .debug_macro   0x00004299       0x5b ./src/freertos/src/tasks.o
 .debug_macro   0x000042f4       0x17 ./src/freertos/src/tasks.o
 .debug_macro   0x0000430b      0x2ce ./src/board/src/board.o
 .debug_macro   0x000045d9       0x66 ./src/board/src/board.o
 .debug_macro   0x0000463f       0x12 ./src/board/src/board.o
 .debug_macro   0x00004651      0x2a0 ./src/board/src/board_sysinit.o
 .debug_macro   0x000048f1      0x188 ./src/chip_11xx.o
 .debug_macro   0x00004a79      0x184 ./src/clock_11xx.o
 .debug_macro   0x00004bfd       0x26 ./src/cr_startup_lpc11xx.o
 .debug_macro   0x00004c23      0x302 ./src/freertos_blinky.o
 .debug_macro   0x00004f25      0x11b ./src/freertos_blinky.o
 .debug_macro   0x00005040      0x15a ./src/freertos_blinky.o
 .debug_macro   0x0000519a      0x184 ./src/gpio_11xx_1.o
 .debug_macro   0x0000531e      0x184 ./src/iocon_11xx.o
 .debug_macro   0x000054a2      0x1f2 ./src/premain.o
 .debug_macro   0x00005694       0x2e ./src/premain.o
 .debug_macro   0x000056c2       0xa6 ./src/privgpio.o
 .debug_macro   0x00005768      0x1ae ./src/sysctl_11xx.o
 .debug_macro   0x00005916      0x275 ./src/sysinit.o

.debug_line     0x00000000     0x6ac7
 .debug_line    0x00000000      0x662 ./src/freertos/src/FreeRTOSCommonHooks.o
 .debug_line    0x00000662      0x689 ./src/freertos/src/heap_1.o
 .debug_line    0x00000ceb      0x6ec ./src/freertos/src/list.o
 .debug_line    0x000013d7      0x724 ./src/freertos/src/port.o
 .debug_line    0x00001afb     0x1135 ./src/freertos/src/tasks.o
 .debug_line    0x00002c30      0x664 ./src/board/src/board.o
 .debug_line    0x00003294      0x6ff ./src/board/src/board_sysinit.o
 .debug_line    0x00003993      0x476 ./src/chip_11xx.o
 .debug_line    0x00003e09      0x70a ./src/clock_11xx.o
 .debug_line    0x00004513      0x12f ./src/cr_startup_lpc11xx.o
 .debug_line    0x00004642      0x665 ./src/freertos_blinky.o
 .debug_line    0x00004ca7      0x606 ./src/gpio_11xx_1.o
 .debug_line    0x000052ad      0x486 ./src/iocon_11xx.o
 .debug_line    0x00005733      0x57f ./src/premain.o
 .debug_line    0x00005cb2      0x3e7 ./src/privgpio.o
 .debug_line    0x00006099      0x4fa ./src/sysctl_11xx.o
 .debug_line    0x00006593      0x534 ./src/sysinit.o

.debug_str      0x00000000    0x11cc2
 .debug_str     0x00000000    0x11cc2 ./src/freertos/src/FreeRTOSCommonHooks.o
                               0xd48e (size before relaxing)
 .debug_str     0x00011cc2     0xd5c7 ./src/freertos/src/heap_1.o
 .debug_str     0x00011cc2     0xd26b ./src/freertos/src/list.o
 .debug_str     0x00011cc2     0xd705 ./src/freertos/src/port.o
 .debug_str     0x00011cc2     0xee3f ./src/freertos/src/tasks.o
 .debug_str     0x00011cc2     0xb842 ./src/board/src/board.o
 .debug_str     0x00011cc2     0xbdcc ./src/board/src/board_sysinit.o
 .debug_str     0x00011cc2     0x7e58 ./src/chip_11xx.o
 .debug_str     0x00011cc2     0x866d ./src/clock_11xx.o
 .debug_str     0x00011cc2     0x2fa0 ./src/cr_startup_lpc11xx.o
 .debug_str     0x00011cc2     0xdb09 ./src/freertos_blinky.o
 .debug_str     0x00011cc2     0x84cb ./src/gpio_11xx_1.o
 .debug_str     0x00011cc2     0x7e85 ./src/iocon_11xx.o
 .debug_str     0x00011cc2     0x9ad5 ./src/premain.o
 .debug_str     0x00011cc2     0x52d9 ./src/privgpio.o
 .debug_str     0x00011cc2     0x8266 ./src/sysctl_11xx.o
 .debug_str     0x00011cc2     0xb4c1 ./src/sysinit.o

.comment        0x00000000       0x44
 .comment       0x00000000       0x44 ./src/freertos/src/FreeRTOSCommonHooks.o
                                 0x45 (size before relaxing)
 .comment       0x00000044       0x45 ./src/freertos/src/heap_1.o
 .comment       0x00000044       0x45 ./src/freertos/src/list.o
 .comment       0x00000044       0x45 ./src/freertos/src/port.o
 .comment       0x00000044       0x45 ./src/freertos/src/tasks.o
 .comment       0x00000044       0x45 ./src/board/src/board.o
 .comment       0x00000044       0x45 ./src/board/src/board_sysinit.o
 .comment       0x00000044       0x45 ./src/chip_11xx.o
 .comment       0x00000044       0x45 ./src/clock_11xx.o
 .comment       0x00000044       0x45 ./src/cr_startup_lpc11xx.o
 .comment       0x00000044       0x45 ./src/freertos_blinky.o
 .comment       0x00000044       0x45 ./src/gpio_11xx_1.o
 .comment       0x00000044       0x45 ./src/iocon_11xx.o
 .comment       0x00000044       0x45 ./src/premain.o
 .comment       0x00000044       0x45 ./src/privgpio.o
 .comment       0x00000044       0x45 ./src/sysctl_11xx.o
 .comment       0x00000044       0x45 ./src/sysinit.o

.ARM.attributes
                0x00000000       0x2a
 .ARM.attributes
                0x00000000       0x2c ./src/freertos/src/FreeRTOSCommonHooks.o
 .ARM.attributes
                0x0000002c       0x2c ./src/freertos/src/heap_1.o
 .ARM.attributes
                0x00000058       0x2c ./src/freertos/src/list.o
 .ARM.attributes
                0x00000084       0x2c ./src/freertos/src/port.o
 .ARM.attributes
                0x000000b0       0x2c ./src/freertos/src/tasks.o
 .ARM.attributes
                0x000000dc       0x2c ./src/board/src/board.o
 .ARM.attributes
                0x00000108       0x2c ./src/board/src/board_sysinit.o
 .ARM.attributes
                0x00000134       0x2c ./src/chip_11xx.o
 .ARM.attributes
                0x00000160       0x2c ./src/clock_11xx.o
 .ARM.attributes
                0x0000018c       0x2c ./src/cr_startup_lpc11xx.o
 .ARM.attributes
                0x000001b8       0x2c ./src/freertos_blinky.o
 .ARM.attributes
                0x000001e4       0x2c ./src/gpio_11xx_1.o
 .ARM.attributes
                0x00000210       0x2c ./src/iocon_11xx.o
 .ARM.attributes
                0x0000023c       0x2c ./src/premain.o
 .ARM.attributes
                0x00000268       0x2c ./src/privgpio.o
 .ARM.attributes
                0x00000294       0x2c ./src/sysctl_11xx.o
 .ARM.attributes
                0x000002c0       0x2c ./src/sysinit.o
 .ARM.attributes
                0x000002ec       0x1e C:/tools/MCUXpressoIDE_24.12.148/ide/plugins/com.nxp.mcuxpresso.tools.win32_24.12.0.202407110909/tools/bin/../lib/gcc/arm-none-eabi/13.2.1/thumb/v6-m/nofp\libgcc.a(_udivsi3.o)
 .ARM.attributes
                0x0000030a       0x1e C:/tools/MCUXpressoIDE_24.12.148/ide/plugins/com.nxp.mcuxpresso.tools.win32_24.12.0.202407110909/tools/bin/../lib/gcc/arm-none-eabi/13.2.1/thumb/v6-m/nofp\libgcc.a(_dvmd_tls.o)
 .ARM.attributes
                0x00000328       0x2c C:/tools/MCUXpressoIDE_24.12.148/ide/plugins/com.nxp.mcuxpresso.tools.win32_24.12.0.202407110909/tools/bin/../lib/gcc/arm-none-eabi/13.2.1/thumb/v6-m/nofp\libc.a(libc_a-memcmp.o)
 .ARM.attributes
                0x00000354       0x2c C:/tools/MCUXpressoIDE_24.12.148/ide/plugins/com.nxp.mcuxpresso.tools.win32_24.12.0.202407110909/tools/bin/../lib/gcc/arm-none-eabi/13.2.1/thumb/v6-m/nofp\libc.a(libc_a-memset.o)
 .ARM.attributes
                0x00000380       0x2c C:/tools/MCUXpressoIDE_24.12.148/ide/plugins/com.nxp.mcuxpresso.tools.win32_24.12.0.202407110909/tools/bin/../lib/gcc/arm-none-eabi/13.2.1/thumb/v6-m/nofp\libc.a(libc_a-strncpy.o)

.debug_frame    0x00000000     0x129c
 .debug_frame   0x00000000       0xa4 ./src/freertos/src/FreeRTOSCommonHooks.o
 .debug_frame   0x000000a4       0x88 ./src/freertos/src/heap_1.o
 .debug_frame   0x0000012c       0xb0 ./src/freertos/src/list.o
 .debug_frame   0x000001dc      0x128 ./src/freertos/src/port.o
 .debug_frame   0x00000304      0x4e4 ./src/freertos/src/tasks.o
 .debug_frame   0x000007e8      0x144 ./src/board/src/board.o
 .debug_frame   0x0000092c      0x144 ./src/board/src/board_sysinit.o
 .debug_frame   0x00000a70       0x2c ./src/chip_11xx.o
 .debug_frame   0x00000a9c      0x220 ./src/clock_11xx.o
 .debug_frame   0x00000cbc      0x118 ./src/cr_startup_lpc11xx.o
 .debug_frame   0x00000dd4       0xac ./src/freertos_blinky.o
 .debug_frame   0x00000e80      0x190 ./src/gpio_11xx_1.o
 .debug_frame   0x00001010       0x30 ./src/iocon_11xx.o
 .debug_frame   0x00001040       0x88 ./src/premain.o
 .debug_frame   0x000010c8       0x70 ./src/privgpio.o
 .debug_frame   0x00001138       0x90 ./src/sysctl_11xx.o
 .debug_frame   0x000011c8       0x2c ./src/sysinit.o
 .debug_frame   0x000011f4       0x20 C:/tools/MCUXpressoIDE_24.12.148/ide/plugins/com.nxp.mcuxpresso.tools.win32_24.12.0.202407110909/tools/bin/../lib/gcc/arm-none-eabi/13.2.1/thumb/v6-m/nofp\libgcc.a(_udivsi3.o)
 .debug_frame   0x00001214       0x2c C:/tools/MCUXpressoIDE_24.12.148/ide/plugins/com.nxp.mcuxpresso.tools.win32_24.12.0.202407110909/tools/bin/../lib/gcc/arm-none-eabi/13.2.1/thumb/v6-m/nofp\libc.a(libc_a-memcmp.o)
 .debug_frame   0x00001240       0x30 C:/tools/MCUXpressoIDE_24.12.148/ide/plugins/com.nxp.mcuxpresso.tools.win32_24.12.0.202407110909/tools/bin/../lib/gcc/arm-none-eabi/13.2.1/thumb/v6-m/nofp\libc.a(libc_a-memset.o)
 .debug_frame   0x00001270       0x2c C:/tools/MCUXpressoIDE_24.12.148/ide/plugins/com.nxp.mcuxpresso.tools.win32_24.12.0.202407110909/tools/bin/../lib/gcc/arm-none-eabi/13.2.1/thumb/v6-m/nofp\libc.a(libc_a-strncpy.o)

.debug_line_str
                0x00000000       0xc9
 .debug_line_str
                0x00000000       0xc9 C:/tools/MCUXpressoIDE_24.12.148/ide/plugins/com.nxp.mcuxpresso.tools.win32_24.12.0.202407110909/tools/bin/../lib/gcc/arm-none-eabi/13.2.1/thumb/v6-m/nofp\libgcc.a(_udivsi3.o)
 .debug_line_str
                0x000000c9       0xc9 C:/tools/MCUXpressoIDE_24.12.148/ide/plugins/com.nxp.mcuxpresso.tools.win32_24.12.0.202407110909/tools/bin/../lib/gcc/arm-none-eabi/13.2.1/thumb/v6-m/nofp\libgcc.a(_dvmd_tls.o)

Cross Reference Table

Symbol                                            File
ADC_IRQHandler                                    ./src/cr_startup_lpc11xx.o
BOD_IRQHandler                                    ./src/cr_startup_lpc11xx.o
Bb_LPC11U24_GPIOInit                              ./src/premain.o
Board_Debug_Init                                  ./src/board/src/board.o
Board_Init                                        ./src/board/src/board.o
                                                  ./src/freertos_blinky.o
Board_SystemInit                                  ./src/board/src/board_sysinit.o
                                                  ./src/sysinit.o
Board_UARTGetChar                                 ./src/board/src/board.o
Board_UARTPutChar                                 ./src/board/src/board.o
Board_UARTPutSTR                                  ./src/board/src/board.o
Chip_Clock_GetMainClockRate                       ./src/clock_11xx.o
                                                  ./src/i2c_11xx.o
Chip_Clock_GetSystemClockRate                     ./src/clock_11xx.o
Chip_Clock_GetSystemPLLInClockRate                ./src/clock_11xx.o
Chip_Clock_GetSystemPLLOutClockRate               ./src/clock_11xx.o
Chip_Clock_GetUSBPLLInClockRate                   ./src/clock_11xx.o
Chip_Clock_GetUSBPLLOutClockRate                  ./src/clock_11xx.o
Chip_Clock_GetWDTOSCRate                          ./src/clock_11xx.o
Chip_Clock_SetCLKOUTSource                        ./src/clock_11xx.o
Chip_Clock_SetMainClockSource                     ./src/clock_11xx.o
                                                  ./src/board/src/board_sysinit.o
Chip_Clock_SetPLLBypass                           ./src/clock_11xx.o
Chip_Clock_SetSystemPLLSource                     ./src/clock_11xx.o
                                                  ./src/board/src/board_sysinit.o
Chip_Clock_SetUSBClockSource                      ./src/clock_11xx.o
Chip_Clock_SetUSBPLLSource                        ./src/clock_11xx.o
                                                  ./src/board/src/board_sysinit.o
Chip_GPIO_DeInit                                  ./src/gpio_11xx_1.o
Chip_GPIO_Init                                    ./src/gpio_11xx_1.o
                                                  ./src/board/src/board.o
Chip_GPIO_SetDir                                  ./src/gpio_11xx_1.o
Chip_GPIO_SetPinDIR                               ./src/gpio_11xx_1.o
Chip_GPIO_SetPortDIR                              ./src/gpio_11xx_1.o
Chip_GPIO_WriteDirBit                             ./src/gpio_11xx_1.o
Chip_I2C_DeInit                                   ./src/i2c_11xx.o
Chip_I2C_Disable                                  ./src/i2c_11xx.o
Chip_I2C_EventHandler                             ./src/i2c_11xx.o
Chip_I2C_EventHandlerPolling                      ./src/i2c_11xx.o
Chip_I2C_GetClockRate                             ./src/i2c_11xx.o
Chip_I2C_GetMasterEventHandler                    ./src/i2c_11xx.o
Chip_I2C_Init                                     ./src/i2c_11xx.o
Chip_I2C_IsMasterActive                           ./src/i2c_11xx.o
Chip_I2C_IsStateChanged                           ./src/i2c_11xx.o
Chip_I2C_MasterCmdRead                            ./src/i2c_11xx.o
Chip_I2C_MasterRead                               ./src/i2c_11xx.o
Chip_I2C_MasterSend                               ./src/i2c_11xx.o
Chip_I2C_MasterStateHandler                       ./src/i2c_11xx.o
Chip_I2C_MasterTransfer                           ./src/i2c_11xx.o
Chip_I2C_SetClockRate                             ./src/i2c_11xx.o
Chip_I2C_SetMasterEventHandler                    ./src/i2c_11xx.o
Chip_I2C_SlaveSetup                               ./src/i2c_11xx.o
Chip_I2C_SlaveStateHandler                        ./src/i2c_11xx.o
Chip_IOCON_PinMuxSet                              ./src/iocon_11xx.o
                                                  ./src/board/src/board_sysinit.o
                                                  ./src/board/src/board.o
Chip_SYSCTL_PowerDown                             ./src/sysctl_11xx.o
                                                  ./src/board/src/board_sysinit.o
Chip_SYSCTL_PowerUp                               ./src/sysctl_11xx.o
                                                  ./src/board/src/board_sysinit.o
Chip_SYSCTL_SetDeepSleepPD                        ./src/sysctl_11xx.o
Chip_SYSCTL_SetWakeup                             ./src/sysctl_11xx.o
Chip_UART_Init                                    ./src/board/src/board.o
Chip_UART_Read                                    ./src/board/src/board.o
Chip_UART_SendBlocking                            ./src/board/src/board.o
Chip_UART_SetBaud                                 ./src/board/src/board.o
DelayGLCD                                         ./src/glcd.o
ExtRateIn                                         ./src/board/src/board.o
FLEX_INT0_IRQHandler                              ./src/cr_startup_lpc11xx.o
FLEX_INT1_IRQHandler                              ./src/cr_startup_lpc11xx.o
FLEX_INT2_IRQHandler                              ./src/cr_startup_lpc11xx.o
FLEX_INT3_IRQHandler                              ./src/cr_startup_lpc11xx.o
FLEX_INT4_IRQHandler                              ./src/cr_startup_lpc11xx.o
FLEX_INT5_IRQHandler                              ./src/cr_startup_lpc11xx.o
FLEX_INT6_IRQHandler                              ./src/cr_startup_lpc11xx.o
FLEX_INT7_IRQHandler                              ./src/cr_startup_lpc11xx.o
FMC_IRQHandler                                    ./src/cr_startup_lpc11xx.o
FreeRTOSDelay                                     ./src/freertos/src/FreeRTOSCommonHooks.o
GINT0_IRQHandler                                  ./src/cr_startup_lpc11xx.o
GINT1_IRQHandler                                  ./src/cr_startup_lpc11xx.o
GPIOGetPinValue                                   ./src/privgpio.o
GPIOSetDir                                        ./src/privgpio.o
                                                  ./src/premain.o
HardFault_Handler                                 ./src/cr_startup_lpc11xx.o
I2C_IRQHandler                                    ./src/cr_startup_lpc11xx.o
InitGLCD                                          ./src/glcd.o
InputData                                         ./src/glcd.o
IntDefaultHandler                                 ./src/cr_startup_lpc11xx.o
NMI_Handler                                       ./src/cr_startup_lpc11xx.o
OscRateIn                                         ./src/board/src/board.o
                                                  ./src/clock_11xx.o
OutputData                                        ./src/glcd.o
PendSV_Handler                                    ./src/freertos/src/port.o
ResetISR                                          ./src/cr_startup_lpc11xx.o
SSP0_IRQHandler                                   ./src/cr_startup_lpc11xx.o
SSP1_IRQHandler                                   ./src/cr_startup_lpc11xx.o
SVC_Handler                                       ./src/freertos/src/port.o
SysTick_Handler                                   ./src/freertos/src/port.o
SystemCoreClock                                   ./src/chip_11xx.o
                                                  ./src/premain.o
                                                  ./src/freertos/src/port.o
SystemCoreClockUpdate                             ./src/chip_11xx.o
                                                  ./src/premain.o
                                                  ./src/freertos_blinky.o
SystemInit                                        ./src/sysinit.o
                                                  ./src/cr_startup_lpc11xx.o
TIMER16_0_IRQHandler                              ./src/cr_startup_lpc11xx.o
TIMER16_1_IRQHandler                              ./src/cr_startup_lpc11xx.o
TIMER32_0_IRQHandler                              ./src/cr_startup_lpc11xx.o
TIMER32_1_IRQHandler                              ./src/cr_startup_lpc11xx.o
UART_IRQHandler                                   ./src/cr_startup_lpc11xx.o
USBWakeup_IRQHandler                              ./src/cr_startup_lpc11xx.o
USB_FIQHandler                                    ./src/cr_startup_lpc11xx.o
USB_IRQHandler                                    ./src/cr_startup_lpc11xx.o
WDT_IRQHandler                                    ./src/cr_startup_lpc11xx.o
_Balloc                                           C:/tools/MCUXpressoIDE_24.12.148/ide/plugins/com.nxp.mcuxpresso.tools.win32_24.12.0.202407110909/tools/bin/../lib/gcc/arm-none-eabi/13.2.1/thumb/v6-m/nofp\libc.a(libc_a-mprec.o)
                                                  C:/tools/MCUXpressoIDE_24.12.148/ide/plugins/com.nxp.mcuxpresso.tools.win32_24.12.0.202407110909/tools/bin/../lib/gcc/arm-none-eabi/13.2.1/thumb/v6-m/nofp\libc.a(libc_a-dtoa.o)
_Bfree                                            C:/tools/MCUXpressoIDE_24.12.148/ide/plugins/com.nxp.mcuxpresso.tools.win32_24.12.0.202407110909/tools/bin/../lib/gcc/arm-none-eabi/13.2.1/thumb/v6-m/nofp\libc.a(libc_a-mprec.o)
                                                  C:/tools/MCUXpressoIDE_24.12.148/ide/plugins/com.nxp.mcuxpresso.tools.win32_24.12.0.202407110909/tools/bin/../lib/gcc/arm-none-eabi/13.2.1/thumb/v6-m/nofp\libc.a(libc_a-dtoa.o)
_PathLocale                                       C:/tools/MCUXpressoIDE_24.12.148/ide/plugins/com.nxp.mcuxpresso.tools.win32_24.12.0.202407110909/tools/bin/../lib/gcc/arm-none-eabi/13.2.1/thumb/v6-m/nofp\libc.a(libc_a-locale.o)
__C_locale                                        C:/tools/MCUXpressoIDE_24.12.148/ide/plugins/com.nxp.mcuxpresso.tools.win32_24.12.0.202407110909/tools/bin/../lib/gcc/arm-none-eabi/13.2.1/thumb/v6-m/nofp\libc.a(libc_a-locale.o)
__aeabi_cdcmpeq                                   C:/tools/MCUXpressoIDE_24.12.148/ide/plugins/com.nxp.mcuxpresso.tools.win32_24.12.0.202407110909/tools/bin/../lib/gcc/arm-none-eabi/13.2.1/thumb/v6-m/nofp\libgcc.a(_arm_cmpdf2.o)
__aeabi_cdcmple                                   C:/tools/MCUXpressoIDE_24.12.148/ide/plugins/com.nxp.mcuxpresso.tools.win32_24.12.0.202407110909/tools/bin/../lib/gcc/arm-none-eabi/13.2.1/thumb/v6-m/nofp\libgcc.a(_arm_cmpdf2.o)
__aeabi_cdrcmple                                  C:/tools/MCUXpressoIDE_24.12.148/ide/plugins/com.nxp.mcuxpresso.tools.win32_24.12.0.202407110909/tools/bin/../lib/gcc/arm-none-eabi/13.2.1/thumb/v6-m/nofp\libgcc.a(_arm_cmpdf2.o)
__aeabi_d2iz                                      C:/tools/MCUXpressoIDE_24.12.148/ide/plugins/com.nxp.mcuxpresso.tools.win32_24.12.0.202407110909/tools/bin/../lib/gcc/arm-none-eabi/13.2.1/thumb/v6-m/nofp\libgcc.a(fixdfsi.o)
                                                  C:/tools/MCUXpressoIDE_24.12.148/ide/plugins/com.nxp.mcuxpresso.tools.win32_24.12.0.202407110909/tools/bin/../lib/gcc/arm-none-eabi/13.2.1/thumb/v6-m/nofp\libc.a(libc_a-dtoa.o)
                                                  C:/tools/MCUXpressoIDE_24.12.148/ide/plugins/com.nxp.mcuxpresso.tools.win32_24.12.0.202407110909/tools/bin/../lib/gcc/arm-none-eabi/13.2.1/thumb/v6-m/nofp\libc.a(libc_a-svfprintf.o)
__aeabi_dadd                                      C:/tools/MCUXpressoIDE_24.12.148/ide/plugins/com.nxp.mcuxpresso.tools.win32_24.12.0.202407110909/tools/bin/../lib/gcc/arm-none-eabi/13.2.1/thumb/v6-m/nofp\libgcc.a(adddf3.o)
                                                  C:/tools/MCUXpressoIDE_24.12.148/ide/plugins/com.nxp.mcuxpresso.tools.win32_24.12.0.202407110909/tools/bin/../lib/gcc/arm-none-eabi/13.2.1/thumb/v6-m/nofp\libc.a(libc_a-dtoa.o)
__aeabi_dcmpeq                                    C:/tools/MCUXpressoIDE_24.12.148/ide/plugins/com.nxp.mcuxpresso.tools.win32_24.12.0.202407110909/tools/bin/../lib/gcc/arm-none-eabi/13.2.1/thumb/v6-m/nofp\libgcc.a(_arm_cmpdf2.o)
                                                  C:/tools/MCUXpressoIDE_24.12.148/ide/plugins/com.nxp.mcuxpresso.tools.win32_24.12.0.202407110909/tools/bin/../lib/gcc/arm-none-eabi/13.2.1/thumb/v6-m/nofp\libc.a(libc_a-dtoa.o)
                                                  C:/tools/MCUXpressoIDE_24.12.148/ide/plugins/com.nxp.mcuxpresso.tools.win32_24.12.0.202407110909/tools/bin/../lib/gcc/arm-none-eabi/13.2.1/thumb/v6-m/nofp\libc.a(libc_a-svfprintf.o)
__aeabi_dcmpge                                    C:/tools/MCUXpressoIDE_24.12.148/ide/plugins/com.nxp.mcuxpresso.tools.win32_24.12.0.202407110909/tools/bin/../lib/gcc/arm-none-eabi/13.2.1/thumb/v6-m/nofp\libgcc.a(_arm_cmpdf2.o)
__aeabi_dcmpgt                                    C:/tools/MCUXpressoIDE_24.12.148/ide/plugins/com.nxp.mcuxpresso.tools.win32_24.12.0.202407110909/tools/bin/../lib/gcc/arm-none-eabi/13.2.1/thumb/v6-m/nofp\libgcc.a(_arm_cmpdf2.o)
                                                  C:/tools/MCUXpressoIDE_24.12.148/ide/plugins/com.nxp.mcuxpresso.tools.win32_24.12.0.202407110909/tools/bin/../lib/gcc/arm-none-eabi/13.2.1/thumb/v6-m/nofp\libc.a(libc_a-dtoa.o)
                                                  C:/tools/MCUXpressoIDE_24.12.148/ide/plugins/com.nxp.mcuxpresso.tools.win32_24.12.0.202407110909/tools/bin/../lib/gcc/arm-none-eabi/13.2.1/thumb/v6-m/nofp\libc.a(libc_a-svfprintf.o)
__aeabi_dcmple                                    C:/tools/MCUXpressoIDE_24.12.148/ide/plugins/com.nxp.mcuxpresso.tools.win32_24.12.0.202407110909/tools/bin/../lib/gcc/arm-none-eabi/13.2.1/thumb/v6-m/nofp\libgcc.a(_arm_cmpdf2.o)
                                                  C:/tools/MCUXpressoIDE_24.12.148/ide/plugins/com.nxp.mcuxpresso.tools.win32_24.12.0.202407110909/tools/bin/../lib/gcc/arm-none-eabi/13.2.1/thumb/v6-m/nofp\libc.a(libc_a-dtoa.o)
                                                  C:/tools/MCUXpressoIDE_24.12.148/ide/plugins/com.nxp.mcuxpresso.tools.win32_24.12.0.202407110909/tools/bin/../lib/gcc/arm-none-eabi/13.2.1/thumb/v6-m/nofp\libc.a(libc_a-svfprintf.o)
__aeabi_dcmplt                                    C:/tools/MCUXpressoIDE_24.12.148/ide/plugins/com.nxp.mcuxpresso.tools.win32_24.12.0.202407110909/tools/bin/../lib/gcc/arm-none-eabi/13.2.1/thumb/v6-m/nofp\libgcc.a(_arm_cmpdf2.o)
                                                  C:/tools/MCUXpressoIDE_24.12.148/ide/plugins/com.nxp.mcuxpresso.tools.win32_24.12.0.202407110909/tools/bin/../lib/gcc/arm-none-eabi/13.2.1/thumb/v6-m/nofp\libc.a(libc_a-dtoa.o)
                                                  C:/tools/MCUXpressoIDE_24.12.148/ide/plugins/com.nxp.mcuxpresso.tools.win32_24.12.0.202407110909/tools/bin/../lib/gcc/arm-none-eabi/13.2.1/thumb/v6-m/nofp\libc.a(libc_a-svfprintf.o)
__aeabi_dcmpun                                    C:/tools/MCUXpressoIDE_24.12.148/ide/plugins/com.nxp.mcuxpresso.tools.win32_24.12.0.202407110909/tools/bin/../lib/gcc/arm-none-eabi/13.2.1/thumb/v6-m/nofp\libgcc.a(unorddf2.o)
                                                  C:/tools/MCUXpressoIDE_24.12.148/ide/plugins/com.nxp.mcuxpresso.tools.win32_24.12.0.202407110909/tools/bin/../lib/gcc/arm-none-eabi/13.2.1/thumb/v6-m/nofp\libc.a(libc_a-svfprintf.o)
__aeabi_ddiv                                      C:/tools/MCUXpressoIDE_24.12.148/ide/plugins/com.nxp.mcuxpresso.tools.win32_24.12.0.202407110909/tools/bin/../lib/gcc/arm-none-eabi/13.2.1/thumb/v6-m/nofp\libgcc.a(divdf3.o)
                                                  C:/tools/MCUXpressoIDE_24.12.148/ide/plugins/com.nxp.mcuxpresso.tools.win32_24.12.0.202407110909/tools/bin/../lib/gcc/arm-none-eabi/13.2.1/thumb/v6-m/nofp\libc.a(libc_a-mprec.o)
                                                  C:/tools/MCUXpressoIDE_24.12.148/ide/plugins/com.nxp.mcuxpresso.tools.win32_24.12.0.202407110909/tools/bin/../lib/gcc/arm-none-eabi/13.2.1/thumb/v6-m/nofp\libc.a(libc_a-dtoa.o)
__aeabi_dmul                                      C:/tools/MCUXpressoIDE_24.12.148/ide/plugins/com.nxp.mcuxpresso.tools.win32_24.12.0.202407110909/tools/bin/../lib/gcc/arm-none-eabi/13.2.1/thumb/v6-m/nofp\libgcc.a(muldf3.o)
                                                  C:/tools/MCUXpressoIDE_24.12.148/ide/plugins/com.nxp.mcuxpresso.tools.win32_24.12.0.202407110909/tools/bin/../lib/gcc/arm-none-eabi/13.2.1/thumb/v6-m/nofp\libc.a(libc_a-mprec.o)
                                                  C:/tools/MCUXpressoIDE_24.12.148/ide/plugins/com.nxp.mcuxpresso.tools.win32_24.12.0.202407110909/tools/bin/../lib/gcc/arm-none-eabi/13.2.1/thumb/v6-m/nofp\libc.a(libc_a-dtoa.o)
                                                  C:/tools/MCUXpressoIDE_24.12.148/ide/plugins/com.nxp.mcuxpresso.tools.win32_24.12.0.202407110909/tools/bin/../lib/gcc/arm-none-eabi/13.2.1/thumb/v6-m/nofp\libc.a(libm_a-s_frexp.o)
                                                  C:/tools/MCUXpressoIDE_24.12.148/ide/plugins/com.nxp.mcuxpresso.tools.win32_24.12.0.202407110909/tools/bin/../lib/gcc/arm-none-eabi/13.2.1/thumb/v6-m/nofp\libc.a(libc_a-svfprintf.o)
__aeabi_dsub                                      C:/tools/MCUXpressoIDE_24.12.148/ide/plugins/com.nxp.mcuxpresso.tools.win32_24.12.0.202407110909/tools/bin/../lib/gcc/arm-none-eabi/13.2.1/thumb/v6-m/nofp\libgcc.a(subdf3.o)
                                                  C:/tools/MCUXpressoIDE_24.12.148/ide/plugins/com.nxp.mcuxpresso.tools.win32_24.12.0.202407110909/tools/bin/../lib/gcc/arm-none-eabi/13.2.1/thumb/v6-m/nofp\libc.a(libc_a-dtoa.o)
                                                  C:/tools/MCUXpressoIDE_24.12.148/ide/plugins/com.nxp.mcuxpresso.tools.win32_24.12.0.202407110909/tools/bin/../lib/gcc/arm-none-eabi/13.2.1/thumb/v6-m/nofp\libc.a(libc_a-svfprintf.o)
__aeabi_i2d                                       C:/tools/MCUXpressoIDE_24.12.148/ide/plugins/com.nxp.mcuxpresso.tools.win32_24.12.0.202407110909/tools/bin/../lib/gcc/arm-none-eabi/13.2.1/thumb/v6-m/nofp\libgcc.a(floatsidf.o)
                                                  C:/tools/MCUXpressoIDE_24.12.148/ide/plugins/com.nxp.mcuxpresso.tools.win32_24.12.0.202407110909/tools/bin/../lib/gcc/arm-none-eabi/13.2.1/thumb/v6-m/nofp\libc.a(libc_a-dtoa.o)
                                                  C:/tools/MCUXpressoIDE_24.12.148/ide/plugins/com.nxp.mcuxpresso.tools.win32_24.12.0.202407110909/tools/bin/../lib/gcc/arm-none-eabi/13.2.1/thumb/v6-m/nofp\libc.a(libc_a-svfprintf.o)
__aeabi_idiv                                      C:/tools/MCUXpressoIDE_24.12.148/ide/plugins/com.nxp.mcuxpresso.tools.win32_24.12.0.202407110909/tools/bin/../lib/gcc/arm-none-eabi/13.2.1/thumb/v6-m/nofp\libgcc.a(_divsi3.o)
                                                  C:/tools/MCUXpressoIDE_24.12.148/ide/plugins/com.nxp.mcuxpresso.tools.win32_24.12.0.202407110909/tools/bin/../lib/gcc/arm-none-eabi/13.2.1/thumb/v6-m/nofp\libc.a(libc_a-fvwrite.o)
                                                  C:/tools/MCUXpressoIDE_24.12.148/ide/plugins/com.nxp.mcuxpresso.tools.win32_24.12.0.202407110909/tools/bin/../lib/gcc/arm-none-eabi/13.2.1/thumb/v6-m/nofp\libc.a(libc_a-mprec.o)
                                                  C:/tools/MCUXpressoIDE_24.12.148/ide/plugins/com.nxp.mcuxpresso.tools.win32_24.12.0.202407110909/tools/bin/../lib/gcc/arm-none-eabi/13.2.1/thumb/v6-m/nofp\libc.a(libc_a-svfprintf.o)
__aeabi_idiv0                                     C:/tools/MCUXpressoIDE_24.12.148/ide/plugins/com.nxp.mcuxpresso.tools.win32_24.12.0.202407110909/tools/bin/../lib/gcc/arm-none-eabi/13.2.1/thumb/v6-m/nofp\libgcc.a(_dvmd_tls.o)
                                                  C:/tools/MCUXpressoIDE_24.12.148/ide/plugins/com.nxp.mcuxpresso.tools.win32_24.12.0.202407110909/tools/bin/../lib/gcc/arm-none-eabi/13.2.1/thumb/v6-m/nofp\libgcc.a(_divsi3.o)
                                                  C:/tools/MCUXpressoIDE_24.12.148/ide/plugins/com.nxp.mcuxpresso.tools.win32_24.12.0.202407110909/tools/bin/../lib/gcc/arm-none-eabi/13.2.1/thumb/v6-m/nofp\libgcc.a(_udivsi3.o)
__aeabi_idivmod                                   C:/tools/MCUXpressoIDE_24.12.148/ide/plugins/com.nxp.mcuxpresso.tools.win32_24.12.0.202407110909/tools/bin/../lib/gcc/arm-none-eabi/13.2.1/thumb/v6-m/nofp\libgcc.a(_divsi3.o)
                                                  C:/tools/MCUXpressoIDE_24.12.148/ide/plugins/com.nxp.mcuxpresso.tools.win32_24.12.0.202407110909/tools/bin/../lib/gcc/arm-none-eabi/13.2.1/thumb/v6-m/nofp\libc.a(libc_a-fvwrite.o)
                                                  C:/tools/MCUXpressoIDE_24.12.148/ide/plugins/com.nxp.mcuxpresso.tools.win32_24.12.0.202407110909/tools/bin/../lib/gcc/arm-none-eabi/13.2.1/thumb/v6-m/nofp\libc.a(libc_a-locale.o)
                                                  C:/tools/MCUXpressoIDE_24.12.148/ide/plugins/com.nxp.mcuxpresso.tools.win32_24.12.0.202407110909/tools/bin/../lib/gcc/arm-none-eabi/13.2.1/thumb/v6-m/nofp\libc.a(libc_a-svfprintf.o)
__aeabi_ldiv0                                     C:/tools/MCUXpressoIDE_24.12.148/ide/plugins/com.nxp.mcuxpresso.tools.win32_24.12.0.202407110909/tools/bin/../lib/gcc/arm-none-eabi/13.2.1/thumb/v6-m/nofp\libgcc.a(_dvmd_tls.o)
                                                  C:/tools/MCUXpressoIDE_24.12.148/ide/plugins/com.nxp.mcuxpresso.tools.win32_24.12.0.202407110909/tools/bin/../lib/gcc/arm-none-eabi/13.2.1/thumb/v6-m/nofp\libgcc.a(_aeabi_uldivmod.o)
__aeabi_ui2d                                      C:/tools/MCUXpressoIDE_24.12.148/ide/plugins/com.nxp.mcuxpresso.tools.win32_24.12.0.202407110909/tools/bin/../lib/gcc/arm-none-eabi/13.2.1/thumb/v6-m/nofp\libgcc.a(floatunsidf.o)
                                                  C:/tools/MCUXpressoIDE_24.12.148/ide/plugins/com.nxp.mcuxpresso.tools.win32_24.12.0.202407110909/tools/bin/../lib/gcc/arm-none-eabi/13.2.1/thumb/v6-m/nofp\libc.a(libc_a-dtoa.o)
__aeabi_uidiv                                     C:/tools/MCUXpressoIDE_24.12.148/ide/plugins/com.nxp.mcuxpresso.tools.win32_24.12.0.202407110909/tools/bin/../lib/gcc/arm-none-eabi/13.2.1/thumb/v6-m/nofp\libgcc.a(_udivsi3.o)
                                                  C:/tools/MCUXpressoIDE_24.12.148/ide/plugins/com.nxp.mcuxpresso.tools.win32_24.12.0.202407110909/tools/bin/../lib/gcc/arm-none-eabi/13.2.1/thumb/v6-m/nofp\libc.a(libc_a-freer.o)
                                                  C:/tools/MCUXpressoIDE_24.12.148/ide/plugins/com.nxp.mcuxpresso.tools.win32_24.12.0.202407110909/tools/bin/../lib/gcc/arm-none-eabi/13.2.1/thumb/v6-m/nofp\libc.a(libc_a-dtoa.o)
                                                  C:/tools/MCUXpressoIDE_24.12.148/ide/plugins/com.nxp.mcuxpresso.tools.win32_24.12.0.202407110909/tools/bin/../lib/gcc/arm-none-eabi/13.2.1/thumb/v6-m/nofp\libc.a(libc_a-svfprintf.o)
                                                  ./src/premain.o
                                                  ./src/i2c_11xx.o
                                                  ./src/clock_11xx.o
                                                  ./src/freertos/src/port.o
__aeabi_uidivmod                                  C:/tools/MCUXpressoIDE_24.12.148/ide/plugins/com.nxp.mcuxpresso.tools.win32_24.12.0.202407110909/tools/bin/../lib/gcc/arm-none-eabi/13.2.1/thumb/v6-m/nofp\libgcc.a(_udivsi3.o)
                                                  C:/tools/MCUXpressoIDE_24.12.148/ide/plugins/com.nxp.mcuxpresso.tools.win32_24.12.0.202407110909/tools/bin/../lib/gcc/arm-none-eabi/13.2.1/thumb/v6-m/nofp\libgcc.a(divdf3.o)
                                                  C:/tools/MCUXpressoIDE_24.12.148/ide/plugins/com.nxp.mcuxpresso.tools.win32_24.12.0.202407110909/tools/bin/../lib/gcc/arm-none-eabi/13.2.1/thumb/v6-m/nofp\libc.a(libc_a-strtol.o)
                                                  C:/tools/MCUXpressoIDE_24.12.148/ide/plugins/com.nxp.mcuxpresso.tools.win32_24.12.0.202407110909/tools/bin/../lib/gcc/arm-none-eabi/13.2.1/thumb/v6-m/nofp\libc.a(libc_a-svfprintf.o)
__aeabi_uldivmod                                  C:/tools/MCUXpressoIDE_24.12.148/ide/plugins/com.nxp.mcuxpresso.tools.win32_24.12.0.202407110909/tools/bin/../lib/gcc/arm-none-eabi/13.2.1/thumb/v6-m/nofp\libgcc.a(_aeabi_uldivmod.o)
                                                  C:/tools/MCUXpressoIDE_24.12.148/ide/plugins/com.nxp.mcuxpresso.tools.win32_24.12.0.202407110909/tools/bin/../lib/gcc/arm-none-eabi/13.2.1/thumb/v6-m/nofp\libc.a(libc_a-vfiprintf.o)
                                                  C:/tools/MCUXpressoIDE_24.12.148/ide/plugins/com.nxp.mcuxpresso.tools.win32_24.12.0.202407110909/tools/bin/../lib/gcc/arm-none-eabi/13.2.1/thumb/v6-m/nofp\libc.a(libc_a-svfiprintf.o)
                                                  C:/tools/MCUXpressoIDE_24.12.148/ide/plugins/com.nxp.mcuxpresso.tools.win32_24.12.0.202407110909/tools/bin/../lib/gcc/arm-none-eabi/13.2.1/thumb/v6-m/nofp\libc.a(libc_a-svfprintf.o)
__any_on                                          C:/tools/MCUXpressoIDE_24.12.148/ide/plugins/com.nxp.mcuxpresso.tools.win32_24.12.0.202407110909/tools/bin/../lib/gcc/arm-none-eabi/13.2.1/thumb/v6-m/nofp\libc.a(libc_a-mprec.o)
__ascii_mbtowc                                    C:/tools/MCUXpressoIDE_24.12.148/ide/plugins/com.nxp.mcuxpresso.tools.win32_24.12.0.202407110909/tools/bin/../lib/gcc/arm-none-eabi/13.2.1/thumb/v6-m/nofp\libc.a(libc_a-mbtowc_r.o)
                                                  C:/tools/MCUXpressoIDE_24.12.148/ide/plugins/com.nxp.mcuxpresso.tools.win32_24.12.0.202407110909/tools/bin/../lib/gcc/arm-none-eabi/13.2.1/thumb/v6-m/nofp\libc.a(libc_a-locale.o)
__ascii_wctomb                                    C:/tools/MCUXpressoIDE_24.12.148/ide/plugins/com.nxp.mcuxpresso.tools.win32_24.12.0.202407110909/tools/bin/../lib/gcc/arm-none-eabi/13.2.1/thumb/v6-m/nofp\libc.a(libc_a-wctomb_r.o)
                                                  C:/tools/MCUXpressoIDE_24.12.148/ide/plugins/com.nxp.mcuxpresso.tools.win32_24.12.0.202407110909/tools/bin/../lib/gcc/arm-none-eabi/13.2.1/thumb/v6-m/nofp\libc.a(libc_a-locale.o)
__assert                                          C:/tools/MCUXpressoIDE_24.12.148/ide/plugins/com.nxp.mcuxpresso.tools.win32_24.12.0.202407110909/tools/bin/../lib/gcc/arm-none-eabi/13.2.1/thumb/v6-m/nofp\libc.a(libc_a-assert.o)
__assert_func                                     C:/tools/MCUXpressoIDE_24.12.148/ide/plugins/com.nxp.mcuxpresso.tools.win32_24.12.0.202407110909/tools/bin/../lib/gcc/arm-none-eabi/13.2.1/thumb/v6-m/nofp\libc.a(libc_a-assert.o)
                                                  C:/tools/MCUXpressoIDE_24.12.148/ide/plugins/com.nxp.mcuxpresso.tools.win32_24.12.0.202407110909/tools/bin/../lib/gcc/arm-none-eabi/13.2.1/thumb/v6-m/nofp\libc.a(libc_a-mprec.o)
                                                  C:/tools/MCUXpressoIDE_24.12.148/ide/plugins/com.nxp.mcuxpresso.tools.win32_24.12.0.202407110909/tools/bin/../lib/gcc/arm-none-eabi/13.2.1/thumb/v6-m/nofp\libc.a(libc_a-dtoa.o)
__b2d                                             C:/tools/MCUXpressoIDE_24.12.148/ide/plugins/com.nxp.mcuxpresso.tools.win32_24.12.0.202407110909/tools/bin/../lib/gcc/arm-none-eabi/13.2.1/thumb/v6-m/nofp\libc.a(libc_a-mprec.o)
__bss_section_table_end                           ./src/cr_startup_lpc11xx.o
__check_heap_overflow                             C:/tools/MCUXpressoIDE_24.12.148/ide/plugins/com.nxp.mcuxpresso.tools.win32_24.12.0.202407110909/tools/bin/../lib/gcc/arm-none-eabi/13.2.1/../../../../arm-none-eabi/lib/thumb/v6-m/nofp\libcr_newlib_none.a(_cr_check_heap.o)
                                                  C:/tools/MCUXpressoIDE_24.12.148/ide/plugins/com.nxp.mcuxpresso.tools.win32_24.12.0.202407110909/tools/bin/../lib/gcc/arm-none-eabi/13.2.1/../../../../arm-none-eabi/lib/thumb/v6-m/nofp\libcr_newlib_none.a(_cr_sbrk.o)
__clzdi2                                          C:/tools/MCUXpressoIDE_24.12.148/ide/plugins/com.nxp.mcuxpresso.tools.win32_24.12.0.202407110909/tools/bin/../lib/gcc/arm-none-eabi/13.2.1/thumb/v6-m/nofp\libgcc.a(_clzdi2.o)
                                                  C:/tools/MCUXpressoIDE_24.12.148/ide/plugins/com.nxp.mcuxpresso.tools.win32_24.12.0.202407110909/tools/bin/../lib/gcc/arm-none-eabi/13.2.1/thumb/v6-m/nofp\libgcc.a(_udivmoddi4.o)
__clzsi2                                          C:/tools/MCUXpressoIDE_24.12.148/ide/plugins/com.nxp.mcuxpresso.tools.win32_24.12.0.202407110909/tools/bin/../lib/gcc/arm-none-eabi/13.2.1/thumb/v6-m/nofp\libgcc.a(_clzsi2.o)
                                                  C:/tools/MCUXpressoIDE_24.12.148/ide/plugins/com.nxp.mcuxpresso.tools.win32_24.12.0.202407110909/tools/bin/../lib/gcc/arm-none-eabi/13.2.1/thumb/v6-m/nofp\libgcc.a(_clzdi2.o)
                                                  C:/tools/MCUXpressoIDE_24.12.148/ide/plugins/com.nxp.mcuxpresso.tools.win32_24.12.0.202407110909/tools/bin/../lib/gcc/arm-none-eabi/13.2.1/thumb/v6-m/nofp\libgcc.a(floatunsidf.o)
                                                  C:/tools/MCUXpressoIDE_24.12.148/ide/plugins/com.nxp.mcuxpresso.tools.win32_24.12.0.202407110909/tools/bin/../lib/gcc/arm-none-eabi/13.2.1/thumb/v6-m/nofp\libgcc.a(floatsidf.o)
                                                  C:/tools/MCUXpressoIDE_24.12.148/ide/plugins/com.nxp.mcuxpresso.tools.win32_24.12.0.202407110909/tools/bin/../lib/gcc/arm-none-eabi/13.2.1/thumb/v6-m/nofp\libgcc.a(subdf3.o)
                                                  C:/tools/MCUXpressoIDE_24.12.148/ide/plugins/com.nxp.mcuxpresso.tools.win32_24.12.0.202407110909/tools/bin/../lib/gcc/arm-none-eabi/13.2.1/thumb/v6-m/nofp\libgcc.a(muldf3.o)
                                                  C:/tools/MCUXpressoIDE_24.12.148/ide/plugins/com.nxp.mcuxpresso.tools.win32_24.12.0.202407110909/tools/bin/../lib/gcc/arm-none-eabi/13.2.1/thumb/v6-m/nofp\libgcc.a(divdf3.o)
                                                  C:/tools/MCUXpressoIDE_24.12.148/ide/plugins/com.nxp.mcuxpresso.tools.win32_24.12.0.202407110909/tools/bin/../lib/gcc/arm-none-eabi/13.2.1/thumb/v6-m/nofp\libgcc.a(adddf3.o)
__copybits                                        C:/tools/MCUXpressoIDE_24.12.148/ide/plugins/com.nxp.mcuxpresso.tools.win32_24.12.0.202407110909/tools/bin/../lib/gcc/arm-none-eabi/13.2.1/thumb/v6-m/nofp\libc.a(libc_a-mprec.o)
__d2b                                             C:/tools/MCUXpressoIDE_24.12.148/ide/plugins/com.nxp.mcuxpresso.tools.win32_24.12.0.202407110909/tools/bin/../lib/gcc/arm-none-eabi/13.2.1/thumb/v6-m/nofp\libc.a(libc_a-mprec.o)
                                                  C:/tools/MCUXpressoIDE_24.12.148/ide/plugins/com.nxp.mcuxpresso.tools.win32_24.12.0.202407110909/tools/bin/../lib/gcc/arm-none-eabi/13.2.1/thumb/v6-m/nofp\libc.a(libc_a-dtoa.o)
__data_section_table                              ./src/cr_startup_lpc11xx.o
__data_section_table_end                          ./src/cr_startup_lpc11xx.o
__default_locale                                  C:/tools/MCUXpressoIDE_24.12.148/ide/plugins/com.nxp.mcuxpresso.tools.win32_24.12.0.202407110909/tools/bin/../lib/gcc/arm-none-eabi/13.2.1/thumb/v6-m/nofp\libc.a(libc_a-locale.o)
__divsi3                                          C:/tools/MCUXpressoIDE_24.12.148/ide/plugins/com.nxp.mcuxpresso.tools.win32_24.12.0.202407110909/tools/bin/../lib/gcc/arm-none-eabi/13.2.1/thumb/v6-m/nofp\libgcc.a(_divsi3.o)
__end_of_heap                                     C:/tools/MCUXpressoIDE_24.12.148/ide/plugins/com.nxp.mcuxpresso.tools.win32_24.12.0.202407110909/tools/bin/../lib/gcc/arm-none-eabi/13.2.1/../../../../arm-none-eabi/lib/thumb/v6-m/nofp\libcr_newlib_none.a(_cr_sbrk.o)
__env_lock                                        C:/tools/MCUXpressoIDE_24.12.148/ide/plugins/com.nxp.mcuxpresso.tools.win32_24.12.0.202407110909/tools/bin/../lib/gcc/arm-none-eabi/13.2.1/thumb/v6-m/nofp\libc.a(libc_a-envlock.o)
                                                  C:/tools/MCUXpressoIDE_24.12.148/ide/plugins/com.nxp.mcuxpresso.tools.win32_24.12.0.202407110909/tools/bin/../lib/gcc/arm-none-eabi/13.2.1/thumb/v6-m/nofp\libc.a(libc_a-getenv_r.o)
__env_unlock                                      C:/tools/MCUXpressoIDE_24.12.148/ide/plugins/com.nxp.mcuxpresso.tools.win32_24.12.0.202407110909/tools/bin/../lib/gcc/arm-none-eabi/13.2.1/thumb/v6-m/nofp\libc.a(libc_a-envlock.o)
                                                  C:/tools/MCUXpressoIDE_24.12.148/ide/plugins/com.nxp.mcuxpresso.tools.win32_24.12.0.202407110909/tools/bin/../lib/gcc/arm-none-eabi/13.2.1/thumb/v6-m/nofp\libc.a(libc_a-getenv_r.o)
__eqdf2                                           C:/tools/MCUXpressoIDE_24.12.148/ide/plugins/com.nxp.mcuxpresso.tools.win32_24.12.0.202407110909/tools/bin/../lib/gcc/arm-none-eabi/13.2.1/thumb/v6-m/nofp\libgcc.a(eqdf2.o)
                                                  C:/tools/MCUXpressoIDE_24.12.148/ide/plugins/com.nxp.mcuxpresso.tools.win32_24.12.0.202407110909/tools/bin/../lib/gcc/arm-none-eabi/13.2.1/thumb/v6-m/nofp\libgcc.a(_arm_cmpdf2.o)
__errno                                           C:/tools/MCUXpressoIDE_24.12.148/ide/plugins/com.nxp.mcuxpresso.tools.win32_24.12.0.202407110909/tools/bin/../lib/gcc/arm-none-eabi/13.2.1/thumb/v6-m/nofp\libc.a(libc_a-errno.o)
                                                  C:/tools/MCUXpressoIDE_24.12.148/ide/plugins/com.nxp.mcuxpresso.tools.win32_24.12.0.202407110909/tools/bin/../lib/gcc/arm-none-eabi/13.2.1/../../../../arm-none-eabi/lib/thumb/v6-m/nofp\libcr_newlib_none.a(_cr_sbrk.o)
                                                  C:/tools/MCUXpressoIDE_24.12.148/ide/plugins/com.nxp.mcuxpresso.tools.win32_24.12.0.202407110909/tools/bin/../lib/gcc/arm-none-eabi/13.2.1/thumb/v6-m/nofp\libc.a(libc_a-callocr.o)
                                                  C:/tools/MCUXpressoIDE_24.12.148/ide/plugins/com.nxp.mcuxpresso.tools.win32_24.12.0.202407110909/tools/bin/../lib/gcc/arm-none-eabi/13.2.1/thumb/v6-m/nofp\libc.a(libc_a-sysconf.o)
                                                  C:/tools/MCUXpressoIDE_24.12.148/ide/plugins/com.nxp.mcuxpresso.tools.win32_24.12.0.202407110909/tools/bin/../lib/gcc/arm-none-eabi/13.2.1/thumb/v6-m/nofp\libc.a(libc_a-strtol.o)
__eucjp_mbtowc                                    C:/tools/MCUXpressoIDE_24.12.148/ide/plugins/com.nxp.mcuxpresso.tools.win32_24.12.0.202407110909/tools/bin/../lib/gcc/arm-none-eabi/13.2.1/thumb/v6-m/nofp\libc.a(libc_a-mbtowc_r.o)
                                                  C:/tools/MCUXpressoIDE_24.12.148/ide/plugins/com.nxp.mcuxpresso.tools.win32_24.12.0.202407110909/tools/bin/../lib/gcc/arm-none-eabi/13.2.1/thumb/v6-m/nofp\libc.a(libc_a-locale.o)
__eucjp_wctomb                                    C:/tools/MCUXpressoIDE_24.12.148/ide/plugins/com.nxp.mcuxpresso.tools.win32_24.12.0.202407110909/tools/bin/../lib/gcc/arm-none-eabi/13.2.1/thumb/v6-m/nofp\libc.a(libc_a-wctomb_r.o)
                                                  C:/tools/MCUXpressoIDE_24.12.148/ide/plugins/com.nxp.mcuxpresso.tools.win32_24.12.0.202407110909/tools/bin/../lib/gcc/arm-none-eabi/13.2.1/thumb/v6-m/nofp\libc.a(libc_a-locale.o)
__fp_lock_all                                     C:/tools/MCUXpressoIDE_24.12.148/ide/plugins/com.nxp.mcuxpresso.tools.win32_24.12.0.202407110909/tools/bin/../lib/gcc/arm-none-eabi/13.2.1/thumb/v6-m/nofp\libc.a(libc_a-findfp.o)
__fp_unlock_all                                   C:/tools/MCUXpressoIDE_24.12.148/ide/plugins/com.nxp.mcuxpresso.tools.win32_24.12.0.202407110909/tools/bin/../lib/gcc/arm-none-eabi/13.2.1/thumb/v6-m/nofp\libc.a(libc_a-findfp.o)
__fputwc                                          C:/tools/MCUXpressoIDE_24.12.148/ide/plugins/com.nxp.mcuxpresso.tools.win32_24.12.0.202407110909/tools/bin/../lib/gcc/arm-none-eabi/13.2.1/thumb/v6-m/nofp\libc.a(libc_a-fputwc.o)
__gedf2                                           C:/tools/MCUXpressoIDE_24.12.148/ide/plugins/com.nxp.mcuxpresso.tools.win32_24.12.0.202407110909/tools/bin/../lib/gcc/arm-none-eabi/13.2.1/thumb/v6-m/nofp\libgcc.a(gedf2.o)
                                                  C:/tools/MCUXpressoIDE_24.12.148/ide/plugins/com.nxp.mcuxpresso.tools.win32_24.12.0.202407110909/tools/bin/../lib/gcc/arm-none-eabi/13.2.1/thumb/v6-m/nofp\libgcc.a(_arm_cmpdf2.o)
__get_locale_env                                  C:/tools/MCUXpressoIDE_24.12.148/ide/plugins/com.nxp.mcuxpresso.tools.win32_24.12.0.202407110909/tools/bin/../lib/gcc/arm-none-eabi/13.2.1/thumb/v6-m/nofp\libc.a(libc_a-locale.o)
__global_locale                                   C:/tools/MCUXpressoIDE_24.12.148/ide/plugins/com.nxp.mcuxpresso.tools.win32_24.12.0.202407110909/tools/bin/../lib/gcc/arm-none-eabi/13.2.1/thumb/v6-m/nofp\libc.a(libc_a-locale.o)
                                                  C:/tools/MCUXpressoIDE_24.12.148/ide/plugins/com.nxp.mcuxpresso.tools.win32_24.12.0.202407110909/tools/bin/../lib/gcc/arm-none-eabi/13.2.1/thumb/v6-m/nofp\libc.a(libc_a-vfiprintf.o)
                                                  C:/tools/MCUXpressoIDE_24.12.148/ide/plugins/com.nxp.mcuxpresso.tools.win32_24.12.0.202407110909/tools/bin/../lib/gcc/arm-none-eabi/13.2.1/thumb/v6-m/nofp\libc.a(libc_a-wcsnrtombs.o)
                                                  C:/tools/MCUXpressoIDE_24.12.148/ide/plugins/com.nxp.mcuxpresso.tools.win32_24.12.0.202407110909/tools/bin/../lib/gcc/arm-none-eabi/13.2.1/thumb/v6-m/nofp\libc.a(libc_a-svfiprintf.o)
                                                  C:/tools/MCUXpressoIDE_24.12.148/ide/plugins/com.nxp.mcuxpresso.tools.win32_24.12.0.202407110909/tools/bin/../lib/gcc/arm-none-eabi/13.2.1/thumb/v6-m/nofp\libc.a(libc_a-wcrtomb.o)
                                                  C:/tools/MCUXpressoIDE_24.12.148/ide/plugins/com.nxp.mcuxpresso.tools.win32_24.12.0.202407110909/tools/bin/../lib/gcc/arm-none-eabi/13.2.1/thumb/v6-m/nofp\libc.a(libc_a-wctomb_r.o)
                                                  C:/tools/MCUXpressoIDE_24.12.148/ide/plugins/com.nxp.mcuxpresso.tools.win32_24.12.0.202407110909/tools/bin/../lib/gcc/arm-none-eabi/13.2.1/thumb/v6-m/nofp\libc.a(libc_a-mbtowc_r.o)
                                                  C:/tools/MCUXpressoIDE_24.12.148/ide/plugins/com.nxp.mcuxpresso.tools.win32_24.12.0.202407110909/tools/bin/../lib/gcc/arm-none-eabi/13.2.1/thumb/v6-m/nofp\libc.a(libc_a-localeconv.o)
                                                  C:/tools/MCUXpressoIDE_24.12.148/ide/plugins/com.nxp.mcuxpresso.tools.win32_24.12.0.202407110909/tools/bin/../lib/gcc/arm-none-eabi/13.2.1/thumb/v6-m/nofp\libc.a(libc_a-svfprintf.o)
__gtdf2                                           C:/tools/MCUXpressoIDE_24.12.148/ide/plugins/com.nxp.mcuxpresso.tools.win32_24.12.0.202407110909/tools/bin/../lib/gcc/arm-none-eabi/13.2.1/thumb/v6-m/nofp\libgcc.a(gedf2.o)
__hi0bits                                         C:/tools/MCUXpressoIDE_24.12.148/ide/plugins/com.nxp.mcuxpresso.tools.win32_24.12.0.202407110909/tools/bin/../lib/gcc/arm-none-eabi/13.2.1/thumb/v6-m/nofp\libc.a(libc_a-mprec.o)
                                                  C:/tools/MCUXpressoIDE_24.12.148/ide/plugins/com.nxp.mcuxpresso.tools.win32_24.12.0.202407110909/tools/bin/../lib/gcc/arm-none-eabi/13.2.1/thumb/v6-m/nofp\libc.a(libc_a-dtoa.o)
__i2b                                             C:/tools/MCUXpressoIDE_24.12.148/ide/plugins/com.nxp.mcuxpresso.tools.win32_24.12.0.202407110909/tools/bin/../lib/gcc/arm-none-eabi/13.2.1/thumb/v6-m/nofp\libc.a(libc_a-mprec.o)
                                                  C:/tools/MCUXpressoIDE_24.12.148/ide/plugins/com.nxp.mcuxpresso.tools.win32_24.12.0.202407110909/tools/bin/../lib/gcc/arm-none-eabi/13.2.1/thumb/v6-m/nofp\libc.a(libc_a-dtoa.o)
__jis_mbtowc                                      C:/tools/MCUXpressoIDE_24.12.148/ide/plugins/com.nxp.mcuxpresso.tools.win32_24.12.0.202407110909/tools/bin/../lib/gcc/arm-none-eabi/13.2.1/thumb/v6-m/nofp\libc.a(libc_a-mbtowc_r.o)
                                                  C:/tools/MCUXpressoIDE_24.12.148/ide/plugins/com.nxp.mcuxpresso.tools.win32_24.12.0.202407110909/tools/bin/../lib/gcc/arm-none-eabi/13.2.1/thumb/v6-m/nofp\libc.a(libc_a-locale.o)
__jis_wctomb                                      C:/tools/MCUXpressoIDE_24.12.148/ide/plugins/com.nxp.mcuxpresso.tools.win32_24.12.0.202407110909/tools/bin/../lib/gcc/arm-none-eabi/13.2.1/thumb/v6-m/nofp\libc.a(libc_a-wctomb_r.o)
                                                  C:/tools/MCUXpressoIDE_24.12.148/ide/plugins/com.nxp.mcuxpresso.tools.win32_24.12.0.202407110909/tools/bin/../lib/gcc/arm-none-eabi/13.2.1/thumb/v6-m/nofp\libc.a(libc_a-locale.o)
__ledf2                                           C:/tools/MCUXpressoIDE_24.12.148/ide/plugins/com.nxp.mcuxpresso.tools.win32_24.12.0.202407110909/tools/bin/../lib/gcc/arm-none-eabi/13.2.1/thumb/v6-m/nofp\libgcc.a(ledf2.o)
                                                  C:/tools/MCUXpressoIDE_24.12.148/ide/plugins/com.nxp.mcuxpresso.tools.win32_24.12.0.202407110909/tools/bin/../lib/gcc/arm-none-eabi/13.2.1/thumb/v6-m/nofp\libgcc.a(_arm_cmpdf2.o)
__lo0bits                                         C:/tools/MCUXpressoIDE_24.12.148/ide/plugins/com.nxp.mcuxpresso.tools.win32_24.12.0.202407110909/tools/bin/../lib/gcc/arm-none-eabi/13.2.1/thumb/v6-m/nofp\libc.a(libc_a-mprec.o)
__loadlocale                                      C:/tools/MCUXpressoIDE_24.12.148/ide/plugins/com.nxp.mcuxpresso.tools.win32_24.12.0.202407110909/tools/bin/../lib/gcc/arm-none-eabi/13.2.1/thumb/v6-m/nofp\libc.a(libc_a-locale.o)
__locale_mb_cur_max                               C:/tools/MCUXpressoIDE_24.12.148/ide/plugins/com.nxp.mcuxpresso.tools.win32_24.12.0.202407110909/tools/bin/../lib/gcc/arm-none-eabi/13.2.1/thumb/v6-m/nofp\libc.a(libc_a-locale.o)
                                                  C:/tools/MCUXpressoIDE_24.12.148/ide/plugins/com.nxp.mcuxpresso.tools.win32_24.12.0.202407110909/tools/bin/../lib/gcc/arm-none-eabi/13.2.1/thumb/v6-m/nofp\libc.a(libc_a-fputwc.o)
                                                  C:/tools/MCUXpressoIDE_24.12.148/ide/plugins/com.nxp.mcuxpresso.tools.win32_24.12.0.202407110909/tools/bin/../lib/gcc/arm-none-eabi/13.2.1/thumb/v6-m/nofp\libc.a(libc_a-vfiprintf.o)
                                                  C:/tools/MCUXpressoIDE_24.12.148/ide/plugins/com.nxp.mcuxpresso.tools.win32_24.12.0.202407110909/tools/bin/../lib/gcc/arm-none-eabi/13.2.1/thumb/v6-m/nofp\libc.a(libc_a-svfiprintf.o)
                                                  C:/tools/MCUXpressoIDE_24.12.148/ide/plugins/com.nxp.mcuxpresso.tools.win32_24.12.0.202407110909/tools/bin/../lib/gcc/arm-none-eabi/13.2.1/thumb/v6-m/nofp\libc.a(libc_a-svfprintf.o)
__localeconv_l                                    C:/tools/MCUXpressoIDE_24.12.148/ide/plugins/com.nxp.mcuxpresso.tools.win32_24.12.0.202407110909/tools/bin/../lib/gcc/arm-none-eabi/13.2.1/thumb/v6-m/nofp\libc.a(libc_a-localeconv.o)
__lock___arc4random_mutex                         C:/tools/MCUXpressoIDE_24.12.148/ide/plugins/com.nxp.mcuxpresso.tools.win32_24.12.0.202407110909/tools/bin/../lib/gcc/arm-none-eabi/13.2.1/thumb/v6-m/nofp\libc.a(libc_a-lock.o)
__lock___at_quick_exit_mutex                      C:/tools/MCUXpressoIDE_24.12.148/ide/plugins/com.nxp.mcuxpresso.tools.win32_24.12.0.202407110909/tools/bin/../lib/gcc/arm-none-eabi/13.2.1/thumb/v6-m/nofp\libc.a(libc_a-lock.o)
__lock___atexit_recursive_mutex                   C:/tools/MCUXpressoIDE_24.12.148/ide/plugins/com.nxp.mcuxpresso.tools.win32_24.12.0.202407110909/tools/bin/../lib/gcc/arm-none-eabi/13.2.1/thumb/v6-m/nofp\libc.a(libc_a-lock.o)
__lock___dd_hash_mutex                            C:/tools/MCUXpressoIDE_24.12.148/ide/plugins/com.nxp.mcuxpresso.tools.win32_24.12.0.202407110909/tools/bin/../lib/gcc/arm-none-eabi/13.2.1/thumb/v6-m/nofp\libc.a(libc_a-lock.o)
__lock___env_recursive_mutex                      C:/tools/MCUXpressoIDE_24.12.148/ide/plugins/com.nxp.mcuxpresso.tools.win32_24.12.0.202407110909/tools/bin/../lib/gcc/arm-none-eabi/13.2.1/thumb/v6-m/nofp\libc.a(libc_a-lock.o)
                                                  C:/tools/MCUXpressoIDE_24.12.148/ide/plugins/com.nxp.mcuxpresso.tools.win32_24.12.0.202407110909/tools/bin/../lib/gcc/arm-none-eabi/13.2.1/thumb/v6-m/nofp\libc.a(libc_a-envlock.o)
__lock___malloc_recursive_mutex                   C:/tools/MCUXpressoIDE_24.12.148/ide/plugins/com.nxp.mcuxpresso.tools.win32_24.12.0.202407110909/tools/bin/../lib/gcc/arm-none-eabi/13.2.1/thumb/v6-m/nofp\libc.a(libc_a-lock.o)
                                                  C:/tools/MCUXpressoIDE_24.12.148/ide/plugins/com.nxp.mcuxpresso.tools.win32_24.12.0.202407110909/tools/bin/../lib/gcc/arm-none-eabi/13.2.1/thumb/v6-m/nofp\libc.a(libc_a-mlock.o)
__lock___sfp_recursive_mutex                      C:/tools/MCUXpressoIDE_24.12.148/ide/plugins/com.nxp.mcuxpresso.tools.win32_24.12.0.202407110909/tools/bin/../lib/gcc/arm-none-eabi/13.2.1/thumb/v6-m/nofp\libc.a(libc_a-lock.o)
                                                  C:/tools/MCUXpressoIDE_24.12.148/ide/plugins/com.nxp.mcuxpresso.tools.win32_24.12.0.202407110909/tools/bin/../lib/gcc/arm-none-eabi/13.2.1/thumb/v6-m/nofp\libc.a(libc_a-findfp.o)
__lock___tz_mutex                                 C:/tools/MCUXpressoIDE_24.12.148/ide/plugins/com.nxp.mcuxpresso.tools.win32_24.12.0.202407110909/tools/bin/../lib/gcc/arm-none-eabi/13.2.1/thumb/v6-m/nofp\libc.a(libc_a-lock.o)
__lshift                                          C:/tools/MCUXpressoIDE_24.12.148/ide/plugins/com.nxp.mcuxpresso.tools.win32_24.12.0.202407110909/tools/bin/../lib/gcc/arm-none-eabi/13.2.1/thumb/v6-m/nofp\libc.a(libc_a-mprec.o)
                                                  C:/tools/MCUXpressoIDE_24.12.148/ide/plugins/com.nxp.mcuxpresso.tools.win32_24.12.0.202407110909/tools/bin/../lib/gcc/arm-none-eabi/13.2.1/thumb/v6-m/nofp\libc.a(libc_a-dtoa.o)
__ltdf2                                           C:/tools/MCUXpressoIDE_24.12.148/ide/plugins/com.nxp.mcuxpresso.tools.win32_24.12.0.202407110909/tools/bin/../lib/gcc/arm-none-eabi/13.2.1/thumb/v6-m/nofp\libgcc.a(ledf2.o)
__malloc_av_                                      C:/tools/MCUXpressoIDE_24.12.148/ide/plugins/com.nxp.mcuxpresso.tools.win32_24.12.0.202407110909/tools/bin/../lib/gcc/arm-none-eabi/13.2.1/thumb/v6-m/nofp\libc.a(libc_a-mallocr.o)
                                                  C:/tools/MCUXpressoIDE_24.12.148/ide/plugins/com.nxp.mcuxpresso.tools.win32_24.12.0.202407110909/tools/bin/../lib/gcc/arm-none-eabi/13.2.1/thumb/v6-m/nofp\libc.a(libc_a-reallocr.o)
                                                  C:/tools/MCUXpressoIDE_24.12.148/ide/plugins/com.nxp.mcuxpresso.tools.win32_24.12.0.202407110909/tools/bin/../lib/gcc/arm-none-eabi/13.2.1/thumb/v6-m/nofp\libc.a(libc_a-freer.o)
__malloc_current_mallinfo                         C:/tools/MCUXpressoIDE_24.12.148/ide/plugins/com.nxp.mcuxpresso.tools.win32_24.12.0.202407110909/tools/bin/../lib/gcc/arm-none-eabi/13.2.1/thumb/v6-m/nofp\libc.a(libc_a-mallocr.o)
                                                  C:/tools/MCUXpressoIDE_24.12.148/ide/plugins/com.nxp.mcuxpresso.tools.win32_24.12.0.202407110909/tools/bin/../lib/gcc/arm-none-eabi/13.2.1/thumb/v6-m/nofp\libc.a(libc_a-freer.o)
__malloc_lock                                     C:/tools/MCUXpressoIDE_24.12.148/ide/plugins/com.nxp.mcuxpresso.tools.win32_24.12.0.202407110909/tools/bin/../lib/gcc/arm-none-eabi/13.2.1/thumb/v6-m/nofp\libc.a(libc_a-mlock.o)
                                                  C:/tools/MCUXpressoIDE_24.12.148/ide/plugins/com.nxp.mcuxpresso.tools.win32_24.12.0.202407110909/tools/bin/../lib/gcc/arm-none-eabi/13.2.1/thumb/v6-m/nofp\libc.a(libc_a-reallocr.o)
                                                  C:/tools/MCUXpressoIDE_24.12.148/ide/plugins/com.nxp.mcuxpresso.tools.win32_24.12.0.202407110909/tools/bin/../lib/gcc/arm-none-eabi/13.2.1/thumb/v6-m/nofp\libc.a(libc_a-mallocr.o)
                                                  C:/tools/MCUXpressoIDE_24.12.148/ide/plugins/com.nxp.mcuxpresso.tools.win32_24.12.0.202407110909/tools/bin/../lib/gcc/arm-none-eabi/13.2.1/thumb/v6-m/nofp\libc.a(libc_a-freer.o)
__malloc_max_sbrked_mem                           C:/tools/MCUXpressoIDE_24.12.148/ide/plugins/com.nxp.mcuxpresso.tools.win32_24.12.0.202407110909/tools/bin/../lib/gcc/arm-none-eabi/13.2.1/thumb/v6-m/nofp\libc.a(libc_a-mallocr.o)
__malloc_max_total_mem                            C:/tools/MCUXpressoIDE_24.12.148/ide/plugins/com.nxp.mcuxpresso.tools.win32_24.12.0.202407110909/tools/bin/../lib/gcc/arm-none-eabi/13.2.1/thumb/v6-m/nofp\libc.a(libc_a-mallocr.o)
__malloc_sbrk_base                                C:/tools/MCUXpressoIDE_24.12.148/ide/plugins/com.nxp.mcuxpresso.tools.win32_24.12.0.202407110909/tools/bin/../lib/gcc/arm-none-eabi/13.2.1/thumb/v6-m/nofp\libc.a(libc_a-mallocr.o)
                                                  C:/tools/MCUXpressoIDE_24.12.148/ide/plugins/com.nxp.mcuxpresso.tools.win32_24.12.0.202407110909/tools/bin/../lib/gcc/arm-none-eabi/13.2.1/thumb/v6-m/nofp\libc.a(libc_a-freer.o)
__malloc_top_pad                                  C:/tools/MCUXpressoIDE_24.12.148/ide/plugins/com.nxp.mcuxpresso.tools.win32_24.12.0.202407110909/tools/bin/../lib/gcc/arm-none-eabi/13.2.1/thumb/v6-m/nofp\libc.a(libc_a-mallocr.o)
                                                  C:/tools/MCUXpressoIDE_24.12.148/ide/plugins/com.nxp.mcuxpresso.tools.win32_24.12.0.202407110909/tools/bin/../lib/gcc/arm-none-eabi/13.2.1/thumb/v6-m/nofp\libc.a(libc_a-freer.o)
__malloc_trim_threshold                           C:/tools/MCUXpressoIDE_24.12.148/ide/plugins/com.nxp.mcuxpresso.tools.win32_24.12.0.202407110909/tools/bin/../lib/gcc/arm-none-eabi/13.2.1/thumb/v6-m/nofp\libc.a(libc_a-mallocr.o)
                                                  C:/tools/MCUXpressoIDE_24.12.148/ide/plugins/com.nxp.mcuxpresso.tools.win32_24.12.0.202407110909/tools/bin/../lib/gcc/arm-none-eabi/13.2.1/thumb/v6-m/nofp\libc.a(libc_a-freer.o)
__malloc_unlock                                   C:/tools/MCUXpressoIDE_24.12.148/ide/plugins/com.nxp.mcuxpresso.tools.win32_24.12.0.202407110909/tools/bin/../lib/gcc/arm-none-eabi/13.2.1/thumb/v6-m/nofp\libc.a(libc_a-mlock.o)