Archive member included to satisfy reference by file (symbol)

../CMSISv2p00/Debug/libCMSISv2p00_LPC11Uxx.a(system_LPC11Uxx.o)
                              ./src/freertos_blinky.o (SystemCoreClockUpdate)
C:/tools/MCUXpressoIDE_24.12.148/ide/plugins/com.nxp.mcuxpresso.tools.win32_24.12.0.202407110909/tools/bin/../lib/gcc/arm-none-eabi/13.2.1/thumb/v6-m/nofp\libgcc.a(_udivsi3.o)
                              ./src/freertos/src/port.o (__aeabi_uidiv)
C:/tools/MCUXpressoIDE_24.12.148/ide/plugins/com.nxp.mcuxpresso.tools.win32_24.12.0.202407110909/tools/bin/../lib/gcc/arm-none-eabi/13.2.1/thumb/v6-m/nofp\libgcc.a(_divsi3.o)
                              ../CMSISv2p00/Debug/libCMSISv2p00_LPC11Uxx.a(system_LPC11Uxx.o) (__aeabi_idiv)
C:/tools/MCUXpressoIDE_24.12.148/ide/plugins/com.nxp.mcuxpresso.tools.win32_24.12.0.202407110909/tools/bin/../lib/gcc/arm-none-eabi/13.2.1/thumb/v6-m/nofp\libgcc.a(_dvmd_tls.o)
                              C:/tools/MCUXpressoIDE_24.12.148/ide/plugins/com.nxp.mcuxpresso.tools.win32_24.12.0.202407110909/tools/bin/../lib/gcc/arm-none-eabi/13.2.1/thumb/v6-m/nofp\libgcc.a(_udivsi3.o) (__aeabi_idiv0)
C:/tools/MCUXpressoIDE_24.12.148/ide/plugins/com.nxp.mcuxpresso.tools.win32_24.12.0.202407110909/tools/bin/../lib/gcc/arm-none-eabi/13.2.1/thumb/v6-m/nofp\libc.a(libc_a-malloc.o)
                              ./src/glcd.o (malloc)
C:/tools/MCUXpressoIDE_24.12.148/ide/plugins/com.nxp.mcuxpresso.tools.win32_24.12.0.202407110909/tools/bin/../lib/gcc/arm-none-eabi/13.2.1/thumb/v6-m/nofp\libc.a(libc_a-mallocr.o)
                              C:/tools/MCUXpressoIDE_24.12.148/ide/plugins/com.nxp.mcuxpresso.tools.win32_24.12.0.202407110909/tools/bin/../lib/gcc/arm-none-eabi/13.2.1/thumb/v6-m/nofp\libc.a(libc_a-malloc.o) (_malloc_r)
C:/tools/MCUXpressoIDE_24.12.148/ide/plugins/com.nxp.mcuxpresso.tools.win32_24.12.0.202407110909/tools/bin/../lib/gcc/arm-none-eabi/13.2.1/thumb/v6-m/nofp\libc.a(libc_a-mlock.o)
                              C:/tools/MCUXpressoIDE_24.12.148/ide/plugins/com.nxp.mcuxpresso.tools.win32_24.12.0.202407110909/tools/bin/../lib/gcc/arm-none-eabi/13.2.1/thumb/v6-m/nofp\libc.a(libc_a-mallocr.o) (__malloc_lock)
C:/tools/MCUXpressoIDE_24.12.148/ide/plugins/com.nxp.mcuxpresso.tools.win32_24.12.0.202407110909/tools/bin/../lib/gcc/arm-none-eabi/13.2.1/thumb/v6-m/nofp\libc.a(libc_a-sprintf.o)
                              ./src/freertos/src/tasks.o (sprintf)
C:/tools/MCUXpressoIDE_24.12.148/ide/plugins/com.nxp.mcuxpresso.tools.win32_24.12.0.202407110909/tools/bin/../lib/gcc/arm-none-eabi/13.2.1/thumb/v6-m/nofp\libc.a(libc_a-memcmp.o)
                              ./src/freertos/src/tasks.o (memcmp)
C:/tools/MCUXpressoIDE_24.12.148/ide/plugins/com.nxp.mcuxpresso.tools.win32_24.12.0.202407110909/tools/bin/../lib/gcc/arm-none-eabi/13.2.1/thumb/v6-m/nofp\libc.a(libc_a-memset.o)
                              ./src/freertos/src/tasks.o (memset)
C:/tools/MCUXpressoIDE_24.12.148/ide/plugins/com.nxp.mcuxpresso.tools.win32_24.12.0.202407110909/tools/bin/../lib/gcc/arm-none-eabi/13.2.1/thumb/v6-m/nofp\libc.a(libc_a-strcat.o)
                              ./src/freertos/src/tasks.o (strcat)
C:/tools/MCUXpressoIDE_24.12.148/ide/plugins/com.nxp.mcuxpresso.tools.win32_24.12.0.202407110909/tools/bin/../lib/gcc/arm-none-eabi/13.2.1/thumb/v6-m/nofp\libc.a(libc_a-strncat.o)
                              ./src/task_lcd.o (strncat)
C:/tools/MCUXpressoIDE_24.12.148/ide/plugins/com.nxp.mcuxpresso.tools.win32_24.12.0.202407110909/tools/bin/../lib/gcc/arm-none-eabi/13.2.1/thumb/v6-m/nofp\libc.a(libc_a-strncpy.o)
                              ./src/freertos/src/tasks.o (strncpy)
C:/tools/MCUXpressoIDE_24.12.148/ide/plugins/com.nxp.mcuxpresso.tools.win32_24.12.0.202407110909/tools/bin/../lib/gcc/arm-none-eabi/13.2.1/thumb/v6-m/nofp\libc.a(libc_a-impure.o)
                              C:/tools/MCUXpressoIDE_24.12.148/ide/plugins/com.nxp.mcuxpresso.tools.win32_24.12.0.202407110909/tools/bin/../lib/gcc/arm-none-eabi/13.2.1/thumb/v6-m/nofp\libc.a(libc_a-malloc.o) (_impure_ptr)
C:/tools/MCUXpressoIDE_24.12.148/ide/plugins/com.nxp.mcuxpresso.tools.win32_24.12.0.202407110909/tools/bin/../lib/gcc/arm-none-eabi/13.2.1/thumb/v6-m/nofp\libc.a(libc_a-sbrkr.o)
                              C:/tools/MCUXpressoIDE_24.12.148/ide/plugins/com.nxp.mcuxpresso.tools.win32_24.12.0.202407110909/tools/bin/../lib/gcc/arm-none-eabi/13.2.1/thumb/v6-m/nofp\libc.a(libc_a-mallocr.o) (_sbrk_r)
C:/tools/MCUXpressoIDE_24.12.148/ide/plugins/com.nxp.mcuxpresso.tools.win32_24.12.0.202407110909/tools/bin/../lib/gcc/arm-none-eabi/13.2.1/thumb/v6-m/nofp\libc.a(libc_a-lock.o)
                              C:/tools/MCUXpressoIDE_24.12.148/ide/plugins/com.nxp.mcuxpresso.tools.win32_24.12.0.202407110909/tools/bin/../lib/gcc/arm-none-eabi/13.2.1/thumb/v6-m/nofp\libc.a(libc_a-mlock.o) (__retarget_lock_acquire_recursive)
[...]
Memory Configuration

Name             Origin             Length             Attributes
MFlash32         0x00000000         0x00008000         xr
RamLoc6          0x10000000         0x00001800         xrw
RamUsb2          0x20004000         0x00000800         xrw
*default*        0x00000000         0xffffffff

Linker script and memory map

LOAD ./src/freertos/src/FreeRTOSCommonHooks.o
LOAD ./src/freertos/src/croutine.o
LOAD ./src/freertos/src/heap_1.o
LOAD ./src/freertos/src/list.o
LOAD ./src/freertos/src/port.o
LOAD ./src/freertos/src/queue.o
LOAD ./src/freertos/src/tasks.o
LOAD ./src/freertos/src/timers.o
LOAD ./src/board/src/board.o
LOAD ./src/clock_11xx.o
LOAD ./src/cr_startup_lpc11xx.o
LOAD ./src/freertos_blinky.o
LOAD ./src/glcd.o
LOAD ./src/i2c_11xx.o
LOAD ./src/iic.o
LOAD ./src/iocon_11xx.o
LOAD ./src/premain.o
LOAD ./src/privgpio.o
LOAD ./src/rtc.o
LOAD ./src/sysctl_11xx.o
LOAD ./src/sysinit_Bb-LPC11U24custom.o
LOAD ./src/task_lcd.o
LOAD ./src/task_led.o
LOAD ../CMSISv2p00/Debug/libCMSISv2p00_LPC11Uxx.a
LOAD ../lpc_chip_11uxx_lib/libs/libusbd_11uxx_lib.a
START GROUP
LOAD C:/tools/MCUXpressoIDE_24.12.148/ide/plugins/com.nxp.mcuxpresso.tools.win32_24.12.0.202407110909/tools/bin/../lib/gcc/arm-none-eabi/13.2.1/thumb/v6-m/nofp\libgcc.a
LOAD C:/tools/MCUXpressoIDE_24.12.148/ide/plugins/com.nxp.mcuxpresso.tools.win32_24.12.0.202407110909/tools/bin/../lib/gcc/arm-none-eabi/13.2.1/thumb/v6-m/nofp\libc.a
LOAD C:/tools/MCUXpressoIDE_24.12.148/ide/plugins/com.nxp.mcuxpresso.tools.win32_24.12.0.202407110909/tools/bin/../lib/gcc/arm-none-eabi/13.2.1/thumb/v6-m/nofp\libm.a
LOAD C:/tools/MCUXpressoIDE_24.12.148/ide/plugins/com.nxp.mcuxpresso.tools.win32_24.12.0.202407110909/tools/bin/../lib/gcc/arm-none-eabi/13.2.1/../../../../arm-none-eabi/lib/thumb/v6-m/nofp\libcr_newlib_none.a
END GROUP
                0x00000000                        __base_MFlash32 = 0x0
                0x00000000                        __base_Flash = 0x0
                0x00008000                        __top_MFlash32 = 0x8000
                0x00008000                        __top_Flash = 0x8000
                0x10000000                        __base_RamLoc6 = 0x10000000
                0x10000000                        __base_RAM = 0x10000000
                0x10001800                        __top_RamLoc6 = 0x10001800
                0x10001800                        __top_RAM = 0x10001800
                0x20004000                        __base_RamUsb2 = 0x20004000
                0x20004000                        __base_RAM2 = 0x20004000
                0x20004800                        __top_RamUsb2 = 0x20004800
                0x20004800                        __top_RAM2 = 0x20004800

.text           0x00000000     0x434c
 FILL mask 0xff
                0x00000000                        __vectors_start__ = ABSOLUTE (.)
 *(.isr_vector)
 .isr_vector    0x00000000       0xc0 ./src/cr_startup_lpc11xx.o
                0x00000000                g_pfnVectors
                0x000000c0                        . = ALIGN (0x4)
                0x000000c0                        __section_table_start = .
                0x000000c0                        __data_section_table = .
                0x000000c0        0x4 LONG 0x434c LOADADDR (.data)
                0x000000c4        0x4 LONG 0x10000000 ADDR (.data)
                0x000000c8        0x4 LONG 0x560 SIZEOF (.data)
                0x000000cc        0x4 LONG 0x434c LOADADDR (.data_RAM2)
                0x000000d0        0x4 LONG 0x20004000 ADDR (.data_RAM2)
                0x000000d4        0x4 LONG 0x0 SIZEOF (.data_RAM2)
                0x000000d8                        __data_section_table_end = .
                0x000000d8                        __bss_section_table = .
                0x000000d8        0x4 LONG 0x10000560 ADDR (.bss)
                0x000000dc        0x4 LONG 0xad8 SIZEOF (.bss)
                0x000000e0        0x4 LONG 0x20004000 ADDR (.bss_RAM2)
                0x000000e4        0x4 LONG 0x0 SIZEOF (.bss_RAM2)
                0x000000e8                        __bss_section_table_end = .
                0x000000e8                        __section_table_end = .
 *(.after_vectors*)
 .after_vectors
                0x000000e8      0x128 ./src/cr_startup_lpc11xx.o
                0x000000e8                data_init
                0x0000012a                bss_init
                0x00000160                ResetISR
                0x000001e0                NMI_Handler
                0x000001e8                HardFault_Handler
                0x00000208                FLEX_INT7_IRQHandler
                0x00000208                TIMER32_0_IRQHandler
                0x00000208                UART_IRQHandler
                0x00000208                FLEX_INT1_IRQHandler
                0x00000208                IntDefaultHandler
                0x00000208                SSP0_IRQHandler
                0x00000208                USBWakeup_IRQHandler
                0x00000208                TIMER32_1_IRQHandler
                0x00000208                FLEX_INT0_IRQHandler
                0x00000208                FLEX_INT2_IRQHandler
                0x00000208                TIMER16_1_IRQHandler
                0x00000208                USB_FIQHandler
                0x00000208                FLEX_INT5_IRQHandler
                0x00000208                ADC_IRQHandler
                0x00000208                SSP1_IRQHandler
                0x00000208                FLEX_INT3_IRQHandler
                0x00000208                USB_IRQHandler
                0x00000208                BOD_IRQHandler
                0x00000208                I2C_IRQHandler
                0x00000208                WDT_IRQHandler
                0x00000208                GINT0_IRQHandler
                0x00000208                FLEX_INT4_IRQHandler
                0x00000208                TIMER16_0_IRQHandler
                0x00000208                FLEX_INT6_IRQHandler
                0x00000208                FMC_IRQHandler
                0x00000208                GINT1_IRQHandler
 *(.text*)
 .text.FreeRTOSDelay
                0x00000210       0x26 ./src/freertos/src/FreeRTOSCommonHooks.o
                0x00000210                FreeRTOSDelay
 .text.vApplicationMallocFailedHook
                0x00000236        0xa ./src/freertos/src/FreeRTOSCommonHooks.o
                0x00000236                vApplicationMallocFailedHook
 .text.vApplicationIdleHook
                0x00000240        0xe ./src/freertos/src/FreeRTOSCommonHooks.o
                0x00000240                vApplicationIdleHook
 .text.vApplicationStackOverflowHook
                0x0000024e       0x10 ./src/freertos/src/FreeRTOSCommonHooks.o
                0x0000024e                vApplicationStackOverflowHook
 *fill*         0x0000025e        0x2 ff
 .text.pvPortMalloc
                0x00000260       0x94 ./src/freertos/src/heap_1.o
                0x00000260                pvPortMalloc
 .text.vPortFree
                0x000002f4       0x1c ./src/freertos/src/heap_1.o
                0x000002f4                vPortFree
 .text.vListInitialise
                0x00000310       0x3c ./src/freertos/src/list.o
                0x00000310                vListInitialise
 .text.vListInitialiseItem
                0x0000034c       0x16 ./src/freertos/src/list.o
                0x0000034c                vListInitialiseItem
 .text.vListInsertEnd
                0x00000362       0x4c ./src/freertos/src/list.o
                0x00000362                vListInsertEnd
 .text.vListInsert
                0x000003ae       0x6c ./src/freertos/src/list.o
                0x000003ae                vListInsert
 .text.uxListRemove
                0x0000041a       0x50 ./src/freertos/src/list.o
                0x0000041a                uxListRemove
 .text.pxPortInitialiseStack
                0x0000046a       0x42 ./src/freertos/src/port.o
                0x0000046a                pxPortInitialiseStack
 .text.SVC_Handler
                0x000004ac       0x2c ./src/freertos/src/port.o
                0x000004ac                SVC_Handler
 .text.vPortStartFirstTask
                0x000004d8       0x10 ./src/freertos/src/port.o
 .text.xPortStartScheduler
                0x000004e8       0x40 ./src/freertos/src/port.o
                0x000004e8                xPortStartScheduler
 .text.vPortYield
                0x00000528       0x20 ./src/freertos/src/port.o
                0x00000528                vPortYield
 .text.vPortEnterCritical
                0x00000548       0x24 ./src/freertos/src/port.o
                0x00000548                vPortEnterCritical
 .text.vPortExitCritical
                0x0000056c       0x24 ./src/freertos/src/port.o
                0x0000056c                vPortExitCritical
 .text.PendSV_Handler
                0x00000590       0x48 ./src/freertos/src/port.o
                0x00000590                PendSV_Handler
 .text.SysTick_Handler
                0x000005d8       0x28 ./src/freertos/src/port.o
                0x000005d8                SysTick_Handler
 .text.prvSetupTimerInterrupt
                0x00000600       0x34 ./src/freertos/src/port.o
 .text.xQueueGenericReset
                0x00000634       0xac ./src/freertos/src/queue.o
                0x00000634                xQueueGenericReset
 .text.xQueueGenericCreate
                0x000006e0       0x8c ./src/freertos/src/queue.o
                0x000006e0                xQueueGenericCreate
 .text.xQueueGenericSend
                0x0000076c      0x134 ./src/freertos/src/queue.o
                0x0000076c                xQueueGenericSend
 .text.xQueueGenericReceive
                0x000008a0      0x196 ./src/freertos/src/queue.o
                0x000008a0                xQueueGenericReceive
 .text.prvCopyDataToQueue
                0x00000a36       0xb6 ./src/freertos/src/queue.o
 .text.prvCopyDataFromQueue
                0x00000aec       0x4c ./src/freertos/src/queue.o
 .text.prvUnlockQueue
                0x00000b38       0x94 ./src/freertos/src/queue.o
 .text.prvIsQueueEmpty
                0x00000bcc       0x2c ./src/freertos/src/queue.o
 .text.prvIsQueueFull
                0x00000bf8       0x30 ./src/freertos/src/queue.o
 .text.xTaskGenericCreate
                0x00000c28      0x1a4 ./src/freertos/src/tasks.o
                0x00000c28                xTaskGenericCreate
 .text.vTaskDelayUntil
                0x00000dcc       0xb4 ./src/freertos/src/tasks.o
                0x00000dcc                vTaskDelayUntil
 .text.vTaskDelay
                0x00000e80       0x58 ./src/freertos/src/tasks.o
                0x00000e80                vTaskDelay
 .text.vTaskStartScheduler
                0x00000ed8       0x64 ./src/freertos/src/tasks.o
                0x00000ed8                vTaskStartScheduler
 .text.vTaskSuspendAll
                0x00000f3c       0x18 ./src/freertos/src/tasks.o
                0x00000f3c                vTaskSuspendAll
 .text.xTaskResumeAll
                0x00000f54      0x104 ./src/freertos/src/tasks.o
                0x00000f54                xTaskResumeAll
 .text.xTaskGetTickCount
                0x00001058       0x24 ./src/freertos/src/tasks.o
                0x00001058                xTaskGetTickCount
 .text.vTaskIncrementTick
                0x0000107c      0x140 ./src/freertos/src/tasks.o
                0x0000107c                vTaskIncrementTick
 .text.vTaskSwitchContext
                0x000011bc       0xe8 ./src/freertos/src/tasks.o
                0x000011bc                vTaskSwitchContext
 .text.vTaskPlaceOnEventList
                0x000012a4       0x74 ./src/freertos/src/tasks.o
                0x000012a4                vTaskPlaceOnEventList
 .text.xTaskRemoveFromEventList
                0x00001318       0xb0 ./src/freertos/src/tasks.o
                0x00001318                xTaskRemoveFromEventList
 .text.vTaskSetTimeOutState
                0x000013c8       0x34 ./src/freertos/src/tasks.o
                0x000013c8                vTaskSetTimeOutState
 .text.xTaskCheckForTimeOut
                0x000013fc       0xa0 ./src/freertos/src/tasks.o
                0x000013fc                xTaskCheckForTimeOut
 .text.vTaskMissedYield
                0x0000149c       0x14 ./src/freertos/src/tasks.o
                0x0000149c                vTaskMissedYield
 .text.prvIdleTask
                0x000014b0       0x24 ./src/freertos/src/tasks.o
 .text.prvInitialiseTCBVariables
                0x000014d4       0x6c ./src/freertos/src/tasks.o
 .text.prvInitialiseTaskLists
                0x00001540       0x88 ./src/freertos/src/tasks.o
 .text.prvCheckTasksWaitingTermination
                0x000015c8       0x78 ./src/freertos/src/tasks.o
 .text.prvAddCurrentTaskToDelayedList
                0x00001640       0x6c ./src/freertos/src/tasks.o
 .text.prvAllocateTCBAndStack
                0x000016ac       0x6c ./src/freertos/src/tasks.o
 .text.prvDeleteTCB
                0x00001718       0x22 ./src/freertos/src/tasks.o
 *fill*         0x0000173a        0x2 ff
 .text.xTaskGetCurrentTaskHandle
                0x0000173c       0x1c ./src/freertos/src/tasks.o
                0x0000173c                xTaskGetCurrentTaskHandle
 .text.vTaskPriorityInherit
                0x00001758       0xac ./src/freertos/src/tasks.o
                0x00001758                vTaskPriorityInherit
 .text.vTaskPriorityDisinherit
                0x00001804       0x7c ./src/freertos/src/tasks.o
                0x00001804                vTaskPriorityDisinherit
 .text.Board_Init
                0x00001880        0xa ./src/board/src/board.o
                0x00001880                Board_Init
 *fill*         0x0000188a        0x2 ff
 .text.Chip_Clock_GetMainOscRate
                0x0000188c       0x14 ./src/clock_11xx.o
 .text.Chip_Clock_GetIntOscRate
                0x000018a0       0x10 ./src/clock_11xx.o
 .text.Chip_Clock_GetWDTLFORate
                0x000018b0       0x48 ./src/clock_11xx.o
 .text.Chip_Clock_GetPLLFreq
                0x000018f8       0x22 ./src/clock_11xx.o
 *fill*         0x0000191a        0x2 ff
 .text.Chip_Clock_GetWDTOSCRate
                0x0000191c       0x1c ./src/clock_11xx.o
                0x0000191c                Chip_Clock_GetWDTOSCRate
 .text.Chip_Clock_GetSystemPLLInClockRate
                0x00001938       0x40 ./src/clock_11xx.o
                0x00001938                Chip_Clock_GetSystemPLLInClockRate
 .text.Chip_Clock_GetSystemPLLOutClockRate
                0x00001978       0x24 ./src/clock_11xx.o
                0x00001978                Chip_Clock_GetSystemPLLOutClockRate
 .text.Chip_Clock_GetMainClockRate
                0x0000199c       0x64 ./src/clock_11xx.o
                0x0000199c                Chip_Clock_GetMainClockRate
 .text.prvSetupHardware
                0x00001a00       0x16 ./src/freertos_blinky.o
 .text.vTask0   0x00001a16       0x2c ./src/freertos_blinky.o
 *fill*         0x00001a42        0x2 ff
 .text.main     0x00001a44       0x48 ./src/freertos_blinky.o
                0x00001a44                main
 .text.SetToBufLCD
                0x00001a8c       0x8c ./src/glcd.o
                0x00001a8c                SetToBufLCD
 .text.DelayGLCD
                0x00001b18       0x18 ./src/glcd.o
                0x00001b18                DelayGLCD
 .text.InitGLCD
                0x00001b30       0xc0 ./src/glcd.o
                0x00001b30                InitGLCD
 .text.InitGLCD2
                0x00001bf0       0x98 ./src/glcd.o
                0x00001bf0                InitGLCD2
 .text.OutputData4
                0x00001c88       0x4a ./src/glcd.o
                0x00001c88                OutputData4
 *fill*         0x00001cd2        0x2 ff
 .text.OutputData4sub
                0x00001cd4      0x150 ./src/glcd.o
                0x00001cd4                OutputData4sub
 .text.setDatabusDirection
                0x00001e24       0x5c ./src/glcd.o
                0x00001e24                setDatabusDirection
 .text.setControlLineDirection
                0x00001e80       0x24 ./src/glcd.o
                0x00001e80                setControlLineDirection
 .text.putBufToLCD
                0x00001ea4       0xd4 ./src/glcd.o
                0x00001ea4                putBufToLCD
 .text.putCharToLCD
                0x00001f78       0x84 ./src/glcd.o
                0x00001f78                putCharToLCD
 .text.Chip_Clock_EnablePeriphClock
                0x00001ffc       0x30 ./src/i2c_11xx.o
 .text.enableClk
                0x0000202c       0x34 ./src/i2c_11xx.o
 .text.getClkRate
                0x00002060       0x1a ./src/i2c_11xx.o
 .text.startMasterXfer
                0x0000207a       0x1c ./src/i2c_11xx.o
 .text.startSlaverXfer
                0x00002096       0x1c ./src/i2c_11xx.o
 .text.isI2CBusFree
                0x000020b2       0x1e ./src/i2c_11xx.o
 .text.getCurState
                0x000020d0       0x1a ./src/i2c_11xx.o
 *fill*         0x000020ea        0x2 ff
 .text.handleMasterXferState
                0x000020ec      0x120 ./src/i2c_11xx.o
                0x000020ec                handleMasterXferState
 .text.Chip_I2C_EventHandler
                0x0000220c       0x50 ./src/i2c_11xx.o
                0x0000220c                Chip_I2C_EventHandler
 .text.Chip_I2C_EventHandlerPolling
                0x0000225c       0x68 ./src/i2c_11xx.o
                0x0000225c                Chip_I2C_EventHandlerPolling
 .text.Chip_I2C_Init
                0x000022c4       0x38 ./src/i2c_11xx.o
                0x000022c4                Chip_I2C_Init
 .text.Chip_I2C_SetClockRate
                0x000022fc       0x70 ./src/i2c_11xx.o
                0x000022fc                Chip_I2C_SetClockRate
 .text.Chip_I2C_SetMasterEventHandler
                0x0000236c       0x48 ./src/i2c_11xx.o
                0x0000236c                Chip_I2C_SetMasterEventHandler
 .text.Chip_I2C_MasterTransfer
                0x000023b4       0xa4 ./src/i2c_11xx.o
                0x000023b4                Chip_I2C_MasterTransfer
 .text.Chip_I2C_MasterSend
                0x00002458       0x66 ./src/i2c_11xx.o
                0x00002458                Chip_I2C_MasterSend
 .text.Chip_I2C_MasterRead
                0x000024be       0x6a ./src/i2c_11xx.o
                0x000024be                Chip_I2C_MasterRead
 .text.Chip_I2C_MasterStateHandler
                0x00002528       0x64 ./src/i2c_11xx.o
                0x00002528                Chip_I2C_MasterStateHandler
 .text.Chip_I2C_IsStateChanged
                0x0000258c       0x34 ./src/i2c_11xx.o
                0x0000258c                Chip_I2C_IsStateChanged
 .text.NVIC_DisableIRQ
                0x000025c0       0x30 ./src/iic.o
 .text.Check_BlinkLED1
                0x000025f0       0x6a ./src/iic.o
                0x000025f0                Check_BlinkLED1
 *fill*         0x0000265a        0x2 ff
 .text.InitIIC  0x0000265c       0x34 ./src/iic.o
                0x0000265c                InitIIC
 .text.premain  0x00002690       0x58 ./src/premain.o
                0x00002690                premain
 .text.privGPIOSetBitValue
                0x000026e8       0x50 ./src/privgpio.o
                0x000026e8                privGPIOSetBitValue
 .text.GPIOSetDir
                0x00002738       0x7e ./src/privgpio.o
                0x00002738                GPIOSetDir
 *fill*         0x000027b6        0x2 ff
 .text.prvTimeComp
                0x000027b8      0x1c8 ./src/rtc.o
                0x000027b8                prvTimeComp
 .text.InitPCF8523
                0x00002980      0x148 ./src/rtc.o
                0x00002980                InitPCF8523
 .text.GetTimePCF8523
                0x00002ac8      0x204 ./src/rtc.o
                0x00002ac8                GetTimePCF8523
 .text.SetTimePCF8523
                0x00002ccc       0x8c ./src/rtc.o
                0x00002ccc                SetTimePCF8523
 .text.SYSCON_AssertPeriphReset
                0x00002d58       0x30 ./src/sysinit_Bb-LPC11U24custom.o
                0x00002d58                SYSCON_AssertPeriphReset
 .text.SYSCON_DeassertPeriphReset
                0x00002d88       0x30 ./src/sysinit_Bb-LPC11U24custom.o
                0x00002d88                SYSCON_DeassertPeriphReset
 .text.SYSCON_PeriphReset
                0x00002db8       0x28 ./src/sysinit_Bb-LPC11U24custom.o
                0x00002db8                SYSCON_PeriphReset
 .text.SystemSetupMuxing
                0x00002de0       0x74 ./src/sysinit_Bb-LPC11U24custom.o
                0x00002de0                SystemSetupMuxing
 .text.Bb_LPC11U24_SYSCONInit
                0x00002e54       0x74 ./src/sysinit_Bb-LPC11U24custom.o
                0x00002e54                Bb_LPC11U24_SYSCONInit
 .text.Init_vLCDTask
                0x00002ec8       0x78 ./src/task_lcd.o
                0x00002ec8                Init_vLCDTask
 .text.vLCDTask
                0x00002f40      0x26c ./src/task_lcd.o
 .text.Init_vLEDTask
                0x000031ac       0x30 ./src/task_led.o
                0x000031ac                Init_vLEDTask
 .text.vLEDTask
                0x000031dc       0x70 ./src/task_led.o
 .text.SystemCoreClockUpdate
                0x0000324c       0x90 ../CMSISv2p00/Debug/libCMSISv2p00_LPC11Uxx.a(system_LPC11Uxx.o)
                0x0000324c                SystemCoreClockUpdate
 .text.SystemInit
                0x000032dc       0xc8 ../CMSISv2p00/Debug/libCMSISv2p00_LPC11Uxx.a(system_LPC11Uxx.o)
                0x000032dc                SystemInit
 .text          0x000033a4      0x114 C:/tools/MCUXpressoIDE_24.12.148/ide/plugins/com.nxp.mcuxpresso.tools.win32_24.12.0.202407110909/tools/bin/../lib/gcc/arm-none-eabi/13.2.1/thumb/v6-m/nofp\libgcc.a(_udivsi3.o)
                0x000033a4                __aeabi_uidiv
                0x000033a4                __udivsi3
                0x000034b0                __aeabi_uidivmod
 .text          0x000034b8        0x4 C:/tools/MCUXpressoIDE_24.12.148/ide/plugins/com.nxp.mcuxpresso.tools.win32_24.12.0.202407110909/tools/bin/../lib/gcc/arm-none-eabi/13.2.1/thumb/v6-m/nofp\libgcc.a(_dvmd_tls.o)
                0x000034b8                __aeabi_idiv0
                0x000034b8                __aeabi_ldiv0
 .text.malloc   0x000034bc       0x14 C:/tools/MCUXpressoIDE_24.12.148/ide/plugins/com.nxp.mcuxpresso.tools.win32_24.12.0.202407110909/tools/bin/../lib/gcc/arm-none-eabi/13.2.1/thumb/v6-m/nofp\libc.a(libc_a-malloc.o)
                0x000034bc                malloc
 .text._malloc_r
                0x000034d0      0x5c4 C:/tools/MCUXpressoIDE_24.12.148/ide/plugins/com.nxp.mcuxpresso.tools.win32_24.12.0.202407110909/tools/bin/../lib/gcc/arm-none-eabi/13.2.1/thumb/v6-m/nofp\libc.a(libc_a-mallocr.o)
                0x000034d0                _malloc_r
 .text.__malloc_lock
                0x00003a94       0x10 C:/tools/MCUXpressoIDE_24.12.148/ide/plugins/com.nxp.mcuxpresso.tools.win32_24.12.0.202407110909/tools/bin/../lib/gcc/arm-none-eabi/13.2.1/thumb/v6-m/nofp\libc.a(libc_a-mlock.o)
                0x00003a94                __malloc_lock
 .text.__malloc_unlock
                0x00003aa4       0x10 C:/tools/MCUXpressoIDE_24.12.148/ide/plugins/com.nxp.mcuxpresso.tools.win32_24.12.0.202407110909/tools/bin/../lib/gcc/arm-none-eabi/13.2.1/thumb/v6-m/nofp\libc.a(libc_a-mlock.o)
                0x00003aa4                __malloc_unlock
 .text.memcmp   0x00003ab4       0x48 C:/tools/MCUXpressoIDE_24.12.148/ide/plugins/com.nxp.mcuxpresso.tools.win32_24.12.0.202407110909/tools/bin/../lib/gcc/arm-none-eabi/13.2.1/thumb/v6-m/nofp\libc.a(libc_a-memcmp.o)
                0x00003ab4                memcmp
 .text.memset   0x00003afc       0xa8 C:/tools/MCUXpressoIDE_24.12.148/ide/plugins/com.nxp.mcuxpresso.tools.win32_24.12.0.202407110909/tools/bin/../lib/gcc/arm-none-eabi/13.2.1/thumb/v6-m/nofp\libc.a(libc_a-memset.o)
                0x00003afc                memset
 .text.strncat  0x00003ba4       0x68 C:/tools/MCUXpressoIDE_24.12.148/ide/plugins/com.nxp.mcuxpresso.tools.win32_24.12.0.202407110909/tools/bin/../lib/gcc/arm-none-eabi/13.2.1/thumb/v6-m/nofp\libc.a(libc_a-strncat.o)
                0x00003ba4                strncat
 .text.strncpy  0x00003c0c       0x60 C:/tools/MCUXpressoIDE_24.12.148/ide/plugins/com.nxp.mcuxpresso.tools.win32_24.12.0.202407110909/tools/bin/../lib/gcc/arm-none-eabi/13.2.1/thumb/v6-m/nofp\libc.a(libc_a-strncpy.o)
                0x00003c0c                strncpy
 .text._sbrk_r  0x00003c6c       0x24 C:/tools/MCUXpressoIDE_24.12.148/ide/plugins/com.nxp.mcuxpresso.tools.win32_24.12.0.202407110909/tools/bin/../lib/gcc/arm-none-eabi/13.2.1/thumb/v6-m/nofp\libc.a(libc_a-sbrkr.o)
                0x00003c6c                _sbrk_r
 .text.__retarget_lock_acquire_recursive
                0x00003c90        0x4 C:/tools/MCUXpressoIDE_24.12.148/ide/plugins/com.nxp.mcuxpresso.tools.win32_24.12.0.202407110909/tools/bin/../lib/gcc/arm-none-eabi/13.2.1/thumb/v6-m/nofp\libc.a(libc_a-lock.o)
                0x00003c90                __retarget_lock_acquire_recursive
 .text.__retarget_lock_release_recursive
                0x00003c94        0x4 C:/tools/MCUXpressoIDE_24.12.148/ide/plugins/com.nxp.mcuxpresso.tools.win32_24.12.0.202407110909/tools/bin/../lib/gcc/arm-none-eabi/13.2.1/thumb/v6-m/nofp\libc.a(libc_a-lock.o)
                0x00003c94                __retarget_lock_release_recursive
 .text.sysconf  0x00003c98       0x1c C:/tools/MCUXpressoIDE_24.12.148/ide/plugins/com.nxp.mcuxpresso.tools.win32_24.12.0.202407110909/tools/bin/../lib/gcc/arm-none-eabi/13.2.1/thumb/v6-m/nofp\libc.a(libc_a-sysconf.o)
                0x00003c98                sysconf
 .text.strcpy   0x00003cb4       0x10 C:/tools/MCUXpressoIDE_24.12.148/ide/plugins/com.nxp.mcuxpresso.tools.win32_24.12.0.202407110909/tools/bin/../lib/gcc/arm-none-eabi/13.2.1/thumb/v6-m/nofp\libc.a(libc_a-strcpy.o)
                0x00003cb4                strcpy
 .text.memcpy   0x00003cc4       0x8c C:/tools/MCUXpressoIDE_24.12.148/ide/plugins/com.nxp.mcuxpresso.tools.win32_24.12.0.202407110909/tools/bin/../lib/gcc/arm-none-eabi/13.2.1/thumb/v6-m/nofp\libc.a(libc_a-memcpy-stub.o)
                0x00003cc4                memcpy
 .text._malloc_trim_r
                0x00003d50       0xb4 C:/tools/MCUXpressoIDE_24.12.148/ide/plugins/com.nxp.mcuxpresso.tools.win32_24.12.0.202407110909/tools/bin/../lib/gcc/arm-none-eabi/13.2.1/thumb/v6-m/nofp\libc.a(libc_a-freer.o)
                0x00003d50                _malloc_trim_r
 .text._free_r  0x00003e04      0x1d4 C:/tools/MCUXpressoIDE_24.12.148/ide/plugins/com.nxp.mcuxpresso.tools.win32_24.12.0.202407110909/tools/bin/../lib/gcc/arm-none-eabi/13.2.1/thumb/v6-m/nofp\libc.a(libc_a-freer.o)
                0x00003e04                _free_r
 .text.__errno  0x00003fd8        0xc C:/tools/MCUXpressoIDE_24.12.148/ide/plugins/com.nxp.mcuxpresso.tools.win32_24.12.0.202407110909/tools/bin/../lib/gcc/arm-none-eabi/13.2.1/thumb/v6-m/nofp\libc.a(libc_a-errno.o)
                0x00003fd8                __errno
 .text._sbrk    0x00003fe4       0x40 C:/tools/MCUXpressoIDE_24.12.148/ide/plugins/com.nxp.mcuxpresso.tools.win32_24.12.0.202407110909/tools/bin/../lib/gcc/arm-none-eabi/13.2.1/../../../../arm-none-eabi/lib/thumb/v6-m/nofp\libcr_newlib_none.a(_cr_sbrk.o)
                0x00003fe4                _sbrk
 .text.__check_heap_overflow
                0x00004024       0x18 C:/tools/MCUXpressoIDE_24.12.148/ide/plugins/com.nxp.mcuxpresso.tools.win32_24.12.0.202407110909/tools/bin/../lib/gcc/arm-none-eabi/13.2.1/../../../../arm-none-eabi/lib/thumb/v6-m/nofp\libcr_newlib_none.a(_cr_check_heap.o)
                0x00004024                __check_heap_overflow
 */tasks.o(.rodata*)
 .rodata.vTaskStartScheduler.str1.4
                0x0000403c       0x7a ./src/freertos/src/tasks.o
                                  0x5 (size before relaxing)
 .rodata.vTaskList.str1.4
                0x000040b6        0x3 ./src/freertos/src/tasks.o
 .rodata.prvListTaskWithinSingleList.str1.4
                0x000040b6       0x12 ./src/freertos/src/tasks.o
 *fill*         0x000040b6        0x2 ff
 .rodata.portArch_Name
                0x000040b8        0x4 ./src/freertos/src/tasks.o
                0x000040b8                portArch_Name
 .rodata        0x000040bc       0x10 ./src/freertos/src/tasks.o
                0x000040bc                FreeRTOSDebugConfig
 .rodata.ucExpectedStackBytes.1
                0x000040cc       0x14 ./src/freertos/src/tasks.o
 *(.rodata .rodata.* .constdata .constdata.*)
 .rodata.OscRateIn
                0x000040e0        0x4 ./src/board/src/board.o
                0x000040e0                OscRateIn
 .rodata.wdtOSCRate
                0x000040e4       0x40 ./src/clock_11xx.o
 .rodata.main.str1.4
                0x00004124        0x7 ./src/freertos_blinky.o
 .rodata.bitlines
                0x00004124       0x80 ./src/glcd.o
                0x00004124                bitlines
 .rodata.bitpos
                0x000041a4        0x8 ./src/glcd.o
                0x000041a4                bitpos
 .rodata.InitGLCD2.str1.4
                0x000041ac       0x20 ./src/glcd.o
 .rodata.handleMasterXferState
                0x000041ac      0x164 ./src/i2c_11xx.o
 .rodata.Init_vLCDTask.str1.4
                0x00004310        0x9 ./src/task_lcd.o
 .rodata.vLCDTask.str1.4
                0x00004310       0x1e ./src/task_lcd.o
 .rodata.Init_vLEDTask.str1.4
                0x00004310        0xa ./src/task_led.o
 .rodata.CSWTCH.5
                0x00004310       0x3c ../CMSISv2p00/Debug/libCMSISv2p00_LPC11Uxx.a(system_LPC11Uxx.o)
                0x0000434c                        . = ALIGN (0x4)

.glue_7         0x0000434c        0x0
 .glue_7        0x0000434c        0x0 linker stubs

.glue_7t        0x0000434c        0x0
 .glue_7t       0x0000434c        0x0 linker stubs

.vfp11_veneer   0x0000434c        0x0
 .vfp11_veneer  0x0000434c        0x0 linker stubs

.v4_bx          0x0000434c        0x0
 .v4_bx         0x0000434c        0x0 linker stubs

.iplt           0x0000434c        0x0
 .iplt          0x0000434c        0x0 ./src/freertos/src/FreeRTOSCommonHooks.o

.rel.dyn        0x0000434c        0x0
 .rel.iplt      0x0000434c        0x0 ./src/freertos/src/FreeRTOSCommonHooks.o

.ARM.extab
 *(.ARM.extab* .gnu.linkonce.armextab.*)

.ARM.exidx      0x0000434c        0x0
                0x0000434c                        __exidx_start = .
 *(.ARM.exidx* .gnu.linkonce.armexidx.*)
                0x0000434c                        __exidx_end = .
                0x0000434c                        _etext = .

.data_RAM2      0x20004000        0x0 load address 0x0000434c
 FILL mask 0xff
                [!provide]                        PROVIDE (__start_data_RAM2 = .)
                [!provide]                        PROVIDE (__start_data_RamUsb2 = .)
 *(.ramfunc.$RAM2)
 *(.ramfunc.$RamUsb2)
 *(.data.$RAM2)
 *(.data.$RamUsb2)
 *(.data.$RAM2.*)
 *(.data.$RamUsb2.*)
                0x20004000                        . = ALIGN (0x4)
                [!provide]                        PROVIDE (__end_data_RAM2 = .)
                [!provide]                        PROVIDE (__end_data_RamUsb2 = .)

.uninit_RESERVED
                0x10000000        0x0
                0x10000000                        _start_uninit_RESERVED = .
 *(.bss.$RESERVED*)
                0x10000000                        . = ALIGN (0x4)
                0x10000000                        _end_uninit_RESERVED = .

.data           0x10000000      0x560 load address 0x0000434c
 FILL mask 0xff
                0x10000000                        _data = .
                [!provide]                        PROVIDE (__start_data_RAM = .)
                [!provide]                        PROVIDE (__start_data_RamLoc6 = .)
 *(vtable)
 *(.ramfunc*)
 *(CodeQuickAccess)
 *(DataQuickAccess)
 *(RamFunction)
 *(.data*)
 .data.uxCriticalNesting
                0x10000000        0x4 ./src/freertos/src/port.o
 .data.xNextTaskUnblockTime
                0x10000004        0x4 ./src/freertos/src/tasks.o
 .data.i2c      0x10000008       0x1c ./src/i2c_11xx.o
 .data.SystemCoreClock
                0x10000024        0x4 ../CMSISv2p00/Debug/libCMSISv2p00_LPC11Uxx.a(system_LPC11Uxx.o)
                0x10000024                SystemCoreClock
 .data.__malloc_sbrk_base
                0x10000028        0x4 C:/tools/MCUXpressoIDE_24.12.148/ide/plugins/com.nxp.mcuxpresso.tools.win32_24.12.0.202407110909/tools/bin/../lib/gcc/arm-none-eabi/13.2.1/thumb/v6-m/nofp\libc.a(libc_a-mallocr.o)
                0x10000028                __malloc_sbrk_base
 .data.__malloc_trim_threshold
                0x1000002c        0x4 C:/tools/MCUXpressoIDE_24.12.148/ide/plugins/com.nxp.mcuxpresso.tools.win32_24.12.0.202407110909/tools/bin/../lib/gcc/arm-none-eabi/13.2.1/thumb/v6-m/nofp\libc.a(libc_a-mallocr.o)
                0x1000002c                __malloc_trim_threshold
 .data.__malloc_av_
                0x10000030      0x408 C:/tools/MCUXpressoIDE_24.12.148/ide/plugins/com.nxp.mcuxpresso.tools.win32_24.12.0.202407110909/tools/bin/../lib/gcc/arm-none-eabi/13.2.1/thumb/v6-m/nofp\libc.a(libc_a-mallocr.o)
                0x10000030                __malloc_av_
 .data._impure_ptr
                0x10000438        0x4 C:/tools/MCUXpressoIDE_24.12.148/ide/plugins/com.nxp.mcuxpresso.tools.win32_24.12.0.202407110909/tools/bin/../lib/gcc/arm-none-eabi/13.2.1/thumb/v6-m/nofp\libc.a(libc_a-impure.o)
                0x10000438                _impure_ptr
 *fill*         0x1000043c        0x4 ff
 .data._impure_data
                0x10000440      0x120 C:/tools/MCUXpressoIDE_24.12.148/ide/plugins/com.nxp.mcuxpresso.tools.win32_24.12.0.202407110909/tools/bin/../lib/gcc/arm-none-eabi/13.2.1/thumb/v6-m/nofp\libc.a(libc_a-impure.o)
                0x10000440                _impure_data
                0x10000560                        . = ALIGN (0x4)
                0x10000560                        _edata = .
                [!provide]                        PROVIDE (__end_data_RAM = .)
                [!provide]                        PROVIDE (__end_data_RamLoc6 = .)

.igot.plt       0x10000560        0x0 load address 0x000048ac
 .igot.plt      0x10000560        0x0 ./src/freertos/src/FreeRTOSCommonHooks.o

.bss_RAM2       0x20004000        0x0
                [!provide]                        PROVIDE (__start_bss_RAM2 = .)
                [!provide]                        PROVIDE (__start_bss_RamUsb2 = .)
 *(.bss.$RAM2)
 *(.bss.$RamUsb2)
 *(.bss.$RAM2.*)
 *(.bss.$RamUsb2.*)
                0x20004000                        . = ALIGN ((. != 0x0)?0x4:0x1)
                [!provide]                        PROVIDE (__end_bss_RAM2 = .)
                [!provide]                        PROVIDE (__end_bss_RamUsb2 = .)

.bss            0x10000560      0xad8
                0x10000560                        _bss = .
                [!provide]                        PROVIDE (__start_bss_RAM = .)
                [!provide]                        PROVIDE (__start_bss_RamLoc6 = .)
 *(.bss*)
 .bss.ucHeap    0x10000560      0x800 ./src/freertos/src/heap_1.o
 .bss.xNextFreeByte
                0x10000d60        0x4 ./src/freertos/src/heap_1.o
 .bss.pucAlignedHeap.0
                0x10000d64        0x4 ./src/freertos/src/heap_1.o
 .bss.pxCurrentTCB
                0x10000d68        0x4 ./src/freertos/src/tasks.o
                0x10000d68                pxCurrentTCB
 .bss.pxReadyTasksLists
                0x10000d6c       0xa0 ./src/freertos/src/tasks.o
 .bss.xDelayedTaskList1
                0x10000e0c       0x14 ./src/freertos/src/tasks.o
 .bss.xDelayedTaskList2
                0x10000e20       0x14 ./src/freertos/src/tasks.o
 .bss.pxDelayedTaskList
                0x10000e34        0x4 ./src/freertos/src/tasks.o
 .bss.pxOverflowDelayedTaskList
                0x10000e38        0x4 ./src/freertos/src/tasks.o
 .bss.xPendingReadyList
                0x10000e3c       0x14 ./src/freertos/src/tasks.o
 .bss.xTasksWaitingTermination
                0x10000e50       0x14 ./src/freertos/src/tasks.o
 .bss.uxTasksDeleted
                0x10000e64        0x4 ./src/freertos/src/tasks.o
 .bss.xSuspendedTaskList
                0x10000e68       0x14 ./src/freertos/src/tasks.o
 .bss.uxCurrentNumberOfTasks
                0x10000e7c        0x4 ./src/freertos/src/tasks.o
 .bss.xTickCount
                0x10000e80        0x4 ./src/freertos/src/tasks.o
 .bss.uxTopUsedPriority
                0x10000e84        0x4 ./src/freertos/src/tasks.o
 .bss.uxTopReadyPriority
                0x10000e88        0x4 ./src/freertos/src/tasks.o
 .bss.xSchedulerRunning
                0x10000e8c        0x4 ./src/freertos/src/tasks.o
 .bss.uxSchedulerSuspended
                0x10000e90        0x4 ./src/freertos/src/tasks.o
 .bss.uxMissedTicks
                0x10000e94        0x4 ./src/freertos/src/tasks.o
 .bss.xMissedYield
                0x10000e98        0x4 ./src/freertos/src/tasks.o
 .bss.xNumOfOverflows
                0x10000e9c        0x4 ./src/freertos/src/tasks.o
 .bss.uxTaskNumber
                0x10000ea0        0x4 ./src/freertos/src/tasks.o
 .bss.pLCDSemaphore
                0x10000ea4        0x4 ./src/freertos_blinky.o
                0x10000ea4                pLCDSemaphore
 .bss.buf0      0x10000ea8        0x4 ./src/glcd.o
                0x10000ea8                buf0
 .bss.buf1      0x10000eac        0x4 ./src/glcd.o
                0x10000eac                buf1
 .bss.tempbuf   0x10000eb0        0x4 ./src/glcd.o
                0x10000eb0                tempbuf
 .bss.TimePCF8523
                0x10000eb4        0x8 ./src/rtc.o
                0x10000eb4                TimePCF8523
 .bss.pLCDQueue
                0x10000ebc        0x4 ./src/task_lcd.o
                0x10000ebc                pLCDQueue
 .bss.__malloc_current_mallinfo
                0x10000ec0       0x28 C:/tools/MCUXpressoIDE_24.12.148/ide/plugins/com.nxp.mcuxpresso.tools.win32_24.12.0.202407110909/tools/bin/../lib/gcc/arm-none-eabi/13.2.1/thumb/v6-m/nofp\libc.a(libc_a-mallocr.o)
                0x10000ec0                __malloc_current_mallinfo
 .bss.__malloc_max_total_mem
                0x10000ee8        0x4 C:/tools/MCUXpressoIDE_24.12.148/ide/plugins/com.nxp.mcuxpresso.tools.win32_24.12.0.202407110909/tools/bin/../lib/gcc/arm-none-eabi/13.2.1/thumb/v6-m/nofp\libc.a(libc_a-mallocr.o)
                0x10000ee8                __malloc_max_total_mem
 .bss.__malloc_max_sbrked_mem
                0x10000eec        0x4 C:/tools/MCUXpressoIDE_24.12.148/ide/plugins/com.nxp.mcuxpresso.tools.win32_24.12.0.202407110909/tools/bin/../lib/gcc/arm-none-eabi/13.2.1/thumb/v6-m/nofp\libc.a(libc_a-mallocr.o)
                0x10000eec                __malloc_max_sbrked_mem
 .bss.__malloc_top_pad
                0x10000ef0        0x4 C:/tools/MCUXpressoIDE_24.12.148/ide/plugins/com.nxp.mcuxpresso.tools.win32_24.12.0.202407110909/tools/bin/../lib/gcc/arm-none-eabi/13.2.1/thumb/v6-m/nofp\libc.a(libc_a-mallocr.o)
                0x10000ef0                __malloc_top_pad
 .bss.__lock___malloc_recursive_mutex
                0x10000ef4        0x1 C:/tools/MCUXpressoIDE_24.12.148/ide/plugins/com.nxp.mcuxpresso.tools.win32_24.12.0.202407110909/tools/bin/../lib/gcc/arm-none-eabi/13.2.1/thumb/v6-m/nofp\libc.a(libc_a-lock.o)
                0x10000ef4                __lock___malloc_recursive_mutex
 *fill*         0x10000ef5        0x3 
 .bss.__sf      0x10000ef8      0x138 C:/tools/MCUXpressoIDE_24.12.148/ide/plugins/com.nxp.mcuxpresso.tools.win32_24.12.0.202407110909/tools/bin/../lib/gcc/arm-none-eabi/13.2.1/thumb/v6-m/nofp\libc.a(libc_a-findfp.o)
                0x10000ef8                __sf
 .bss.errno     0x10001030        0x4 C:/tools/MCUXpressoIDE_24.12.148/ide/plugins/com.nxp.mcuxpresso.tools.win32_24.12.0.202407110909/tools/bin/../lib/gcc/arm-none-eabi/13.2.1/thumb/v6-m/nofp\libc.a(libc_a-reent.o)
                0x10001030                errno
 .bss.__end_of_heap
                0x10001034        0x4 C:/tools/MCUXpressoIDE_24.12.148/ide/plugins/com.nxp.mcuxpresso.tools.win32_24.12.0.202407110909/tools/bin/../lib/gcc/arm-none-eabi/13.2.1/../../../../arm-none-eabi/lib/thumb/v6-m/nofp\libcr_newlib_none.a(_cr_sbrk.o)
                0x10001034                __end_of_heap
 *(COMMON)
                0x10001038                        . = ALIGN (0x4)
                0x10001038                        _ebss = .
                [!provide]                        PROVIDE (__end_bss_RAM = .)
                [!provide]                        PROVIDE (__end_bss_RamLoc6 = .)
                [!provide]                        PROVIDE (end = .)

.noinit_RAM2    0x20004000        0x0
                [!provide]                        PROVIDE (__start_noinit_RAM2 = .)
                [!provide]                        PROVIDE (__start_noinit_RamUsb2 = .)
 *(.noinit.$RAM2)
 *(.noinit.$RamUsb2)
 *(.noinit.$RAM2.*)
 *(.noinit.$RamUsb2.*)
                0x20004000                        . = ALIGN (0x4)
                [!provide]                        PROVIDE (__end_noinit_RAM2 = .)
                [!provide]                        PROVIDE (__end_noinit_RamUsb2 = .)

.noinit         0x10001038        0x0
                0x10001038                        _noinit = .
                [!provide]                        PROVIDE (__start_noinit_RAM = .)
                [!provide]                        PROVIDE (__start_noinit_RamLoc6 = .)
 *(.noinit*)
                0x10001038                        . = ALIGN (0x4)
                0x10001038                        _end_noinit = .
                [!provide]                        PROVIDE (__end_noinit_RAM = .)
                [!provide]                        PROVIDE (__end_noinit_RamLoc6 = .)
                0x10001038                        PROVIDE (_pvHeapStart = DEFINED (__user_heap_base)?__user_heap_base:.)
                0x10001800                        PROVIDE (_vStackTop = DEFINED (__user_stack_top)?__user_stack_top:(__top_RamLoc6 - 0x0))
                [!provide]                        PROVIDE (__valid_user_code_checksum = (0x0 - (((_vStackTop + (ResetISR + 0x1)) + (DEFINED (NMI_Handler)?NMI_Handler:M0_NMI_Handler + 0x1)) + (DEFINED (HardFault_Handler)?HardFault_Handler:M0_HardFault_Handler + 0x1))))
                0x00000000                        _image_start = LOADADDR (.text)
                0x000048ac                        _image_end = (LOADADDR (.data) + SIZEOF (.data))
                0x000048ac                        _image_size = (_image_end - _image_start)
OUTPUT(tick_FreeRTOS11U24.axf elf32-littlearm)
LOAD linker stubs

.debug_info     0x00000000     0x728a
 .debug_info    0x00000000      0x1ab ./src/freertos/src/FreeRTOSCommonHooks.o
 .debug_info    0x000001ab      0x1aa ./src/freertos/src/heap_1.o
 .debug_info    0x00000355      0x2b4 ./src/freertos/src/list.o
 .debug_info    0x00000609      0x209 ./src/freertos/src/port.o
 .debug_info    0x00000812      0xc32 ./src/freertos/src/queue.o
 .debug_info    0x00001444     0x1242 ./src/freertos/src/tasks.o
 .debug_info    0x00002686      0x560 ./src/board/src/board.o
 .debug_info    0x00002be6      0x95b ./src/clock_11xx.o
 .debug_info    0x00003541      0x272 ./src/cr_startup_lpc11xx.o
 .debug_info    0x000037b3      0x24f ./src/freertos_blinky.o
 .debug_info    0x00003a02      0x505 ./src/glcd.o
 .debug_info    0x00003f07     0x11d5 ./src/i2c_11xx.o
 .debug_info    0x000050dc      0x4ab ./src/iic.o
 .debug_info    0x00005587      0x117 ./src/premain.o
 .debug_info    0x0000569e      0x3a8 ./src/privgpio.o
 .debug_info    0x00005a46      0x2ce ./src/rtc.o
 .debug_info    0x00005d14      0x8f7 ./src/sysinit_Bb-LPC11U24custom.o
 .debug_info    0x0000660b      0x452 ./src/task_lcd.o
 .debug_info    0x00006a5d      0x28e ./src/task_led.o
 .debug_info    0x00006ceb      0x59f ../CMSISv2p00/Debug/libCMSISv2p00_LPC11Uxx.a(system_LPC11Uxx.o)

.debug_abbrev   0x00000000     0x2178
 .debug_abbrev  0x00000000      0x12b ./src/freertos/src/FreeRTOSCommonHooks.o
 .debug_abbrev  0x0000012b      0x143 ./src/freertos/src/heap_1.o
 .debug_abbrev  0x0000026e       0xeb ./src/freertos/src/list.o
 .debug_abbrev  0x00000359      0x153 ./src/freertos/src/port.o
 .debug_abbrev  0x000004ac      0x267 ./src/freertos/src/queue.o
 .debug_abbrev  0x00000713      0x309 ./src/freertos/src/tasks.o
 .debug_abbrev  0x00000a1c      0x271 ./src/board/src/board.o
 .debug_abbrev  0x00000c8d      0x1ea ./src/clock_11xx.o
 .debug_abbrev  0x00000e77      0x144 ./src/cr_startup_lpc11xx.o
 .debug_abbrev  0x00000fbb      0x15a ./src/freertos_blinky.o
 .debug_abbrev  0x00001115      0x21f ./src/glcd.o
 .debug_abbrev  0x00001334      0x335 ./src/i2c_11xx.o
 .debug_abbrev  0x00001669      0x1f5 ./src/iic.o
 .debug_abbrev  0x0000185e       0x96 ./src/premain.o
 .debug_abbrev  0x000018f4      0x187 ./src/privgpio.o
 .debug_abbrev  0x00001a7b      0x14e ./src/rtc.o
 .debug_abbrev  0x00001bc9      0x15e ./src/sysinit_Bb-LPC11U24custom.o
 .debug_abbrev  0x00001d27      0x1cc ./src/task_lcd.o
 .debug_abbrev  0x00001ef3      0x147 ./src/task_led.o
 .debug_abbrev  0x0000203a      0x13e ../CMSISv2p00/Debug/libCMSISv2p00_LPC11Uxx.a(system_LPC11Uxx.o)

.debug_aranges  0x00000000      0x810
 .debug_aranges
                0x00000000       0x40 ./src/freertos/src/FreeRTOSCommonHooks.o
 .debug_aranges
                0x00000040       0x38 ./src/freertos/src/heap_1.o
 .debug_aranges
                0x00000078       0x40 ./src/freertos/src/list.o
 .debug_aranges
                0x000000b8       0x70 ./src/freertos/src/port.o
 .debug_aranges
                0x00000128       0xe0 ./src/freertos/src/queue.o
 .debug_aranges
                0x00000208      0x158 ./src/freertos/src/tasks.o
 .debug_aranges
                0x00000360       0x68 ./src/board/src/board.o
 .debug_aranges
                0x000003c8       0xa0 ./src/clock_11xx.o
 .debug_aranges
                0x00000468       0x60 ./src/cr_startup_lpc11xx.o
 .debug_aranges
                0x000004c8       0x30 ./src/freertos_blinky.o
 .debug_aranges
                0x000004f8       0x78 ./src/glcd.o
 .debug_aranges
                0x00000570      0x128 ./src/i2c_11xx.o
 .debug_aranges
                0x00000698       0x38 ./src/iic.o
 .debug_aranges
                0x000006d0       0x20 ./src/premain.o
 .debug_aranges
                0x000006f0       0x30 ./src/privgpio.o
 .debug_aranges
                0x00000720       0x38 ./src/rtc.o
 .debug_aranges
                0x00000758       0x40 ./src/sysinit_Bb-LPC11U24custom.o
 .debug_aranges
                0x00000798       0x28 ./src/task_lcd.o
 .debug_aranges
                0x000007c0       0x28 ./src/task_led.o
 .debug_aranges
                0x000007e8       0x28 ../CMSISv2p00/Debug/libCMSISv2p00_LPC11Uxx.a(system_LPC11Uxx.o)

.debug_ranges   0x00000000      0x6d0
 .debug_ranges  0x00000000       0x30 ./src/freertos/src/FreeRTOSCommonHooks.o
 .debug_ranges  0x00000030       0x28 ./src/freertos/src/heap_1.o
 .debug_ranges  0x00000058       0x30 ./src/freertos/src/list.o
 .debug_ranges  0x00000088       0x60 ./src/freertos/src/port.o
 .debug_ranges  0x000000e8       0xd0 ./src/freertos/src/queue.o
 .debug_ranges  0x000001b8      0x148 ./src/freertos/src/tasks.o
 .debug_ranges  0x00000300       0x58 ./src/board/src/board.o
 .debug_ranges  0x00000358       0x90 ./src/clock_11xx.o
 .debug_ranges  0x000003e8       0x50 ./src/cr_startup_lpc11xx.o
 .debug_ranges  0x00000438       0x20 ./src/freertos_blinky.o
 .debug_ranges  0x00000458       0x68 ./src/glcd.o
 .debug_ranges  0x000004c0      0x118 ./src/i2c_11xx.o
 .debug_ranges  0x000005d8       0x28 ./src/iic.o
 .debug_ranges  0x00000600       0x10 ./src/premain.o
 .debug_ranges  0x00000610       0x20 ./src/privgpio.o
 .debug_ranges  0x00000630       0x28 ./src/rtc.o
 .debug_ranges  0x00000658       0x30 ./src/sysinit_Bb-LPC11U24custom.o
 .debug_ranges  0x00000688       0x18 ./src/task_lcd.o
 .debug_ranges  0x000006a0       0x18 ./src/task_led.o
 .debug_ranges  0x000006b8       0x18 ../CMSISv2p00/Debug/libCMSISv2p00_LPC11Uxx.a(system_LPC11Uxx.o)

.debug_macro    0x00000000     0x8464
 .debug_macro   0x00000000      0x2ea ./src/freertos/src/FreeRTOSCommonHooks.o
 .debug_macro   0x000002ea      0xac6 ./src/freertos/src/FreeRTOSCommonHooks.o
 .debug_macro   0x00000db0      0x190 ./src/freertos/src/FreeRTOSCommonHooks.o
 .debug_macro   0x00000f40       0x46 ./src/freertos/src/FreeRTOSCommonHooks.o
 .debug_macro   0x00000f86       0x22 ./src/freertos/src/FreeRTOSCommonHooks.o
 .debug_macro   0x00000fa8       0x8e ./src/freertos/src/FreeRTOSCommonHooks.o
 .debug_macro   0x00001036       0x51 ./src/freertos/src/FreeRTOSCommonHooks.o
 .debug_macro   0x00001087      0x103 ./src/freertos/src/FreeRTOSCommonHooks.o
 .debug_macro   0x0000118a       0x6a ./src/freertos/src/FreeRTOSCommonHooks.o
 .debug_macro   0x000011f4      0x1df ./src/freertos/src/FreeRTOSCommonHooks.o
 .debug_macro   0x000013d3       0x22 ./src/freertos/src/FreeRTOSCommonHooks.o
 .debug_macro   0x000013f5       0x5f ./src/freertos/src/FreeRTOSCommonHooks.o
 .debug_macro   0x00001454       0x10 ./src/freertos/src/FreeRTOSCommonHooks.o
 .debug_macro   0x00001464       0x1f ./src/freertos/src/FreeRTOSCommonHooks.o
 .debug_macro   0x00001483       0x3a ./src/freertos/src/FreeRTOSCommonHooks.o
 .debug_macro   0x000014bd      0x241 ./src/freertos/src/FreeRTOSCommonHooks.o
 .debug_macro   0x000016fe      0x125 ./src/freertos/src/FreeRTOSCommonHooks.o
 .debug_macro   0x00001823       0x2e ./src/freertos/src/FreeRTOSCommonHooks.o
 .debug_macro   0x00001851       0xf1 ./src/freertos/src/FreeRTOSCommonHooks.o
 .debug_macro   0x00001942       0x10 ./src/freertos/src/FreeRTOSCommonHooks.o
 .debug_macro   0x00001952      0x10c ./src/freertos/src/FreeRTOSCommonHooks.o
 .debug_macro   0x00001a5e       0x4c ./src/freertos/src/FreeRTOSCommonHooks.o
 .debug_macro   0x00001aaa       0x16 ./src/freertos/src/FreeRTOSCommonHooks.o
 .debug_macro   0x00001ac0      0x31a ./src/freertos/src/FreeRTOSCommonHooks.o
 .debug_macro   0x00001dda       0x4f ./src/freertos/src/FreeRTOSCommonHooks.o
 .debug_macro   0x00001e29       0xb8 ./src/freertos/src/FreeRTOSCommonHooks.o
 .debug_macro   0x00001ee1       0x11 ./src/freertos/src/FreeRTOSCommonHooks.o
 .debug_macro   0x00001ef2       0x7c ./src/freertos/src/FreeRTOSCommonHooks.o
 .debug_macro   0x00001f6e       0x1c ./src/freertos/src/FreeRTOSCommonHooks.o
 .debug_macro   0x00001f8a       0x40 ./src/freertos/src/FreeRTOSCommonHooks.o
 .debug_macro   0x00001fca      0x21c ./src/freertos/src/FreeRTOSCommonHooks.o
 .debug_macro   0x000021e6       0x2e ./src/freertos/src/FreeRTOSCommonHooks.o
 .debug_macro   0x00002214       0x7b ./src/freertos/src/FreeRTOSCommonHooks.o
 .debug_macro   0x0000228f       0x24 ./src/freertos/src/FreeRTOSCommonHooks.o
 .debug_macro   0x000022b3       0x3c ./src/freertos/src/FreeRTOSCommonHooks.o
 .debug_macro   0x000022ef       0x34 ./src/freertos/src/FreeRTOSCommonHooks.o
 .debug_macro   0x00002323       0x16 ./src/freertos/src/FreeRTOSCommonHooks.o
 .debug_macro   0x00002339       0x3c ./src/freertos/src/FreeRTOSCommonHooks.o
 .debug_macro   0x00002375      0x370 ./src/freertos/src/FreeRTOSCommonHooks.o
 .debug_macro   0x000026e5       0x10 ./src/freertos/src/FreeRTOSCommonHooks.o
 .debug_macro   0x000026f5       0x16 ./src/freertos/src/FreeRTOSCommonHooks.o
 .debug_macro   0x0000270b       0x4a ./src/freertos/src/FreeRTOSCommonHooks.o
 .debug_macro   0x00002755       0x34 ./src/freertos/src/FreeRTOSCommonHooks.o
 .debug_macro   0x00002789       0x10 ./src/freertos/src/FreeRTOSCommonHooks.o
 .debug_macro   0x00002799       0x58 ./src/freertos/src/FreeRTOSCommonHooks.o
 .debug_macro   0x000027f1      0x1de ./src/freertos/src/FreeRTOSCommonHooks.o
 .debug_macro   0x000029cf       0x16 ./src/freertos/src/FreeRTOSCommonHooks.o
 .debug_macro   0x000029e5       0x16 ./src/freertos/src/FreeRTOSCommonHooks.o
 .debug_macro   0x000029fb      0x170 ./src/freertos/src/FreeRTOSCommonHooks.o
 .debug_macro   0x00002b6b       0x20 ./src/freertos/src/FreeRTOSCommonHooks.o
 .debug_macro   0x00002b8b      0x127 ./src/freertos/src/FreeRTOSCommonHooks.o
 .debug_macro   0x00002cb2       0xb1 ./src/freertos/src/FreeRTOSCommonHooks.o
 .debug_macro   0x00002d63       0x12 ./src/freertos/src/FreeRTOSCommonHooks.o
 .debug_macro   0x00002d75       0x1f ./src/freertos/src/FreeRTOSCommonHooks.o
 .debug_macro   0x00002d94      0x1f5 ./src/freertos/src/FreeRTOSCommonHooks.o
 .debug_macro   0x00002f89       0x5e ./src/freertos/src/FreeRTOSCommonHooks.o
 .debug_macro   0x00002fe7       0x57 ./src/freertos/src/FreeRTOSCommonHooks.o
 .debug_macro   0x0000303e      0x314 ./src/freertos/src/heap_1.o
 .debug_macro   0x00003352       0x75 ./src/freertos/src/heap_1.o
 .debug_macro   0x000033c7       0x94 ./src/freertos/src/heap_1.o
 .debug_macro   0x0000345b       0x16 ./src/freertos/src/heap_1.o
 .debug_macro   0x00003471      0x11c ./src/freertos/src/heap_1.o
 .debug_macro   0x0000358d       0x9b ./src/freertos/src/heap_1.o
 .debug_macro   0x00003628       0x57 ./src/freertos/src/heap_1.o
 .debug_macro   0x0000367f       0x16 ./src/freertos/src/heap_1.o
 .debug_macro   0x00003695       0x29 ./src/freertos/src/heap_1.o
 .debug_macro   0x000036be       0x1c ./src/freertos/src/heap_1.o
 .debug_macro   0x000036da       0x1c ./src/freertos/src/heap_1.o
 .debug_macro   0x000036f6      0x2f3 ./src/freertos/src/list.o
 .debug_macro   0x000039e9      0x328 ./src/freertos/src/port.o
 .debug_macro   0x00003d11      0x385 ./src/freertos/src/queue.o
 .debug_macro   0x00004096       0x16 ./src/freertos/src/queue.o
 .debug_macro   0x000040ac       0x9c ./src/freertos/src/queue.o
 .debug_macro   0x00004148      0x3c5 ./src/freertos/src/tasks.o
 .debug_macro   0x0000450d       0x9e ./src/freertos/src/tasks.o
 .debug_macro   0x000045ab      0x112 ./src/freertos/src/tasks.o
 .debug_macro   0x000046bd       0x5b ./src/freertos/src/tasks.o
 .debug_macro   0x00004718       0x17 ./src/freertos/src/tasks.o
 .debug_macro   0x0000472f       0x2e ./src/freertos/src/tasks.o
 .debug_macro   0x0000475d      0x285 ./src/board/src/board.o
 .debug_macro   0x000049e2       0x66 ./src/board/src/board.o
 .debug_macro   0x00004a48       0x12 ./src/board/src/board.o
 .debug_macro   0x00004a5a      0x184 ./src/clock_11xx.o
 .debug_macro   0x00004bde       0x26 ./src/cr_startup_lpc11xx.o
 .debug_macro   0x00004c04      0x30e ./src/freertos_blinky.o
 .debug_macro   0x00004f12      0x12d ./src/freertos_blinky.o
 .debug_macro   0x0000503f       0x78 ./src/freertos_blinky.o
 .debug_macro   0x000050b7       0x5e ./src/freertos_blinky.o
 .debug_macro   0x00005115      0x178 ./src/freertos_blinky.o
 .debug_macro   0x0000528d      0x36d ./src/glcd.o
 .debug_macro   0x000055fa       0x10 ./src/glcd.o
 .debug_macro   0x0000560a       0x82 ./src/glcd.o
 .debug_macro   0x0000568c       0x52 ./src/glcd.o
 .debug_macro   0x000056de      0x196 ./src/i2c_11xx.o
 .debug_macro   0x00005874      0x31d ./src/iic.o
 .debug_macro   0x00005b91       0x22 ./src/iic.o
 .debug_macro   0x00005bb3       0xca ./src/iic.o
 .debug_macro   0x00005c7d       0x10 ./src/iic.o
 .debug_macro   0x00005c8d      0x334 ./src/premain.o
 .debug_macro   0x00005fc1       0x2e ./src/premain.o
 .debug_macro   0x00005fef       0xa6 ./src/privgpio.o
 .debug_macro   0x00006095       0x1c ./src/privgpio.o
 .debug_macro   0x000060b1      0x10e ./src/privgpio.o
 .debug_macro   0x000061bf      0x397 ./src/rtc.o
 .debug_macro   0x00006556      0x106 ./src/rtc.o
 .debug_macro   0x0000665c       0x28 ./src/rtc.o
 .debug_macro   0x00006684      0x204 ./src/sysinit_Bb-LPC11U24custom.o
 .debug_macro   0x00006888       0x2e ./src/sysinit_Bb-LPC11U24custom.o
 .debug_macro   0x000068b6      0x37e ./src/task_lcd.o
 .debug_macro   0x00006c34      0x309 ./src/task_led.o
 .debug_macro   0x00006f3d      0x117 ../CMSISv2p00/Debug/libCMSISv2p00_LPC11Uxx.a(system_LPC11Uxx.o)
 .debug_macro   0x00007054      0xaba ../CMSISv2p00/Debug/libCMSISv2p00_LPC11Uxx.a(system_LPC11Uxx.o)
 .debug_macro   0x00007b0e       0x10 ../CMSISv2p00/Debug/libCMSISv2p00_LPC11Uxx.a(system_LPC11Uxx.o)
 .debug_macro   0x00007b1e      0x12e ../CMSISv2p00/Debug/libCMSISv2p00_LPC11Uxx.a(system_LPC11Uxx.o)
 .debug_macro   0x00007c4c      0x5b3 ../CMSISv2p00/Debug/libCMSISv2p00_LPC11Uxx.a(system_LPC11Uxx.o)
 .debug_macro   0x000081ff       0x2e ../CMSISv2p00/Debug/libCMSISv2p00_LPC11Uxx.a(system_LPC11Uxx.o)
 .debug_macro   0x0000822d      0x237 ../CMSISv2p00/Debug/libCMSISv2p00_LPC11Uxx.a(system_LPC11Uxx.o)

.debug_line     0x00000000     0x96ea
 .debug_line    0x00000000      0x662 ./src/freertos/src/FreeRTOSCommonHooks.o
 .debug_line    0x00000662      0x689 ./src/freertos/src/heap_1.o
 .debug_line    0x00000ceb      0x6ec ./src/freertos/src/list.o
 .debug_line    0x000013d7      0x724 ./src/freertos/src/port.o
 .debug_line    0x00001afb      0xe16 ./src/freertos/src/queue.o
 .debug_line    0x00002911     0x1168 ./src/freertos/src/tasks.o
 .debug_line    0x00003a79      0x646 ./src/board/src/board.o
 .debug_line    0x000040bf      0x70a ./src/clock_11xx.o
 .debug_line    0x000047c9      0x12f ./src/cr_startup_lpc11xx.o
 .debug_line    0x000048f8      0x664 ./src/freertos_blinky.o
 .debug_line    0x00004f5c      0xa91 ./src/glcd.o
 .debug_line    0x000059ed      0xb8f ./src/i2c_11xx.o
 .debug_line    0x0000657c      0x713 ./src/iic.o
 .debug_line    0x00006c8f      0x666 ./src/premain.o
 .debug_line    0x000072f5      0x3e7 ./src/privgpio.o
 .debug_line    0x000076dc      0x8b3 ./src/rtc.o
 .debug_line    0x00007f8f      0x51e ./src/sysinit_Bb-LPC11U24custom.o
 .debug_line    0x000084ad      0x7a7 ./src/task_lcd.o
 .debug_line    0x00008c54      0x642 ./src/task_led.o
 .debug_line    0x00009296      0x454 ../CMSISv2p00/Debug/libCMSISv2p00_LPC11Uxx.a(system_LPC11Uxx.o)

.debug_str      0x00000000    0x15ae6
 .debug_str     0x00000000    0x15ae6 ./src/freertos/src/FreeRTOSCommonHooks.o
                               0xd472 (size before relaxing)
 .debug_str     0x00015ae6     0xd5ab ./src/freertos/src/heap_1.o
 .debug_str     0x00015ae6     0xd24f ./src/freertos/src/list.o
 .debug_str     0x00015ae6     0xd6e9 ./src/freertos/src/port.o
 .debug_str     0x00015ae6     0xe628 ./src/freertos/src/queue.o
 .debug_str     0x00015ae6     0xef4b ./src/freertos/src/tasks.o
 .debug_str     0x00015ae6     0xb628 ./src/board/src/board.o
 .debug_str     0x00015ae6     0x866d ./src/clock_11xx.o
 .debug_str     0x00015ae6     0x2fa0 ./src/cr_startup_lpc11xx.o
 .debug_str     0x00015ae6     0xeb73 ./src/freertos_blinky.o
 .debug_str     0x00015ae6     0xe1a7 ./src/glcd.o
 .debug_str     0x00015ae6     0x8965 ./src/i2c_11xx.o
 .debug_str     0x00015ae6     0xe07f ./src/iic.o
 .debug_str     0x00015ae6     0xe402 ./src/premain.o
 .debug_str     0x00015ae6     0x52d9 ./src/privgpio.o
 .debug_str     0x00015ae6     0xdea3 ./src/rtc.o
 .debug_str     0x00015ae6     0x8f40 ./src/sysinit_Bb-LPC11U24custom.o
 .debug_str     0x00015ae6     0xf49e ./src/task_lcd.o
 .debug_str     0x00015ae6     0xe4d2 ./src/task_led.o
 .debug_str     0x00015ae6     0x5e3a ../CMSISv2p00/Debug/libCMSISv2p00_LPC11Uxx.a(system_LPC11Uxx.o)

.comment        0x00000000       0x44
 .comment       0x00000000       0x44 ./src/freertos/src/FreeRTOSCommonHooks.o
                                 0x45 (size before relaxing)
 .comment       0x00000044       0x45 ./src/freertos/src/heap_1.o
 .comment       0x00000044       0x45 ./src/freertos/src/list.o
 .comment       0x00000044       0x45 ./src/freertos/src/port.o
 .comment       0x00000044       0x45 ./src/freertos/src/queue.o
 .comment       0x00000044       0x45 ./src/freertos/src/tasks.o
 .comment       0x00000044       0x45 ./src/board/src/board.o
 .comment       0x00000044       0x45 ./src/clock_11xx.o
 .comment       0x00000044       0x45 ./src/cr_startup_lpc11xx.o
 .comment       0x00000044       0x45 ./src/freertos_blinky.o
 .comment       0x00000044       0x45 ./src/glcd.o
 .comment       0x00000044       0x45 ./src/i2c_11xx.o
 .comment       0x00000044       0x45 ./src/iic.o
 .comment       0x00000044       0x45 ./src/premain.o
 .comment       0x00000044       0x45 ./src/privgpio.o
 .comment       0x00000044       0x45 ./src/rtc.o
 .comment       0x00000044       0x45 ./src/sysinit_Bb-LPC11U24custom.o
 .comment       0x00000044       0x45 ./src/task_lcd.o
 .comment       0x00000044       0x45 ./src/task_led.o
 .comment       0x00000044       0x45 ../CMSISv2p00/Debug/libCMSISv2p00_LPC11Uxx.a(system_LPC11Uxx.o)
 .comment       0x00000044       0x45 C:/tools/MCUXpressoIDE_24.12.148/ide/plugins/com.nxp.mcuxpresso.tools.win32_24.12.0.202407110909/tools/bin/../lib/gcc/arm-none-eabi/13.2.1/../../../../arm-none-eabi/lib/thumb/v6-m/nofp\libcr_newlib_none.a(_cr_sbrk.o)
 .comment       0x00000044       0x45 C:/tools/MCUXpressoIDE_24.12.148/ide/plugins/com.nxp.mcuxpresso.tools.win32_24.12.0.202407110909/tools/bin/../lib/gcc/arm-none-eabi/13.2.1/../../../../arm-none-eabi/lib/thumb/v6-m/nofp\libcr_newlib_none.a(_cr_check_heap.o)

.ARM.attributes
                0x00000000       0x2a
 .ARM.attributes
                0x00000000       0x2c ./src/freertos/src/FreeRTOSCommonHooks.o
 .ARM.attributes
                0x0000002c       0x2c ./src/freertos/src/heap_1.o
 .ARM.attributes
                0x00000058       0x2c ./src/freertos/src/list.o
 .ARM.attributes
                0x00000084       0x2c ./src/freertos/src/port.o
 .ARM.attributes
                0x000000b0       0x2c ./src/freertos/src/queue.o
 .ARM.attributes
                0x000000dc       0x2c ./src/freertos/src/tasks.o
 .ARM.attributes
                0x00000108       0x2c ./src/board/src/board.o
 .ARM.attributes
                0x00000134       0x2c ./src/clock_11xx.o
 .ARM.attributes
                0x00000160       0x2c ./src/cr_startup_lpc11xx.o
 .ARM.attributes
                0x0000018c       0x2c ./src/freertos_blinky.o
 .ARM.attributes
                0x000001b8       0x2c ./src/glcd.o
 .ARM.attributes
                0x000001e4       0x2c ./src/i2c_11xx.o
 .ARM.attributes
                0x00000210       0x2c ./src/iic.o
 .ARM.attributes
                0x0000023c       0x2c ./src/premain.o
 .ARM.attributes
                0x00000268       0x2c ./src/privgpio.o
 .ARM.attributes
                0x00000294       0x2c ./src/rtc.o
 .ARM.attributes
                0x000002c0       0x2c ./src/sysinit_Bb-LPC11U24custom.o
 .ARM.attributes
                0x000002ec       0x2c ./src/task_lcd.o
 .ARM.attributes
                0x00000318       0x2c ./src/task_led.o
 .ARM.attributes
                0x00000344       0x2c ../CMSISv2p00/Debug/libCMSISv2p00_LPC11Uxx.a(system_LPC11Uxx.o)
 .ARM.attributes
                0x00000370       0x1e C:/tools/MCUXpressoIDE_24.12.148/ide/plugins/com.nxp.mcuxpresso.tools.win32_24.12.0.202407110909/tools/bin/../lib/gcc/arm-none-eabi/13.2.1/thumb/v6-m/nofp\libgcc.a(_udivsi3.o)
 .ARM.attributes
                0x0000038e       0x1e C:/tools/MCUXpressoIDE_24.12.148/ide/plugins/com.nxp.mcuxpresso.tools.win32_24.12.0.202407110909/tools/bin/../lib/gcc/arm-none-eabi/13.2.1/thumb/v6-m/nofp\libgcc.a(_dvmd_tls.o)
 .ARM.attributes
                0x000003ac       0x2c C:/tools/MCUXpressoIDE_24.12.148/ide/plugins/com.nxp.mcuxpresso.tools.win32_24.12.0.202407110909/tools/bin/../lib/gcc/arm-none-eabi/13.2.1/thumb/v6-m/nofp\libc.a(libc_a-malloc.o)
 .ARM.attributes
                0x000003d8       0x2c C:/tools/MCUXpressoIDE_24.12.148/ide/plugins/com.nxp.mcuxpresso.tools.win32_24.12.0.202407110909/tools/bin/../lib/gcc/arm-none-eabi/13.2.1/thumb/v6-m/nofp\libc.a(libc_a-mallocr.o)
 .ARM.attributes
                0x00000404       0x2c C:/tools/MCUXpressoIDE_24.12.148/ide/plugins/com.nxp.mcuxpresso.tools.win32_24.12.0.202407110909/tools/bin/../lib/gcc/arm-none-eabi/13.2.1/thumb/v6-m/nofp\libc.a(libc_a-mlock.o)
 .ARM.attributes
                0x00000430       0x2c C:/tools/MCUXpressoIDE_24.12.148/ide/plugins/com.nxp.mcuxpresso.tools.win32_24.12.0.202407110909/tools/bin/../lib/gcc/arm-none-eabi/13.2.1/thumb/v6-m/nofp\libc.a(libc_a-memcmp.o)
 .ARM.attributes
                0x0000045c       0x2c C:/tools/MCUXpressoIDE_24.12.148/ide/plugins/com.nxp.mcuxpresso.tools.win32_24.12.0.202407110909/tools/bin/../lib/gcc/arm-none-eabi/13.2.1/thumb/v6-m/nofp\libc.a(libc_a-memset.o)
 .ARM.attributes
                0x00000488       0x2c C:/tools/MCUXpressoIDE_24.12.148/ide/plugins/com.nxp.mcuxpresso.tools.win32_24.12.0.202407110909/tools/bin/../lib/gcc/arm-none-eabi/13.2.1/thumb/v6-m/nofp\libc.a(libc_a-strncat.o)
 .ARM.attributes
                0x000004b4       0x2c C:/tools/MCUXpressoIDE_24.12.148/ide/plugins/com.nxp.mcuxpresso.tools.win32_24.12.0.202407110909/tools/bin/../lib/gcc/arm-none-eabi/13.2.1/thumb/v6-m/nofp\libc.a(libc_a-strncpy.o)
 .ARM.attributes
                0x000004e0       0x2c C:/tools/MCUXpressoIDE_24.12.148/ide/plugins/com.nxp.mcuxpresso.tools.win32_24.12.0.202407110909/tools/bin/../lib/gcc/arm-none-eabi/13.2.1/thumb/v6-m/nofp\libc.a(libc_a-impure.o)
 .ARM.attributes
                0x0000050c       0x2c C:/tools/MCUXpressoIDE_24.12.148/ide/plugins/com.nxp.mcuxpresso.tools.win32_24.12.0.202407110909/tools/bin/../lib/gcc/arm-none-eabi/13.2.1/thumb/v6-m/nofp\libc.a(libc_a-sbrkr.o)
 .ARM.attributes
                0x00000538       0x2c C:/tools/MCUXpressoIDE_24.12.148/ide/plugins/com.nxp.mcuxpresso.tools.win32_24.12.0.202407110909/tools/bin/../lib/gcc/arm-none-eabi/13.2.1/thumb/v6-m/nofp\libc.a(libc_a-lock.o)
 .ARM.attributes
                0x00000564       0x2c C:/tools/MCUXpressoIDE_24.12.148/ide/plugins/com.nxp.mcuxpresso.tools.win32_24.12.0.202407110909/tools/bin/../lib/gcc/arm-none-eabi/13.2.1/thumb/v6-m/nofp\libc.a(libc_a-sysconf.o)
 .ARM.attributes
                0x00000590       0x2c C:/tools/MCUXpressoIDE_24.12.148/ide/plugins/com.nxp.mcuxpresso.tools.win32_24.12.0.202407110909/tools/bin/../lib/gcc/arm-none-eabi/13.2.1/thumb/v6-m/nofp\libc.a(libc_a-strcpy.o)
 .ARM.attributes
                0x000005bc       0x2c C:/tools/MCUXpressoIDE_24.12.148/ide/plugins/com.nxp.mcuxpresso.tools.win32_24.12.0.202407110909/tools/bin/../lib/gcc/arm-none-eabi/13.2.1/thumb/v6-m/nofp\libc.a(libc_a-memcpy-stub.o)
 .ARM.attributes
                0x000005e8       0x2c C:/tools/MCUXpressoIDE_24.12.148/ide/plugins/com.nxp.mcuxpresso.tools.win32_24.12.0.202407110909/tools/bin/../lib/gcc/arm-none-eabi/13.2.1/thumb/v6-m/nofp\libc.a(libc_a-freer.o)
 .ARM.attributes
                0x00000614       0x2c C:/tools/MCUXpressoIDE_24.12.148/ide/plugins/com.nxp.mcuxpresso.tools.win32_24.12.0.202407110909/tools/bin/../lib/gcc/arm-none-eabi/13.2.1/thumb/v6-m/nofp\libc.a(libc_a-findfp.o)
 .ARM.attributes
                0x00000640       0x2c C:/tools/MCUXpressoIDE_24.12.148/ide/plugins/com.nxp.mcuxpresso.tools.win32_24.12.0.202407110909/tools/bin/../lib/gcc/arm-none-eabi/13.2.1/thumb/v6-m/nofp\libc.a(libc_a-reent.o)
 .ARM.attributes
                0x0000066c       0x2c C:/tools/MCUXpressoIDE_24.12.148/ide/plugins/com.nxp.mcuxpresso.tools.win32_24.12.0.202407110909/tools/bin/../lib/gcc/arm-none-eabi/13.2.1/thumb/v6-m/nofp\libc.a(libc_a-errno.o)
 .ARM.attributes
                0x00000698       0x2c C:/tools/MCUXpressoIDE_24.12.148/ide/plugins/com.nxp.mcuxpresso.tools.win32_24.12.0.202407110909/tools/bin/../lib/gcc/arm-none-eabi/13.2.1/../../../../arm-none-eabi/lib/thumb/v6-m/nofp\libcr_newlib_none.a(_cr_sbrk.o)
 .ARM.attributes
                0x000006c4       0x2c C:/tools/MCUXpressoIDE_24.12.148/ide/plugins/com.nxp.mcuxpresso.tools.win32_24.12.0.202407110909/tools/bin/../lib/gcc/arm-none-eabi/13.2.1/../../../../arm-none-eabi/lib/thumb/v6-m/nofp\libcr_newlib_none.a(_cr_check_heap.o)

.debug_frame    0x00000000     0x1e10
 .debug_frame   0x00000000       0xa4 ./src/freertos/src/FreeRTOSCommonHooks.o
 .debug_frame   0x000000a4       0x88 ./src/freertos/src/heap_1.o
 .debug_frame   0x0000012c       0xb0 ./src/freertos/src/list.o
 .debug_frame   0x000001dc      0x128 ./src/freertos/src/port.o
 .debug_frame   0x00000304      0x330 ./src/freertos/src/queue.o
 .debug_frame   0x00000634      0x500 ./src/freertos/src/tasks.o
 .debug_frame   0x00000b34      0x144 ./src/board/src/board.o
 .debug_frame   0x00000c78      0x220 ./src/clock_11xx.o
 .debug_frame   0x00000e98      0x118 ./src/cr_startup_lpc11xx.o
 .debug_frame   0x00000fb0       0x6c ./src/freertos_blinky.o
 .debug_frame   0x0000101c      0x184 ./src/glcd.o
 .debug_frame   0x000011a0      0x458 ./src/i2c_11xx.o
 .debug_frame   0x000015f8       0x8c ./src/iic.o
 .debug_frame   0x00001684       0x30 ./src/premain.o
 .debug_frame   0x000016b4       0x70 ./src/privgpio.o
 .debug_frame   0x00001724       0x94 ./src/rtc.o
 .debug_frame   0x000017b8       0xa8 ./src/sysinit_Bb-LPC11U24custom.o
 .debug_frame   0x00001860       0x54 ./src/task_lcd.o
 .debug_frame   0x000018b4       0x50 ./src/task_led.o
 .debug_frame   0x00001904       0x48 ../CMSISv2p00/Debug/libCMSISv2p00_LPC11Uxx.a(system_LPC11Uxx.o)
 .debug_frame   0x0000194c       0x20 C:/tools/MCUXpressoIDE_24.12.148/ide/plugins/com.nxp.mcuxpresso.tools.win32_24.12.0.202407110909/tools/bin/../lib/gcc/arm-none-eabi/13.2.1/thumb/v6-m/nofp\libgcc.a(_udivsi3.o)
 .debug_frame   0x0000196c       0x40 C:/tools/MCUXpressoIDE_24.12.148/ide/plugins/com.nxp.mcuxpresso.tools.win32_24.12.0.202407110909/tools/bin/../lib/gcc/arm-none-eabi/13.2.1/thumb/v6-m/nofp\libc.a(libc_a-malloc.o)
 .debug_frame   0x000019ac       0x3c C:/tools/MCUXpressoIDE_24.12.148/ide/plugins/com.nxp.mcuxpresso.tools.win32_24.12.0.202407110909/tools/bin/../lib/gcc/arm-none-eabi/13.2.1/thumb/v6-m/nofp\libc.a(libc_a-mallocr.o)
 .debug_frame   0x000019e8       0x40 C:/tools/MCUXpressoIDE_24.12.148/ide/plugins/com.nxp.mcuxpresso.tools.win32_24.12.0.202407110909/tools/bin/../lib/gcc/arm-none-eabi/13.2.1/thumb/v6-m/nofp\libc.a(libc_a-mlock.o)
 .debug_frame   0x00001a28       0x2c C:/tools/MCUXpressoIDE_24.12.148/ide/plugins/com.nxp.mcuxpresso.tools.win32_24.12.0.202407110909/tools/bin/../lib/gcc/arm-none-eabi/13.2.1/thumb/v6-m/nofp\libc.a(libc_a-memcmp.o)
 .debug_frame   0x00001a54       0x30 C:/tools/MCUXpressoIDE_24.12.148/ide/plugins/com.nxp.mcuxpresso.tools.win32_24.12.0.202407110909/tools/bin/../lib/gcc/arm-none-eabi/13.2.1/thumb/v6-m/nofp\libc.a(libc_a-memset.o)
 .debug_frame   0x00001a84       0x2c C:/tools/MCUXpressoIDE_24.12.148/ide/plugins/com.nxp.mcuxpresso.tools.win32_24.12.0.202407110909/tools/bin/../lib/gcc/arm-none-eabi/13.2.1/thumb/v6-m/nofp\libc.a(libc_a-strncat.o)
 .debug_frame   0x00001ab0       0x2c C:/tools/MCUXpressoIDE_24.12.148/ide/plugins/com.nxp.mcuxpresso.tools.win32_24.12.0.202407110909/tools/bin/../lib/gcc/arm-none-eabi/13.2.1/thumb/v6-m/nofp\libc.a(libc_a-strncpy.o)
 .debug_frame   0x00001adc       0x2c C:/tools/MCUXpressoIDE_24.12.148/ide/plugins/com.nxp.mcuxpresso.tools.win32_24.12.0.202407110909/tools/bin/../lib/gcc/arm-none-eabi/13.2.1/thumb/v6-m/nofp\libc.a(libc_a-sbrkr.o)
 .debug_frame   0x00001b08       0xb0 C:/tools/MCUXpressoIDE_24.12.148/ide/plugins/com.nxp.mcuxpresso.tools.win32_24.12.0.202407110909/tools/bin/../lib/gcc/arm-none-eabi/13.2.1/thumb/v6-m/nofp\libc.a(libc_a-lock.o)
 .debug_frame   0x00001bb8       0x28 C:/tools/MCUXpressoIDE_24.12.148/ide/plugins/com.nxp.mcuxpresso.tools.win32_24.12.0.202407110909/tools/bin/../lib/gcc/arm-none-eabi/13.2.1/thumb/v6-m/nofp\libc.a(libc_a-sysconf.o)
 .debug_frame   0x00001be0       0x20 C:/tools/MCUXpressoIDE_24.12.148/ide/plugins/com.nxp.mcuxpresso.tools.win32_24.12.0.202407110909/tools/bin/../lib/gcc/arm-none-eabi/13.2.1/thumb/v6-m/nofp\libc.a(libc_a-strcpy.o)
 .debug_frame   0x00001c00       0x30 C:/tools/MCUXpressoIDE_24.12.148/ide/plugins/com.nxp.mcuxpresso.tools.win32_24.12.0.202407110909/tools/bin/../lib/gcc/arm-none-eabi/13.2.1/thumb/v6-m/nofp\libc.a(libc_a-memcpy-stub.o)
 .debug_frame   0x00001c30       0x5c C:/tools/MCUXpressoIDE_24.12.148/ide/plugins/com.nxp.mcuxpresso.tools.win32_24.12.0.202407110909/tools/bin/../lib/gcc/arm-none-eabi/13.2.1/thumb/v6-m/nofp\libc.a(libc_a-freer.o)
 .debug_frame   0x00001c8c      0x138 C:/tools/MCUXpressoIDE_24.12.148/ide/plugins/com.nxp.mcuxpresso.tools.win32_24.12.0.202407110909/tools/bin/../lib/gcc/arm-none-eabi/13.2.1/thumb/v6-m/nofp\libc.a(libc_a-findfp.o)
 .debug_frame   0x00001dc4       0x2c C:/tools/MCUXpressoIDE_24.12.148/ide/plugins/com.nxp.mcuxpresso.tools.win32_24.12.0.202407110909/tools/bin/../lib/gcc/arm-none-eabi/13.2.1/thumb/v6-m/nofp\libc.a(libc_a-reent.o)
 .debug_frame   0x00001df0       0x20 C:/tools/MCUXpressoIDE_24.12.148/ide/plugins/com.nxp.mcuxpresso.tools.win32_24.12.0.202407110909/tools/bin/../lib/gcc/arm-none-eabi/13.2.1/thumb/v6-m/nofp\libc.a(libc_a-errno.o)

.debug_loc      0x00000000       0x80
 .debug_loc     0x00000000       0x80 ../CMSISv2p00/Debug/libCMSISv2p00_LPC11Uxx.a(system_LPC11Uxx.o)

.debug_line_str
                0x00000000       0xc9
 .debug_line_str
                0x00000000       0xc9 C:/tools/MCUXpressoIDE_24.12.148/ide/plugins/com.nxp.mcuxpresso.tools.win32_24.12.0.202407110909/tools/bin/../lib/gcc/arm-none-eabi/13.2.1/thumb/v6-m/nofp\libgcc.a(_udivsi3.o)
 .debug_line_str
                0x000000c9       0xc9 C:/tools/MCUXpressoIDE_24.12.148/ide/plugins/com.nxp.mcuxpresso.tools.win32_24.12.0.202407110909/tools/bin/../lib/gcc/arm-none-eabi/13.2.1/thumb/v6-m/nofp\libgcc.a(_dvmd_tls.o)

Cross Reference Table

Symbol                                            File
ADC_IRQHandler                                    ./src/cr_startup_lpc11xx.o
BOD_IRQHandler                                    ./src/cr_startup_lpc11xx.o
Bb_LPC11U24_SYSCONInit                            ./src/sysinit_Bb-LPC11U24custom.o
                                                  ./src/premain.o
Board_Debug_Init                                  ./src/board/src/board.o
Board_Init                                        ./src/board/src/board.o
                                                  ./src/freertos_blinky.o
Board_UARTGetChar                                 ./src/board/src/board.o
Board_UARTPutChar                                 ./src/board/src/board.o
Board_UARTPutSTR                                  ./src/board/src/board.o
Check_BlinkLED1                                   ./src/iic.o
                                                  ./src/rtc.o
Chip_Clock_GetMainClockRate                       ./src/clock_11xx.o
                                                  ./src/i2c_11xx.o
Chip_Clock_GetSystemClockRate                     ./src/clock_11xx.o
Chip_Clock_GetSystemPLLInClockRate                ./src/clock_11xx.o
Chip_Clock_GetSystemPLLOutClockRate               ./src/clock_11xx.o
Chip_Clock_GetUSBPLLInClockRate                   ./src/clock_11xx.o
Chip_Clock_GetUSBPLLOutClockRate                  ./src/clock_11xx.o
Chip_Clock_GetWDTOSCRate                          ./src/clock_11xx.o
Chip_Clock_SetCLKOUTSource                        ./src/clock_11xx.o
Chip_Clock_SetMainClockSource                     ./src/clock_11xx.o
Chip_Clock_SetPLLBypass                           ./src/clock_11xx.o
Chip_Clock_SetSystemPLLSource                     ./src/clock_11xx.o
Chip_Clock_SetUSBClockSource                      ./src/clock_11xx.o
Chip_Clock_SetUSBPLLSource                        ./src/clock_11xx.o
Chip_I2C_DeInit                                   ./src/i2c_11xx.o
Chip_I2C_Disable                                  ./src/i2c_11xx.o
Chip_I2C_EventHandler                             ./src/i2c_11xx.o
Chip_I2C_EventHandlerPolling                      ./src/i2c_11xx.o
                                                  ./src/iic.o
Chip_I2C_GetClockRate                             ./src/i2c_11xx.o
Chip_I2C_GetMasterEventHandler                    ./src/i2c_11xx.o
Chip_I2C_Init                                     ./src/i2c_11xx.o
                                                  ./src/iic.o
Chip_I2C_IsMasterActive                           ./src/i2c_11xx.o
Chip_I2C_IsStateChanged                           ./src/i2c_11xx.o
Chip_I2C_MasterCmdRead                            ./src/i2c_11xx.o
Chip_I2C_MasterRead                               ./src/i2c_11xx.o
                                                  ./src/rtc.o
Chip_I2C_MasterSend                               ./src/i2c_11xx.o
                                                  ./src/rtc.o
                                                  ./src/iic.o
Chip_I2C_MasterStateHandler                       ./src/i2c_11xx.o
Chip_I2C_MasterTransfer                           ./src/i2c_11xx.o
Chip_I2C_SetClockRate                             ./src/i2c_11xx.o
                                                  ./src/iic.o
Chip_I2C_SetMasterEventHandler                    ./src/i2c_11xx.o
                                                  ./src/iic.o
Chip_I2C_SlaveSetup                               ./src/i2c_11xx.o
Chip_I2C_SlaveStateHandler                        ./src/i2c_11xx.o
Chip_IOCON_PinMuxSet                              ./src/iocon_11xx.o
                                                  ./src/board/src/board.o
Chip_SYSCTL_PowerDown                             ./src/sysctl_11xx.o
Chip_SYSCTL_PowerUp                               ./src/sysctl_11xx.o
Chip_SYSCTL_SetDeepSleepPD                        ./src/sysctl_11xx.o
Chip_SYSCTL_SetWakeup                             ./src/sysctl_11xx.o
Chip_UART_Init                                    ./src/board/src/board.o
Chip_UART_Read                                    ./src/board/src/board.o
Chip_UART_SendBlocking                            ./src/board/src/board.o
Chip_UART_SetBaud                                 ./src/board/src/board.o
DelayGLCD                                         ./src/glcd.o
ExtRateIn                                         ./src/board/src/board.o
FLEX_INT0_IRQHandler                              ./src/cr_startup_lpc11xx.o
FLEX_INT1_IRQHandler                              ./src/cr_startup_lpc11xx.o
FLEX_INT2_IRQHandler                              ./src/cr_startup_lpc11xx.o
FLEX_INT3_IRQHandler                              ./src/cr_startup_lpc11xx.o
FLEX_INT4_IRQHandler                              ./src/cr_startup_lpc11xx.o
FLEX_INT5_IRQHandler                              ./src/cr_startup_lpc11xx.o
FLEX_INT6_IRQHandler                              ./src/cr_startup_lpc11xx.o
FLEX_INT7_IRQHandler                              ./src/cr_startup_lpc11xx.o
FMC_IRQHandler                                    ./src/cr_startup_lpc11xx.o
FreeRTOSDebugConfig                               ./src/freertos/src/tasks.o
FreeRTOSDelay                                     ./src/freertos/src/FreeRTOSCommonHooks.o
                                                  ./src/task_lcd.o
                                                  ./src/rtc.o
                                                  ./src/iic.o
                                                  ./src/glcd.o
GINT0_IRQHandler                                  ./src/cr_startup_lpc11xx.o
GINT1_IRQHandler                                  ./src/cr_startup_lpc11xx.o
GPIOGetPinValue                                   ./src/privgpio.o
GPIOSetDir                                        ./src/privgpio.o
                                                  ./src/premain.o
GetTimePCF8523                                    ./src/rtc.o
                                                  ./src/task_lcd.o
HardFault_Handler                                 ./src/cr_startup_lpc11xx.o
I2C_IRQHandler                                    ./src/cr_startup_lpc11xx.o
InitGLCD                                          ./src/glcd.o
                                                  ./src/task_lcd.o
InitGLCD2                                         ./src/glcd.o
                                                  ./src/task_lcd.o
InitIIC                                           ./src/iic.o
                                                  ./src/task_lcd.o
InitPCF8523                                       ./src/rtc.o
                                                  ./src/task_lcd.o
InitSSD1306                                       ./src/iic.o
Init_vLCDTask                                     ./src/task_lcd.o
                                                  ./src/freertos_blinky.o
Init_vLEDTask                                     ./src/task_led.o
                                                  ./src/freertos_blinky.o
InputData                                         ./src/glcd.o
IntDefaultHandler                                 ./src/cr_startup_lpc11xx.o
NMI_Handler                                       ./src/cr_startup_lpc11xx.o
OscRateIn                                         ./src/board/src/board.o
                                                  ./src/clock_11xx.o
OutputData                                        ./src/glcd.o
OutputData4                                       ./src/glcd.o
OutputData4sub                                    ./src/glcd.o
PendSV_Handler                                    ./src/freertos/src/port.o
ResetISR                                          ./src/cr_startup_lpc11xx.o
SSP0_IRQHandler                                   ./src/cr_startup_lpc11xx.o
SSP1_IRQHandler                                   ./src/cr_startup_lpc11xx.o
SVC_Handler                                       ./src/freertos/src/port.o
SYSCON_AssertPeriphReset                          ./src/sysinit_Bb-LPC11U24custom.o
SYSCON_DeassertPeriphReset                        ./src/sysinit_Bb-LPC11U24custom.o
SYSCON_PeriphReset                                ./src/sysinit_Bb-LPC11U24custom.o
SetTimePCF8523                                    ./src/rtc.o
                                                  ./src/task_lcd.o
SetToBufLCD                                       ./src/glcd.o
                                                  ./src/task_lcd.o
SysTick_Handler                                   ./src/freertos/src/port.o
SystemCoreClock                                   ../CMSISv2p00/Debug/libCMSISv2p00_LPC11Uxx.a(system_LPC11Uxx.o)
                                                  ./src/freertos/src/port.o
SystemCoreClockUpdate                             ../CMSISv2p00/Debug/libCMSISv2p00_LPC11Uxx.a(system_LPC11Uxx.o)
                                                  ./src/freertos_blinky.o
SystemInit                                        ../CMSISv2p00/Debug/libCMSISv2p00_LPC11Uxx.a(system_LPC11Uxx.o)
                                                  ./src/cr_startup_lpc11xx.o
SystemSetupMuxing                                 ./src/sysinit_Bb-LPC11U24custom.o
                                                  ./src/freertos_blinky.o
TIMER16_0_IRQHandler                              ./src/cr_startup_lpc11xx.o
TIMER16_1_IRQHandler                              ./src/cr_startup_lpc11xx.o
TIMER32_0_IRQHandler                              ./src/cr_startup_lpc11xx.o
TIMER32_1_IRQHandler                              ./src/cr_startup_lpc11xx.o
TimePCF8523                                       ./src/rtc.o
                                                  ./src/task_lcd.o
UART_IRQHandler                                   ./src/cr_startup_lpc11xx.o
USBWakeup_IRQHandler                              ./src/cr_startup_lpc11xx.o
USB_FIQHandler                                    ./src/cr_startup_lpc11xx.o
USB_IRQHandler                                    ./src/cr_startup_lpc11xx.o
WDT_IRQHandler                                    ./src/cr_startup_lpc11xx.o
_Balloc                                           C:/tools/MCUXpressoIDE_24.12.148/ide/plugins/com.nxp.mcuxpresso.tools.win32_24.12.0.202407110909/tools/bin/../lib/gcc/arm-none-eabi/13.2.1/thumb/v6-m/nofp\libc.a(libc_a-mprec.o)
                                                  C:/tools/MCUXpressoIDE_24.12.148/ide/plugins/com.nxp.mcuxpresso.tools.win32_24.12.0.202407110909/tools/bin/../lib/gcc/arm-none-eabi/13.2.1/thumb/v6-m/nofp\libc.a(libc_a-dtoa.o)
_Bfree                                            C:/tools/MCUXpressoIDE_24.12.148/ide/plugins/com.nxp.mcuxpresso.tools.win32_24.12.0.202407110909/tools/bin/../lib/gcc/arm-none-eabi/13.2.1/thumb/v6-m/nofp\libc.a(libc_a-mprec.o)
                                                  C:/tools/MCUXpressoIDE_24.12.148/ide/plugins/com.nxp.mcuxpresso.tools.win32_24.12.0.202407110909/tools/bin/../lib/gcc/arm-none-eabi/13.2.1/thumb/v6-m/nofp\libc.a(libc_a-dtoa.o)
_PathLocale                                       C:/tools/MCUXpressoIDE_24.12.148/ide/plugins/com.nxp.mcuxpresso.tools.win32_24.12.0.202407110909/tools/bin/../lib/gcc/arm-none-eabi/13.2.1/thumb/v6-m/nofp\libc.a(libc_a-locale.o)
__C_locale                                        C:/tools/MCUXpressoIDE_24.12.148/ide/plugins/com.nxp.mcuxpresso.tools.win32_24.12.0.202407110909/tools/bin/../lib/gcc/arm-none-eabi/13.2.1/thumb/v6-m/nofp\libc.a(libc_a-locale.o)
__aeabi_cdcmpeq                                   C:/tools/MCUXpressoIDE_24.12.148/ide/plugins/com.nxp.mcuxpresso.tools.win32_24.12.0.202407110909/tools/bin/../lib/gcc/arm-none-eabi/13.2.1/thumb/v6-m/nofp\libgcc.a(_arm_cmpdf2.o)
__aeabi_cdcmple                                   C:/tools/MCUXpressoIDE_24.12.148/ide/plugins/com.nxp.mcuxpresso.tools.win32_24.12.0.202407110909/tools/bin/../lib/gcc/arm-none-eabi/13.2.1/thumb/v6-m/nofp\libgcc.a(_arm_cmpdf2.o)
__aeabi_cdrcmple                                  C:/tools/MCUXpressoIDE_24.12.148/ide/plugins/com.nxp.mcuxpresso.tools.win32_24.12.0.202407110909/tools/bin/../lib/gcc/arm-none-eabi/13.2.1/thumb/v6-m/nofp\libgcc.a(_arm_cmpdf2.o)
__aeabi_d2iz                                      C:/tools/MCUXpressoIDE_24.12.148/ide/plugins/com.nxp.mcuxpresso.tools.win32_24.12.0.202407110909/tools/bin/../lib/gcc/arm-none-eabi/13.2.1/thumb/v6-m/nofp\libgcc.a(fixdfsi.o)
                                                  C:/tools/MCUXpressoIDE_24.12.148/ide/plugins/com.nxp.mcuxpresso.tools.win32_24.12.0.202407110909/tools/bin/../lib/gcc/arm-none-eabi/13.2.1/thumb/v6-m/nofp\libc.a(libc_a-dtoa.o)
                                                  C:/tools/MCUXpressoIDE_24.12.148/ide/plugins/com.nxp.mcuxpresso.tools.win32_24.12.0.202407110909/tools/bin/../lib/gcc/arm-none-eabi/13.2.1/thumb/v6-m/nofp\libc.a(libc_a-svfprintf.o)
__aeabi_dadd                                      C:/tools/MCUXpressoIDE_24.12.148/ide/plugins/com.nxp.mcuxpresso.tools.win32_24.12.0.202407110909/tools/bin/../lib/gcc/arm-none-eabi/13.2.1/thumb/v6-m/nofp\libgcc.a(adddf3.o)
                                                  C:/tools/MCUXpressoIDE_24.12.148/ide/plugins/com.nxp.mcuxpresso.tools.win32_24.12.0.202407110909/tools/bin/../lib/gcc/arm-none-eabi/13.2.1/thumb/v6-m/nofp\libc.a(libc_a-dtoa.o)
__aeabi_dcmpeq                                    C:/tools/MCUXpressoIDE_24.12.148/ide/plugins/com.nxp.mcuxpresso.tools.win32_24.12.0.202407110909/tools/bin/../lib/gcc/arm-none-eabi/13.2.1/thumb/v6-m/nofp\libgcc.a(_arm_cmpdf2.o)
                                                  C:/tools/MCUXpressoIDE_24.12.148/ide/plugins/com.nxp.mcuxpresso.tools.win32_24.12.0.202407110909/tools/bin/../lib/gcc/arm-none-eabi/13.2.1/thumb/v6-m/nofp\libc.a(libc_a-dtoa.o)
                                                  C:/tools/MCUXpressoIDE_24.12.148/ide/plugins/com.nxp.mcuxpresso.tools.win32_24.12.0.202407110909/tools/bin/../lib/gcc/arm-none-eabi/13.2.1/thumb/v6-m/nofp\libc.a(libc_a-svfprintf.o)
__aeabi_dcmpge                                    C:/tools/MCUXpressoIDE_24.12.148/ide/plugins/com.nxp.mcuxpresso.tools.win32_24.12.0.202407110909/tools/bin/../lib/gcc/arm-none-eabi/13.2.1/thumb/v6-m/nofp\libgcc.a(_arm_cmpdf2.o)
__aeabi_dcmpgt                                    C:/tools/MCUXpressoIDE_24.12.148/ide/plugins/com.nxp.mcuxpresso.tools.win32_24.12.0.202407110909/tools/bin/../lib/gcc/arm-none-eabi/13.2.1/thumb/v6-m/nofp\libgcc.a(_arm_cmpdf2.o)
                                                  C:/tools/MCUXpressoIDE_24.12.148/ide/plugins/com.nxp.mcuxpresso.tools.win32_24.12.0.202407110909/tools/bin/../lib/gcc/arm-none-eabi/13.2.1/thumb/v6-m/nofp\libc.a(libc_a-dtoa.o)
                                                  C:/tools/MCUXpressoIDE_24.12.148/ide/plugins/com.nxp.mcuxpresso.tools.win32_24.12.0.202407110909/tools/bin/../lib/gcc/arm-none-eabi/13.2.1/thumb/v6-m/nofp\libc.a(libc_a-svfprintf.o)
__aeabi_dcmple                                    C:/tools/MCUXpressoIDE_24.12.148/ide/plugins/com.nxp.mcuxpresso.tools.win32_24.12.0.202407110909/tools/bin/../lib/gcc/arm-none-eabi/13.2.1/thumb/v6-m/nofp\libgcc.a(_arm_cmpdf2.o)
                                                  C:/tools/MCUXpressoIDE_24.12.148/ide/plugins/com.nxp.mcuxpresso.tools.win32_24.12.0.202407110909/tools/bin/../lib/gcc/arm-none-eabi/13.2.1/thumb/v6-m/nofp\libc.a(libc_a-dtoa.o)
                                                  C:/tools/MCUXpressoIDE_24.12.148/ide/plugins/com.nxp.mcuxpresso.tools.win32_24.12.0.202407110909/tools/bin/../lib/gcc/arm-none-eabi/13.2.1/thumb/v6-m/nofp\libc.a(libc_a-svfprintf.o)
__aeabi_dcmplt                                    C:/tools/MCUXpressoIDE_24.12.148/ide/plugins/com.nxp.mcuxpresso.tools.win32_24.12.0.202407110909/tools/bin/../lib/gcc/arm-none-eabi/13.2.1/thumb/v6-m/nofp\libgcc.a(_arm_cmpdf2.o)
                                                  C:/tools/MCUXpressoIDE_24.12.148/ide/plugins/com.nxp.mcuxpresso.tools.win32_24.12.0.202407110909/tools/bin/../lib/gcc/arm-none-eabi/13.2.1/thumb/v6-m/nofp\libc.a(libc_a-dtoa.o)
                                                  C:/tools/MCUXpressoIDE_24.12.148/ide/plugins/com.nxp.mcuxpresso.tools.win32_24.12.0.202407110909/tools/bin/../lib/gcc/arm-none-eabi/13.2.1/thumb/v6-m/nofp\libc.a(libc_a-svfprintf.o)
__aeabi_dcmpun                                    C:/tools/MCUXpressoIDE_24.12.148/ide/plugins/com.nxp.mcuxpresso.tools.win32_24.12.0.202407110909/tools/bin/../lib/gcc/arm-none-eabi/13.2.1/thumb/v6-m/nofp\libgcc.a(unorddf2.o)
                                                  C:/tools/MCUXpressoIDE_24.12.148/ide/plugins/com.nxp.mcuxpresso.tools.win32_24.12.0.202407110909/tools/bin/../lib/gcc/arm-none-eabi/13.2.1/thumb/v6-m/nofp\libc.a(libc_a-svfprintf.o)
__aeabi_ddiv                                      C:/tools/MCUXpressoIDE_24.12.148/ide/plugins/com.nxp.mcuxpresso.tools.win32_24.12.0.202407110909/tools/bin/../lib/gcc/arm-none-eabi/13.2.1/thumb/v6-m/nofp\libgcc.a(divdf3.o)
                                                  C:/tools/MCUXpressoIDE_24.12.148/ide/plugins/com.nxp.mcuxpresso.tools.win32_24.12.0.202407110909/tools/bin/../lib/gcc/arm-none-eabi/13.2.1/thumb/v6-m/nofp\libc.a(libc_a-mprec.o)
                                                  C:/tools/MCUXpressoIDE_24.12.148/ide/plugins/com.nxp.mcuxpresso.tools.win32_24.12.0.202407110909/tools/bin/../lib/gcc/arm-none-eabi/13.2.1/thumb/v6-m/nofp\libc.a(libc_a-dtoa.o)
__aeabi_dmul                                      C:/tools/MCUXpressoIDE_24.12.148/ide/plugins/com.nxp.mcuxpresso.tools.win32_24.12.0.202407110909/tools/bin/../lib/gcc/arm-none-eabi/13.2.1/thumb/v6-m/nofp\libgcc.a(muldf3.o)
                                                  C:/tools/MCUXpressoIDE_24.12.148/ide/plugins/com.nxp.mcuxpresso.tools.win32_24.12.0.202407110909/tools/bin/../lib/gcc/arm-none-eabi/13.2.1/thumb/v6-m/nofp\libc.a(libc_a-mprec.o)
                                                  C:/tools/MCUXpressoIDE_24.12.148/ide/plugins/com.nxp.mcuxpresso.tools.win32_24.12.0.202407110909/tools/bin/../lib/gcc/arm-none-eabi/13.2.1/thumb/v6-m/nofp\libc.a(libc_a-dtoa.o)
                                                  C:/tools/MCUXpressoIDE_24.12.148/ide/plugins/com.nxp.mcuxpresso.tools.win32_24.12.0.202407110909/tools/bin/../lib/gcc/arm-none-eabi/13.2.1/thumb/v6-m/nofp\libc.a(libm_a-s_frexp.o)
                                                  C:/tools/MCUXpressoIDE_24.12.148/ide/plugins/com.nxp.mcuxpresso.tools.win32_24.12.0.202407110909/tools/bin/../lib/gcc/arm-none-eabi/13.2.1/thumb/v6-m/nofp\libc.a(libc_a-svfprintf.o)
__aeabi_dsub                                      C:/tools/MCUXpressoIDE_24.12.148/ide/plugins/com.nxp.mcuxpresso.tools.win32_24.12.0.202407110909/tools/bin/../lib/gcc/arm-none-eabi/13.2.1/thumb/v6-m/nofp\libgcc.a(subdf3.o)
                                                  C:/tools/MCUXpressoIDE_24.12.148/ide/plugins/com.nxp.mcuxpresso.tools.win32_24.12.0.202407110909/tools/bin/../lib/gcc/arm-none-eabi/13.2.1/thumb/v6-m/nofp\libc.a(libc_a-dtoa.o)
                                                  C:/tools/MCUXpressoIDE_24.12.148/ide/plugins/com.nxp.mcuxpresso.tools.win32_24.12.0.202407110909/tools/bin/../lib/gcc/arm-none-eabi/13.2.1/thumb/v6-m/nofp\libc.a(libc_a-svfprintf.o)
__aeabi_i2d                                       C:/tools/MCUXpressoIDE_24.12.148/ide/plugins/com.nxp.mcuxpresso.tools.win32_24.12.0.202407110909/tools/bin/../lib/gcc/arm-none-eabi/13.2.1/thumb/v6-m/nofp\libgcc.a(floatsidf.o)
                                                  C:/tools/MCUXpressoIDE_24.12.148/ide/plugins/com.nxp.mcuxpresso.tools.win32_24.12.0.202407110909/tools/bin/../lib/gcc/arm-none-eabi/13.2.1/thumb/v6-m/nofp\libc.a(libc_a-dtoa.o)
                                                  C:/tools/MCUXpressoIDE_24.12.148/ide/plugins/com.nxp.mcuxpresso.tools.win32_24.12.0.202407110909/tools/bin/../lib/gcc/arm-none-eabi/13.2.1/thumb/v6-m/nofp\libc.a(libc_a-svfprintf.o)
__aeabi_idiv                                      C:/tools/MCUXpressoIDE_24.12.148/ide/plugins/com.nxp.mcuxpresso.tools.win32_24.12.0.202407110909/tools/bin/../lib/gcc/arm-none-eabi/13.2.1/thumb/v6-m/nofp\libgcc.a(_divsi3.o)
                                                  C:/tools/MCUXpressoIDE_24.12.148/ide/plugins/com.nxp.mcuxpresso.tools.win32_24.12.0.202407110909/tools/bin/../lib/gcc/arm-none-eabi/13.2.1/thumb/v6-m/nofp\libc.a(libc_a-fvwrite.o)
                                                  C:/tools/MCUXpressoIDE_24.12.148/ide/plugins/com.nxp.mcuxpresso.tools.win32_24.12.0.202407110909/tools/bin/../lib/gcc/arm-none-eabi/13.2.1/thumb/v6-m/nofp\libc.a(libc_a-mprec.o)
                                                  C:/tools/MCUXpressoIDE_24.12.148/ide/plugins/com.nxp.mcuxpresso.tools.win32_24.12.0.202407110909/tools/bin/../lib/gcc/arm-none-eabi/13.2.1/thumb/v6-m/nofp\libc.a(libc_a-svfprintf.o)
                                                  ../CMSISv2p00/Debug/libCMSISv2p00_LPC11Uxx.a(system_LPC11Uxx.o)
__aeabi_idiv0                                     C:/tools/MCUXpressoIDE_24.12.148/ide/plugins/com.nxp.mcuxpresso.tools.win32_24.12.0.202407110909/tools/bin/../lib/gcc/arm-none-eabi/13.2.1/thumb/v6-m/nofp\libgcc.a(_dvmd_tls.o)
                                                  C:/tools/MCUXpressoIDE_24.12.148/ide/plugins/com.nxp.mcuxpresso.tools.win32_24.12.0.202407110909/tools/bin/../lib/gcc/arm-none-eabi/13.2.1/thumb/v6-m/nofp\libgcc.a(_divsi3.o)
                                                  C:/tools/MCUXpressoIDE_24.12.148/ide/plugins/com.nxp.mcuxpresso.tools.win32_24.12.0.202407110909/tools/bin/../lib/gcc/arm-none-eabi/13.2.1/thumb/v6-m/nofp\libgcc.a(_udivsi3.o)