../src/freertos/src/port.c:127:17:pxPortInitialiseStack	24	static
../src/freertos/src/port.c:143:6:SVC_Handler	0	static
../src/freertos/src/port.c:171:6:vPortStartFirstTask	0	static
../src/freertos/src/port.c:187:15:xPortStartScheduler	8	static
../src/freertos/src/port.c:210:6:vPortEndScheduler	8	static
../src/freertos/src/port.c:217:6:vPortYield	8	static
../src/freertos/src/port.c:229:6:vPortEnterCritical	8	static
../src/freertos/src/port.c:238:6:vPortExitCritical	8	static
../src/freertos/src/port.c:248:6:PendSV_Handler	0	static
../src/freertos/src/port.c:296:6:SysTick_Handler	16	static
../src/freertos/src/port.c:317:6:prvSetupTimerInterrupt	8	static
