../src/freertos/src/queue.c:236:15:xQueueGenericReset	24	static
../src/freertos/src/queue.c:282:14:xQueueGenericCreate	40	static
../src/freertos/src/queue.c:342:15:xQueueCreateMutex	24	static
../src/freertos/src/queue.c:437:16:xQueueGiveMutexRecursive	32	static
../src/freertos/src/queue.c:488:16:xQueueTakeMutexRecursive	32	static
../src/freertos/src/queue.c:530:15:xQueueCreateCountingSemaphore	24	static
../src/freertos/src/queue.c:554:22:xQueueGenericSend	40	static
../src/freertos/src/queue.c:920:22:xQueueGenericSendFromISR	40	static
../src/freertos/src/queue.c:1016:22:xQueueGenericReceive	48	static
../src/freertos/src/queue.c:1167:22:xQueueReceiveFromISR	40	static
../src/freertos/src/queue.c:1226:24:uxQueueMessagesWaiting	24	static
../src/freertos/src/queue.c:1240:24:uxQueueMessagesWaitingFromISR	24	static
../src/freertos/src/queue.c:1252:6:vQueueDelete	24	static
../src/freertos/src/queue.c:1272:16:ucQueueGetQueueNumber	16	static
../src/freertos/src/queue.c:1282:7:vQueueSetQueueNumber	16	static
../src/freertos/src/queue.c:1292:16:ucQueueGetQueueType	16	static
../src/freertos/src/queue.c:1300:13:prvCopyDataToQueue	24	static
../src/freertos/src/queue.c:1338:13:prvCopyDataFromQueue	16	static
../src/freertos/src/queue.c:1352:13:prvUnlockQueue	16	static
../src/freertos/src/queue.c:1451:29:prvIsQueueEmpty	24	static
../src/freertos/src/queue.c:1472:22:xQueueIsQueueEmptyFromISR	24	static
../src/freertos/src/queue.c:1490:29:prvIsQueueFull	24	static
../src/freertos/src/queue.c:1511:22:xQueueIsQueueFullFromISR	24	static
../src/freertos/src/queue.c:1758:7:vQueueAddToRegistry	24	static
../src/freertos/src/queue.c:1781:14:prvQueueUnregisterQueue	24	static
