../src/freertos/src/tasks.c:494:22:xTaskGenericCreate	56	static
../src/freertos/src/tasks.c:660:7:vTaskDelete	24	static
../src/freertos/src/tasks.c:721:7:vTaskDelayUntil	32	static
../src/freertos/src/tasks.c:793:7:vTaskDelay	24	static
../src/freertos/src/tasks.c:907:25:uxTaskPriorityGet	24	static
../src/freertos/src/tasks.c:929:7:vTaskPrioritySet	32	static
../src/freertos/src/tasks.c:1047:7:vTaskSuspend	24	static
../src/freertos/src/tasks.c:1114:23:xTaskIsTaskSuspended	24	static
../src/freertos/src/tasks.c:1148:7:vTaskResume	24	static
../src/freertos/src/tasks.c:1193:16:xTaskResumeFromISR	32	static
../src/freertos/src/tasks.c:1232:6:vTaskStartScheduler	32	static
../src/freertos/src/tasks.c:1301:6:vTaskEndScheduler	8	static
../src/freertos/src/tasks.c:1312:6:vTaskSuspendAll	8	static
../src/freertos/src/tasks.c:1348:22:xTaskResumeAll	24	static
../src/freertos/src/tasks.c:1425:14:xTaskGetTickCount	16	static
../src/freertos/src/tasks.c:1440:14:xTaskGetTickCountFromISR	16	static
../src/freertos/src/tasks.c:1453:24:uxTaskGetNumberOfTasks	8	static
../src/freertos/src/tasks.c:1478:7:vTaskList	24	static
../src/freertos/src/tasks.c:1642:6:vTaskIncrementTick	24	static
../src/freertos/src/tasks.c:1803:6:vTaskSwitchContext	16	static
../src/freertos/src/tasks.c:1843:6:vTaskPlaceOnEventList	24	static
../src/freertos/src/tasks.c:1936:22:xTaskRemoveFromEventList	24	static
../src/freertos/src/tasks.c:1987:6:vTaskSetTimeOutState	16	static
../src/freertos/src/tasks.c:1995:15:xTaskCheckForTimeOut	24	static
../src/freertos/src/tasks.c:2041:6:vTaskMissedYield	8	static
../src/freertos/src/tasks.c:2049:25:uxTaskGetTaskNumber	24	static
../src/freertos/src/tasks.c:2072:7:vTaskSetTaskNumber	24	static
../src/freertos/src/tasks.c:2096:8:prvIdleTask	16	static
../src/freertos/src/tasks.c:2225:13:prvInitialiseTCBVariables	24	static
../src/freertos/src/tasks.c:2312:13:prvInitialiseTaskLists	16	static
../src/freertos/src/tasks.c:2344:13:prvCheckTasksWaitingTermination	16	static
../src/freertos/src/tasks.c:2379:13:prvAddCurrentTaskToDelayedList	16	static
../src/freertos/src/tasks.c:2405:16:prvAllocateTCBAndStack	24	static
../src/freertos/src/tasks.c:2439:14:prvListTaskWithinSingleList	80	static
../src/freertos/src/tasks.c:2542:24:usTaskCheckFreeStackSpace	24	static
../src/freertos/src/tasks.c:2590:14:prvDeleteTCB	16	static
../src/freertos/src/tasks.c:2608:14:xTaskGetCurrentTaskHandle	16	static
../src/freertos/src/tasks.c:2653:7:vTaskPriorityInherit	24	static
../src/freertos/src/tasks.c:2695:7:vTaskPriorityDisinherit	24	static
../src/freertos/src/tasks.c:2761:17:freertos_tasks_c_additions_init	8	static
