../src/cr_startup_lpc11uxx.c:203:6:data_init	40	static
../src/cr_startup_lpc11uxx.c:212:6:bss_init	24	static
../src/cr_startup_lpc11uxx.c:238:1:ResetISR	32	static
../src/cr_startup_lpc11uxx.c:311:6:NMI_Handler	8	static
../src/cr_startup_lpc11uxx.c:318:6:HardFault_Handler	8	static
../src/cr_startup_lpc11uxx.c:325:6:SVC_Handler	8	static
../src/cr_startup_lpc11uxx.c:332:6:PendSV_Handler	8	static
../src/cr_startup_lpc11uxx.c:339:6:SysTick_Handler	8	static
../src/cr_startup_lpc11uxx.c:353:6:IntDefaultHandler	8	static
