../src/cr_startup_lpc11xx.c:567:6:data_init	40	static
../src/cr_startup_lpc11xx.c:576:6:bss_init	24	static
../src/cr_startup_lpc11xx.c:622:1:ResetISR	24	static
../src/cr_startup_lpc11xx.c:695:6:NMI_Handler	8	static
../src/cr_startup_lpc11xx.c:702:6:HardFault_Handler	8	static
../src/cr_startup_lpc11xx.c:709:6:SVC_Handler	8	static
../src/cr_startup_lpc11xx.c:716:6:PendSV_Handler	8	static
../src/cr_startup_lpc11xx.c:723:6:SysTick_Handler	8	static
../src/cr_startup_lpc11xx.c:737:6:IntDefaultHandler	8	static
