../lpc_chip_11uxx_lib/inc/core_cm0.h:500:22:NVIC_EnableIRQ	16	static
../lpc_chip_11uxx_lib/inc/core_cm0.h:552:22:NVIC_ClearPendingIRQ	16	static
../src/gpio.c:79:6:GPIOInit	8	static
../src/gpio.c:122:10:GPIOGetPinValue	24	static
../src/gpio.c:150:6:GPIOSetBitValue	24	static
../src/gpio.c:173:6:GPIOSetDir	24	static
../src/gpio.c:202:6:FLEX_INT0_IRQHandler	8	static
../src/gpio.c:239:6:FLEX_INT1_IRQHandler	8	static
../src/gpio.c:276:6:FLEX_INT2_IRQHandler	8	static
../src/gpio.c:313:6:FLEX_INT3_IRQHandler	8	static
../src/gpio.c:350:6:FLEX_INT4_IRQHandler	8	static
../src/gpio.c:387:6:FLEX_INT5_IRQHandler	8	static
../src/gpio.c:424:6:FLEX_INT6_IRQHandler	8	static
../src/gpio.c:461:6:FLEX_INT7_IRQHandler	8	static
../src/gpio.c:498:6:GINT0_IRQHandler	8	static
../src/gpio.c:526:6:GINT1_IRQHandler	8	static
../src/gpio.c:556:6:GPIOSetFlexInterrupt	24	static
../src/gpio.c:690:6:GPIOFlexIntEnable	16	static
../src/gpio.c:720:6:GPIOFlexIntDisable	16	static
../src/gpio.c:750:10:GPIOFlexIntStatus	16	static
../src/gpio.c:772:6:GPIOFlexIntClear	16	static
../src/gpio.c:794:6:GPIOSetGroupedInterrupt	24	static
