../lpc_chip_11uxx_lib/inc/uart_11xx.h:300:20:Chip_UART_TXEnable	16	static
../lpc_chip_11uxx_lib/inc/uart_11xx.h:404:20:Chip_UART_SetupFIFOS	16	static
../lpc_chip_11uxx_lib/inc/uart_11xx.h:419:20:Chip_UART_ConfigData	16	static
../src/board/inc/retarget.h:224:5:__write	24	static
../src/board/inc/retarget.h:240:5:__readc	8	static
../src/board/src/board.c:57:6:Board_UARTPutChar	16	static
../src/board/src/board.c:65:5:Board_UARTGetChar	16	static
../src/board/src/board.c:78:6:Board_UARTPutSTR	16	static
../src/board/src/board.c:88:6:Board_Debug_Init	8	static
../src/board/src/board.c:105:6:Board_Init	8	static
